Archive member included to satisfy reference by file (symbol)

/home/eduards/gnuarmemb/bin/../lib/gcc/arm-none-eabi/9.2.1/../../../../arm-none-eabi/lib/thumb/v7e-m/nofp/libc_nano.a(lib_a-ctype_.o)
                              _build/nrf52810_xxaa/nrf_log_str_formatter.c.o (_ctype_)
/home/eduards/gnuarmemb/bin/../lib/gcc/arm-none-eabi/9.2.1/../../../../arm-none-eabi/lib/thumb/v7e-m/nofp/libc_nano.a(lib_a-exit.o)
                              /home/eduards/gnuarmemb/bin/../lib/gcc/arm-none-eabi/9.2.1/../../../../arm-none-eabi/lib/thumb/v7e-m/nofp/crt0.o (exit)
/home/eduards/gnuarmemb/bin/../lib/gcc/arm-none-eabi/9.2.1/../../../../arm-none-eabi/lib/thumb/v7e-m/nofp/libc_nano.a(lib_a-impure.o)
                              /home/eduards/gnuarmemb/bin/../lib/gcc/arm-none-eabi/9.2.1/../../../../arm-none-eabi/lib/thumb/v7e-m/nofp/libc_nano.a(lib_a-exit.o) (_global_impure_ptr)
/home/eduards/gnuarmemb/bin/../lib/gcc/arm-none-eabi/9.2.1/../../../../arm-none-eabi/lib/thumb/v7e-m/nofp/libc_nano.a(lib_a-init.o)
                              /home/eduards/gnuarmemb/bin/../lib/gcc/arm-none-eabi/9.2.1/../../../../arm-none-eabi/lib/thumb/v7e-m/nofp/crt0.o (__libc_init_array)
/home/eduards/gnuarmemb/bin/../lib/gcc/arm-none-eabi/9.2.1/../../../../arm-none-eabi/lib/thumb/v7e-m/nofp/libc_nano.a(lib_a-memcmp.o)
                              _build/nrf52810_xxaa/ble_advdata.c.o (memcmp)
/home/eduards/gnuarmemb/bin/../lib/gcc/arm-none-eabi/9.2.1/../../../../arm-none-eabi/lib/thumb/v7e-m/nofp/libc_nano.a(lib_a-memcpy-stub.o)
                              _build/nrf52810_xxaa/nrf_log_frontend.c.o (memcpy)
/home/eduards/gnuarmemb/bin/../lib/gcc/arm-none-eabi/9.2.1/../../../../arm-none-eabi/lib/thumb/v7e-m/nofp/libc_nano.a(lib_a-memset.o)
                              /home/eduards/gnuarmemb/bin/../lib/gcc/arm-none-eabi/9.2.1/../../../../arm-none-eabi/lib/thumb/v7e-m/nofp/crt0.o (memset)
/home/eduards/gnuarmemb/bin/../lib/gcc/arm-none-eabi/9.2.1/../../../../arm-none-eabi/lib/thumb/v7e-m/nofp/libc_nano.a(lib_a-strcpy.o)
                              _build/nrf52810_xxaa/SEGGER_RTT.c.o (strcpy)
/home/eduards/gnuarmemb/bin/../lib/gcc/arm-none-eabi/9.2.1/../../../../arm-none-eabi/lib/thumb/v7e-m/nofp/libc_nano.a(lib_a-strlen.o)
                              _build/nrf52810_xxaa/nrf_log_frontend.c.o (strlen)
/home/eduards/gnuarmemb/bin/../lib/gcc/arm-none-eabi/9.2.1/../../../../arm-none-eabi/lib/thumb/v7e-m/nofp/libnosys.a(_exit.o)
                              /home/eduards/gnuarmemb/bin/../lib/gcc/arm-none-eabi/9.2.1/../../../../arm-none-eabi/lib/thumb/v7e-m/nofp/libc_nano.a(lib_a-exit.o) (_exit)
/home/eduards/gnuarmemb/bin/../lib/gcc/arm-none-eabi/9.2.1/thumb/v7e-m/nofp/libgcc.a(_aeabi_ldivmod.o)
                              _build/nrf52810_xxaa/bsp.c.o (__aeabi_ldivmod)
/home/eduards/gnuarmemb/bin/../lib/gcc/arm-none-eabi/9.2.1/thumb/v7e-m/nofp/libgcc.a(_aeabi_uldivmod.o)
                              _build/nrf52810_xxaa/bsp.c.o (__aeabi_uldivmod)
/home/eduards/gnuarmemb/bin/../lib/gcc/arm-none-eabi/9.2.1/thumb/v7e-m/nofp/libgcc.a(_udivmoddi4.o)
                              /home/eduards/gnuarmemb/bin/../lib/gcc/arm-none-eabi/9.2.1/thumb/v7e-m/nofp/libgcc.a(_aeabi_ldivmod.o) (__udivmoddi4)
/home/eduards/gnuarmemb/bin/../lib/gcc/arm-none-eabi/9.2.1/thumb/v7e-m/nofp/libgcc.a(_dvmd_tls.o)
                              /home/eduards/gnuarmemb/bin/../lib/gcc/arm-none-eabi/9.2.1/thumb/v7e-m/nofp/libgcc.a(_aeabi_ldivmod.o) (__aeabi_ldiv0)

Allocating common symbols
Common symbol       size              file

nrf_nvic_state      0xc               _build/nrf52810_xxaa/app_util_platform.c.o
_SEGGER_RTT         0x78              _build/nrf52810_xxaa/SEGGER_RTT.c.o

Discarded input sections

 .text          0x0000000000000000        0x0 /home/eduards/gnuarmemb/bin/../lib/gcc/arm-none-eabi/9.2.1/thumb/v7e-m/nofp/crti.o
 .data          0x0000000000000000        0x0 /home/eduards/gnuarmemb/bin/../lib/gcc/arm-none-eabi/9.2.1/thumb/v7e-m/nofp/crti.o
 .bss           0x0000000000000000        0x0 /home/eduards/gnuarmemb/bin/../lib/gcc/arm-none-eabi/9.2.1/thumb/v7e-m/nofp/crti.o
 .data          0x0000000000000000        0x4 /home/eduards/gnuarmemb/bin/../lib/gcc/arm-none-eabi/9.2.1/thumb/v7e-m/nofp/crtbegin.o
 .data          0x0000000000000000        0x0 /home/eduards/gnuarmemb/bin/../lib/gcc/arm-none-eabi/9.2.1/../../../../arm-none-eabi/lib/thumb/v7e-m/nofp/crt0.o
 .bss           0x0000000000000000        0x0 /home/eduards/gnuarmemb/bin/../lib/gcc/arm-none-eabi/9.2.1/../../../../arm-none-eabi/lib/thumb/v7e-m/nofp/crt0.o
 .ARM.extab     0x0000000000000000        0x0 /home/eduards/gnuarmemb/bin/../lib/gcc/arm-none-eabi/9.2.1/../../../../arm-none-eabi/lib/thumb/v7e-m/nofp/crt0.o
 .data          0x0000000000000000        0x0 _build/nrf52810_xxaa/gcc_startup_nrf52810.S.o
 .bss           0x0000000000000000        0x0 _build/nrf52810_xxaa/gcc_startup_nrf52810.S.o
 .group         0x0000000000000000        0xc _build/nrf52810_xxaa/nrf_log_backend_rtt.c.o
[...]
Memory Configuration

Name             Origin             Length             Attributes
FLASH            0x0000000000000000 0x0000000000017000 xr
RAM              0x0000000020001210 0x0000000000004df0 xrw
*default*        0x0000000000000000 0xffffffffffffffff

Linker script and memory map


.text           0x0000000000000000     0x452c
 *(.isr_vector)
 .isr_vector    0x0000000000000000      0x200 _build/nrf52810_xxaa/gcc_startup_nrf52810.S.o
                0x0000000000000000                __isr_vector
 *(.text*)
 .text          0x0000000000000200       0x40 /home/eduards/gnuarmemb/bin/../lib/gcc/arm-none-eabi/9.2.1/thumb/v7e-m/nofp/crtbegin.o
 .text          0x0000000000000240       0x74 /home/eduards/gnuarmemb/bin/../lib/gcc/arm-none-eabi/9.2.1/../../../../arm-none-eabi/lib/thumb/v7e-m/nofp/crt0.o
                0x0000000000000240                _mainCRTStartup
                0x0000000000000240                _start
 .text          0x00000000000002b4       0x3c _build/nrf52810_xxaa/gcc_startup_nrf52810.S.o
                0x00000000000002b4                Reset_Handler
                0x00000000000002dc                NMI_Handler
                0x00000000000002de                HardFault_Handler
                0x00000000000002e0                MemoryManagement_Handler
                0x00000000000002e2                BusFault_Handler
                0x00000000000002e4                UsageFault_Handler
                0x00000000000002e6                SVC_Handler
                0x00000000000002e8                DebugMon_Handler
                0x00000000000002ea                PendSV_Handler
                0x00000000000002ec                SysTick_Handler
                0x00000000000002ee                TIMER2_IRQHandler
                0x00000000000002ee                RTC0_IRQHandler
                0x00000000000002ee                RADIO_IRQHandler
                0x00000000000002ee                PDM_IRQHandler
                0x00000000000002ee                SWI4_IRQHandler
                0x00000000000002ee                TEMP_IRQHandler
                0x00000000000002ee                QDEC_IRQHandler
                0x00000000000002ee                SWI5_IRQHandler
                0x00000000000002ee                TIMER0_IRQHandler
                0x00000000000002ee                TIMER1_IRQHandler
                0x00000000000002ee                ECB_IRQHandler
                0x00000000000002ee                Default_Handler
                0x00000000000002ee                SWI3_IRQHandler
                0x00000000000002ee                SAADC_IRQHandler
                0x00000000000002ee                CCM_AAR_IRQHandler
                0x00000000000002ee                WDT_IRQHandler
                0x00000000000002ee                TWIM0_TWIS0_IRQHandler
                0x00000000000002ee                RNG_IRQHandler
                0x00000000000002ee                COMP_IRQHandler
                0x00000000000002ee                PWM0_IRQHandler
                0x00000000000002ee                SWI1_EGU1_IRQHandler
                0x00000000000002ee                SPIM0_SPIS0_IRQHandler
 .text.nrf_log_backend_serial_put
                0x00000000000002f0       0xc2 _build/nrf52810_xxaa/nrf_log_backend_serial.c.o
                0x00000000000002f0                nrf_log_backend_serial_put
 *fill*         0x00000000000003b2        0x2 
 .text.uart_evt_handler
                0x00000000000003b4        0xc _build/nrf52810_xxaa/nrf_log_backend_uart.c.o
 .text.nrf_log_backend_uart_flush
                0x00000000000003c0        0x2 _build/nrf52810_xxaa/nrf_log_backend_uart.c.o
 *fill*         0x00000000000003c2        0x2 
 .text.uart_init
                0x00000000000003c4       0x5c _build/nrf52810_xxaa/nrf_log_backend_uart.c.o
 .text.nrf_log_backend_uart_panic_set
                0x0000000000000420       0x18 _build/nrf52810_xxaa/nrf_log_backend_uart.c.o
 .text.nrf_log_backend_uart_put
                0x0000000000000438       0x1c _build/nrf52810_xxaa/nrf_log_backend_uart.c.o
 .text.serial_tx
                0x0000000000000454       0x30 _build/nrf52810_xxaa/nrf_log_backend_uart.c.o
 .text.nrf_log_backend_uart_init
                0x0000000000000484        0x6 _build/nrf52810_xxaa/nrf_log_backend_uart.c.o
                0x0000000000000484                nrf_log_backend_uart_init
 *fill*         0x000000000000048a        0x2 
 .text.nrf_log_default_backends_init
                0x000000000000048c       0x1c _build/nrf52810_xxaa/nrf_log_default_backends.c.o
                0x000000000000048c                nrf_log_default_backends_init
 .text.invalid_packets_pushed_str_omit
                0x00000000000004a8       0x50 _build/nrf52810_xxaa/nrf_log_frontend.c.o
 .text.buf_prealloc
                0x00000000000004f8      0x138 _build/nrf52810_xxaa/nrf_log_frontend.c.o
 .text.nrf_log_init
                0x0000000000000630       0x50 _build/nrf52810_xxaa/nrf_log_frontend.c.o
                0x0000000000000630                nrf_log_init
 .text.nrf_log_module_name_get
                0x0000000000000680       0x38 _build/nrf52810_xxaa/nrf_log_frontend.c.o
                0x0000000000000680                nrf_log_module_name_get
 .text.nrf_log_color_id_get
                0x00000000000006b8       0x2c _build/nrf52810_xxaa/nrf_log_frontend.c.o
                0x00000000000006b8                nrf_log_color_id_get
 .text.buffer_is_empty
                0x00000000000006e4       0x14 _build/nrf52810_xxaa/nrf_log_frontend.c.o
                0x00000000000006e4                buffer_is_empty
 .text.nrf_log_frontend_dequeue
                0x00000000000006f8      0x210 _build/nrf52810_xxaa/nrf_log_frontend.c.o
                0x00000000000006f8                nrf_log_frontend_dequeue
 .text.std_n    0x0000000000000908       0x98 _build/nrf52810_xxaa/nrf_log_frontend.c.o
 .text.nrf_log_frontend_std_0
                0x00000000000009a0        0x8 _build/nrf52810_xxaa/nrf_log_frontend.c.o
                0x00000000000009a0                nrf_log_frontend_std_0
 .text.nrf_log_frontend_std_1
                0x00000000000009a8       0x12 _build/nrf52810_xxaa/nrf_log_frontend.c.o
                0x00000000000009a8                nrf_log_frontend_std_1
 .text.nrf_log_frontend_std_2
                0x00000000000009ba       0x14 _build/nrf52810_xxaa/nrf_log_frontend.c.o
                0x00000000000009ba                nrf_log_frontend_std_2
 *fill*         0x00000000000009ce        0x2 
 .text.nrf_log_backend_add
                0x00000000000009d0       0x48 _build/nrf52810_xxaa/nrf_log_frontend.c.o
                0x00000000000009d0                nrf_log_backend_add
 .text.nrf_log_panic
                0x0000000000000a18       0x28 _build/nrf52810_xxaa/nrf_log_frontend.c.o
                0x0000000000000a18                nrf_log_panic
 .text.postfix_process
                0x0000000000000a40       0x3c _build/nrf52810_xxaa/nrf_log_str_formatter.c.o
 .text.prefix_process
                0x0000000000000a7c       0x78 _build/nrf52810_xxaa/nrf_log_str_formatter.c.o
 .text.nrf_log_std_entry_process
                0x0000000000000af4       0xc8 _build/nrf52810_xxaa/nrf_log_str_formatter.c.o
                0x0000000000000af4                nrf_log_std_entry_process
 .text.nrf_log_hexdump_entry_process
                0x0000000000000bbc       0xb4 _build/nrf52810_xxaa/nrf_log_str_formatter.c.o
                0x0000000000000bbc                nrf_log_hexdump_entry_process
 .text.detection_delay_timeout_handler
                0x0000000000000c70       0xf0 _build/nrf52810_xxaa/app_button.c.o
 .text.gpiote_event_handler
                0x0000000000000d60       0x90 _build/nrf52810_xxaa/app_button.c.o
 .text.app_button_init
                0x0000000000000df0       0xa8 _build/nrf52810_xxaa/app_button.c.o
                0x0000000000000df0                app_button_init
 .text.app_button_enable
                0x0000000000000e98       0x2c _build/nrf52810_xxaa/app_button.c.o
                0x0000000000000e98                app_button_enable
 .text.app_error_handler_bare
                0x0000000000000ec4       0x1a _build/nrf52810_xxaa/app_error.c.o
                0x0000000000000ec4                app_error_handler_bare
 *fill*         0x0000000000000ede        0x2 
 .text.app_error_fault_handler
                0x0000000000000ee0       0x6c _build/nrf52810_xxaa/app_error_weak.c.o
                0x0000000000000ee0                app_error_fault_handler
 .text.user_op_alloc
                0x0000000000000f4c       0x2c _build/nrf52810_xxaa/app_timer.c.o
 .text.timer_stop_op_schedule
                0x0000000000000f78       0x50 _build/nrf52810_xxaa/app_timer.c.o
 .text.nrfx_coredep_delay_us.part.0.constprop.0
                0x0000000000000fc8       0x10 _build/nrf52810_xxaa/app_timer.c.o
 .text.rtc1_stop
                0x0000000000000fd8       0x44 _build/nrf52810_xxaa/app_timer.c.o
 .text.RTC1_IRQHandler
                0x000000000000101c       0x9c _build/nrf52810_xxaa/app_timer.c.o
                0x000000000000101c                RTC1_IRQHandler
 .text.SWI0_EGU0_IRQHandler
                0x00000000000010b8      0x2bc _build/nrf52810_xxaa/app_timer.c.o
                0x00000000000010b8                SWI0_EGU0_IRQHandler
 .text.app_timer_init
                0x0000000000001374       0x60 _build/nrf52810_xxaa/app_timer.c.o
                0x0000000000001374                app_timer_init
 .text.app_timer_create
                0x00000000000013d4       0x24 _build/nrf52810_xxaa/app_timer.c.o
                0x00000000000013d4                app_timer_create
 .text.app_timer_start
                0x00000000000013f8       0x90 _build/nrf52810_xxaa/app_timer.c.o
                0x00000000000013f8                app_timer_start
 .text.app_timer_stop
                0x0000000000001488       0x20 _build/nrf52810_xxaa/app_timer.c.o
                0x0000000000001488                app_timer_stop
 .text.app_util_critical_region_enter
                0x00000000000014a8       0x48 _build/nrf52810_xxaa/app_util_platform.c.o
                0x00000000000014a8                app_util_critical_region_enter
 .text.app_util_critical_region_exit
                0x00000000000014f0       0x2c _build/nrf52810_xxaa/app_util_platform.c.o
                0x00000000000014f0                app_util_critical_region_exit
 .text.nrf_atomic_u32_fetch_store
                0x000000000000151c       0x16 _build/nrf52810_xxaa/nrf_atomic.c.o
                0x000000000000151c                nrf_atomic_u32_fetch_store
 .text.nrf_atomic_u32_or
                0x0000000000001532       0x18 _build/nrf52810_xxaa/nrf_atomic.c.o
                0x0000000000001532                nrf_atomic_u32_or
 .text.nrf_atomic_u32_fetch_and
                0x000000000000154a       0x18 _build/nrf52810_xxaa/nrf_atomic.c.o
                0x000000000000154a                nrf_atomic_u32_fetch_and
 .text.nrf_atomic_u32_add
                0x0000000000001562       0x18 _build/nrf52810_xxaa/nrf_atomic.c.o
                0x0000000000001562                nrf_atomic_u32_add
 .text.nrf_atomic_u32_sub
                0x000000000000157a       0x18 _build/nrf52810_xxaa/nrf_atomic.c.o
                0x000000000000157a                nrf_atomic_u32_sub
 .text.nrf_atomic_flag_set
                0x0000000000001592        0x6 _build/nrf52810_xxaa/nrf_atomic.c.o
                0x0000000000001592                nrf_atomic_flag_set
 .text.nrf_atomic_flag_clear_fetch
                0x0000000000001598        0x6 _build/nrf52810_xxaa/nrf_atomic.c.o
                0x0000000000001598                nrf_atomic_flag_clear_fetch
 .text.nrf_balloc_init
                0x000000000000159e       0x2e _build/nrf52810_xxaa/nrf_balloc.c.o
                0x000000000000159e                nrf_balloc_init
 .text.nrf_balloc_alloc
                0x00000000000015cc       0x4c _build/nrf52810_xxaa/nrf_balloc.c.o
                0x00000000000015cc                nrf_balloc_alloc
 .text.nrf_balloc_free
                0x0000000000001618       0x34 _build/nrf52810_xxaa/nrf_balloc.c.o
                0x0000000000001618                nrf_balloc_free
 .text.nrf_fprintf_buffer_flush
                0x000000000000164c       0x16 _build/nrf52810_xxaa/nrf_fprintf.c.o
                0x000000000000164c                nrf_fprintf_buffer_flush
 .text.nrf_fprintf
                0x0000000000001662       0x1c _build/nrf52810_xxaa/nrf_fprintf.c.o
                0x0000000000001662                nrf_fprintf
 .text.buffer_add
                0x000000000000167e       0x1e _build/nrf52810_xxaa/nrf_fprintf_format.c.o
 .text.unsigned_print
                0x000000000000169c       0xb4 _build/nrf52810_xxaa/nrf_fprintf_format.c.o
 .text.nrf_fprintf_fmt
                0x0000000000001750      0x29c _build/nrf52810_xxaa/nrf_fprintf_format.c.o
                0x0000000000001750                nrf_fprintf_fmt
 .text.nrf_memobj_pool_init
                0x00000000000019ec        0x4 _build/nrf52810_xxaa/nrf_memobj.c.o
                0x00000000000019ec                nrf_memobj_pool_init
 .text.nrf_memobj_free
                0x00000000000019f0       0x2c _build/nrf52810_xxaa/nrf_memobj.c.o
                0x00000000000019f0                nrf_memobj_free
 .text.nrf_memobj_alloc
                0x0000000000001a1c       0x5e _build/nrf52810_xxaa/nrf_memobj.c.o
                0x0000000000001a1c                nrf_memobj_alloc
 .text.nrf_memobj_get
                0x0000000000001a7a        0x8 _build/nrf52810_xxaa/nrf_memobj.c.o
                0x0000000000001a7a                nrf_memobj_get
 .text.nrf_memobj_put
                0x0000000000001a82       0x1e _build/nrf52810_xxaa/nrf_memobj.c.o
                0x0000000000001a82                nrf_memobj_put
 .text.nrf_memobj_write
                0x0000000000001aa0       0x52 _build/nrf52810_xxaa/nrf_memobj.c.o
                0x0000000000001aa0                nrf_memobj_write
 .text.nrf_memobj_read
                0x0000000000001af2       0x52 _build/nrf52810_xxaa/nrf_memobj.c.o
                0x0000000000001af2                nrf_memobj_read
 .text.sd_app_evt_wait
                0x0000000000001b44        0x4 _build/nrf52810_xxaa/nrf_pwr_mgmt.c.o
 .text.nrf_pwr_mgmt_init
                0x0000000000001b48       0x2c _build/nrf52810_xxaa/nrf_pwr_mgmt.c.o
                0x0000000000001b48                nrf_pwr_mgmt_init
 .text.nrf_pwr_mgmt_run
                0x0000000000001b74       0x18 _build/nrf52810_xxaa/nrf_pwr_mgmt.c.o
                0x0000000000001b74                nrf_pwr_mgmt_run
 .text.nrf_section_iter_init
                0x0000000000001b8c       0x12 _build/nrf52810_xxaa/nrf_section_iter.c.o
                0x0000000000001b8c                nrf_section_iter_init
 .text.nrf_section_iter_next
                0x0000000000001b9e       0x18 _build/nrf52810_xxaa/nrf_section_iter.c.o
                0x0000000000001b9e                nrf_section_iter_next
 *fill*         0x0000000000001bb6        0x2 
 .text.nrf_strerror_find
                0x0000000000001bb8       0x3c _build/nrf52810_xxaa/nrf_strerror.c.o
                0x0000000000001bb8                nrf_strerror_find
 .text.nrf_strerror_get
                0x0000000000001bf4       0x14 _build/nrf52810_xxaa/nrf_strerror.c.o
                0x0000000000001bf4                nrf_strerror_get
 .text.errata_12
                0x0000000000001c08       0x40 _build/nrf52810_xxaa/system_nrf52810.c.o
 .text.errata_16
                0x0000000000001c48       0x34 _build/nrf52810_xxaa/system_nrf52810.c.o
 .text.SystemInit
                0x0000000000001c7c      0x218 _build/nrf52810_xxaa/system_nrf52810.c.o
                0x0000000000001c7c                SystemInit
 .text.bsp_board_led_state_get
                0x0000000000001e94       0x1c _build/nrf52810_xxaa/boards.c.o
                0x0000000000001e94                bsp_board_led_state_get
 .text.bsp_board_led_on
                0x0000000000001eb0       0x18 _build/nrf52810_xxaa/boards.c.o
                0x0000000000001eb0                bsp_board_led_on
 .text.bsp_board_led_off
                0x0000000000001ec8       0x18 _build/nrf52810_xxaa/boards.c.o
                0x0000000000001ec8                bsp_board_led_off
 .text.bsp_board_leds_off
                0x0000000000001ee0       0x1e _build/nrf52810_xxaa/boards.c.o
                0x0000000000001ee0                bsp_board_leds_off
 .text.bsp_board_leds_on
                0x0000000000001efe       0x1e _build/nrf52810_xxaa/boards.c.o
                0x0000000000001efe                bsp_board_leds_on
 .text.bsp_board_led_invert
                0x0000000000001f1c       0x24 _build/nrf52810_xxaa/boards.c.o
                0x0000000000001f1c                bsp_board_led_invert
 .text.bsp_board_pin_to_button_idx
                0x0000000000001f40       0x24 _build/nrf52810_xxaa/boards.c.o
                0x0000000000001f40                bsp_board_pin_to_button_idx
 .text.bsp_board_init
                0x0000000000001f64       0x3e _build/nrf52810_xxaa/boards.c.o
                0x0000000000001f64                bsp_board_init
 *fill*         0x0000000000001fa2        0x2 
 .text.clock_clk_started_notify
                0x0000000000001fa4       0x24 _build/nrf52810_xxaa/nrf_drv_clock.c.o
 .text.clock_irq_handler
                0x0000000000001fc8       0x1c _build/nrf52810_xxaa/nrf_drv_clock.c.o
 .text.soc_evt_handler
                0x0000000000001fe4       0x14 _build/nrf52810_xxaa/nrf_drv_clock.c.o
 .text.nrf_drv_clock_init
                0x0000000000001ff8       0x38 _build/nrf52810_xxaa/nrf_drv_clock.c.o
                0x0000000000001ff8                nrf_drv_clock_init
 .text.nrf_drv_clock_lfclk_release
                0x0000000000002030       0x34 _build/nrf52810_xxaa/nrf_drv_clock.c.o
                0x0000000000002030                nrf_drv_clock_lfclk_release
 .text.sd_state_evt_handler
                0x0000000000002064       0x58 _build/nrf52810_xxaa/nrf_drv_clock.c.o
 .text.uarte_evt_handler
                0x00000000000020bc       0x34 _build/nrf52810_xxaa/nrf_drv_uart.c.o
 .text.nrf_drv_uart_init
                0x00000000000020f0       0x50 _build/nrf52810_xxaa/nrf_drv_uart.c.o
                0x00000000000020f0                nrf_drv_uart_init
 .text.nrf_clock_event_clear
                0x0000000000002140       0x14 _build/nrf52810_xxaa/nrfx_clock.c.o
 .text.nrfx_clock_init
                0x0000000000002154       0x18 _build/nrf52810_xxaa/nrfx_clock.c.o
                0x0000000000002154                nrfx_clock_init
 .text.nrfx_clock_enable
                0x000000000000216c       0x28 _build/nrf52810_xxaa/nrfx_clock.c.o
                0x000000000000216c                nrfx_clock_enable
 .text.nrfx_clock_lfclk_stop
                0x0000000000002194       0x18 _build/nrf52810_xxaa/nrfx_clock.c.o
                0x0000000000002194                nrfx_clock_lfclk_stop
 .text.POWER_CLOCK_IRQHandler
                0x00000000000021ac       0x58 _build/nrf52810_xxaa/nrfx_clock.c.o
                0x00000000000021ac                POWER_CLOCK_IRQHandler
 .text.nrf_gpiote_event_clear
                0x0000000000002204       0x18 _build/nrf52810_xxaa/nrfx_gpiote.c.o
 .text.nrf_gpio_cfg_sense_set
                0x000000000000221c       0x20 _build/nrf52810_xxaa/nrfx_gpiote.c.o
 .text.channel_free
                0x000000000000223c       0x1c _build/nrf52810_xxaa/nrfx_gpiote.c.o
 .text.nrfx_gpiote_init
                0x0000000000002258       0x74 _build/nrf52810_xxaa/nrfx_gpiote.c.o
                0x0000000000002258                nrfx_gpiote_init
 .text.nrfx_gpiote_is_init
                0x00000000000022cc       0x14 _build/nrf52810_xxaa/nrfx_gpiote.c.o
                0x00000000000022cc                nrfx_gpiote_is_init
 .text.nrfx_gpiote_in_init
                0x00000000000022e0       0xe8 _build/nrf52810_xxaa/nrfx_gpiote.c.o
                0x00000000000022e0                nrfx_gpiote_in_init
 .text.nrfx_gpiote_in_event_enable
                0x00000000000023c8       0x88 _build/nrf52810_xxaa/nrfx_gpiote.c.o
                0x00000000000023c8                nrfx_gpiote_in_event_enable
 .text.nrfx_gpiote_in_is_set
                0x0000000000002450       0x12 _build/nrf52810_xxaa/nrfx_gpiote.c.o
                0x0000000000002450                nrfx_gpiote_in_is_set
 *fill*         0x0000000000002462        0x2 
 .text.GPIOTE_IRQHandler
                0x0000000000002464      0x184 _build/nrf52810_xxaa/nrfx_gpiote.c.o
                0x0000000000002464                GPIOTE_IRQHandler
 .text.nrfx_prs_acquire
                0x00000000000025e8        0x4 _build/nrf52810_xxaa/nrfx_prs.c.o
                0x00000000000025e8                nrfx_prs_acquire
 .text.nrfx_prs_release
                0x00000000000025ec        0x2 _build/nrf52810_xxaa/nrfx_prs.c.o
                0x00000000000025ec                nrfx_prs_release
 .text.nrf_uarte_event_clear
                0x00000000000025ee       0x10 _build/nrf52810_xxaa/nrfx_uarte.c.o
 *fill*         0x00000000000025fe        0x2 
 .text.rx_done_event.constprop.0
                0x0000000000002600       0x24 _build/nrf52810_xxaa/nrfx_uarte.c.o
 .text.UARTE0_IRQHandler
                0x0000000000002624       0xe8 _build/nrf52810_xxaa/nrfx_uarte.c.o
                0x0000000000002624                UARTE0_IRQHandler
 .text.nrfx_uarte_init
                0x000000000000270c      0x19c _build/nrf52810_xxaa/nrfx_uarte.c.o
                0x000000000000270c                nrfx_uarte_init
 .text.nrfx_uarte_uninit
                0x00000000000028a8       0xd0 _build/nrf52810_xxaa/nrfx_uarte.c.o
                0x00000000000028a8                nrfx_uarte_uninit
 .text.nrfx_uarte_tx
                0x0000000000002978       0x88 _build/nrf52810_xxaa/nrfx_uarte.c.o
                0x0000000000002978                nrfx_uarte_tx
 .text.alert_timer_handler
                0x0000000000002a00        0x6 _build/nrf52810_xxaa/bsp.c.o
 *fill*         0x0000000000002a06        0x2 
 .text.bsp_button_event_handler
                0x0000000000002a08       0x9c _build/nrf52810_xxaa/bsp.c.o
 .text.button_timer_handler
                0x0000000000002aa4        0x8 _build/nrf52810_xxaa/bsp.c.o
 .text.leds_off
                0x0000000000002aac       0x2c _build/nrf52810_xxaa/bsp.c.o
 .text.bsp_led_indication
                0x0000000000002ad8      0x1fc _build/nrf52810_xxaa/bsp.c.o
 .text.leds_timer_handler
                0x0000000000002cd4       0x1c _build/nrf52810_xxaa/bsp.c.o
 .text.bsp_indication_set
                0x0000000000002cf0       0x18 _build/nrf52810_xxaa/bsp.c.o
                0x0000000000002cf0                bsp_indication_set
 .text.bsp_init
                0x0000000000002d08       0x9c _build/nrf52810_xxaa/bsp.c.o
                0x0000000000002d08                bsp_init
 .text.sd_ble_gap_adv_set_configure
                0x0000000000002da4        0x4 _build/nrf52810_xxaa/main.c.o
 .text.sd_ble_gap_adv_start
                0x0000000000002da8        0x4 _build/nrf52810_xxaa/main.c.o
 .text.startup.main
                0x0000000000002dac      0x11c _build/nrf52810_xxaa/main.c.o
                0x0000000000002dac                main
 .text.sd_ble_gap_addr_get
                0x0000000000002ec8        0x4 _build/nrf52810_xxaa/ble_advdata.c.o
 .text.sd_ble_gap_appearance_get
                0x0000000000002ecc        0x4 _build/nrf52810_xxaa/ble_advdata.c.o
 .text.sd_ble_gap_device_name_get
                0x0000000000002ed0        0x4 _build/nrf52810_xxaa/ble_advdata.c.o
 .text.sd_ble_uuid_encode
                0x0000000000002ed4        0x4 _build/nrf52810_xxaa/ble_advdata.c.o
 .text.uuid_list_sized_encode
                0x0000000000002ed8       0xac _build/nrf52810_xxaa/ble_advdata.c.o
 .text.uuid_list_encode
                0x0000000000002f84       0x38 _build/nrf52810_xxaa/ble_advdata.c.o
 .text.ble_advdata_encode
                0x0000000000002fbc      0x380 _build/nrf52810_xxaa/ble_advdata.c.o
                0x0000000000002fbc                ble_advdata_encode
 .text.sd_softdevice_enable
                0x000000000000333c        0x4 _build/nrf52810_xxaa/nrf_sdh.c.o
 .text.sdh_request_observer_notify
                0x0000000000003340       0x30 _build/nrf52810_xxaa/nrf_sdh.c.o
 .text.sdh_state_observer_notify
                0x0000000000003370       0x28 _build/nrf52810_xxaa/nrf_sdh.c.o
 .text.softdevices_evt_irq_enable
                0x0000000000003398       0x3c _build/nrf52810_xxaa/nrf_sdh.c.o
 .text.nrf_sdh_enable_request
                0x00000000000033d4       0x8c _build/nrf52810_xxaa/nrf_sdh.c.o
                0x00000000000033d4                nrf_sdh_enable_request
 .text.nrf_sdh_is_enabled
                0x0000000000003460        0xc _build/nrf52810_xxaa/nrf_sdh.c.o
                0x0000000000003460                nrf_sdh_is_enabled
 .text.nrf_sdh_evts_poll
                0x000000000000346c       0x28 _build/nrf52810_xxaa/nrf_sdh.c.o
                0x000000000000346c                nrf_sdh_evts_poll
 .text.SWI2_IRQHandler
                0x0000000000003494        0x4 _build/nrf52810_xxaa/nrf_sdh.c.o
                0x0000000000003494                SWI2_IRQHandler
 .text.sd_ble_enable
                0x0000000000003498        0x4 _build/nrf52810_xxaa/nrf_sdh_ble.c.o
 .text.sd_ble_cfg_set
                0x000000000000349c        0x4 _build/nrf52810_xxaa/nrf_sdh_ble.c.o
 .text.sd_ble_evt_get
                0x00000000000034a0        0x4 _build/nrf52810_xxaa/nrf_sdh_ble.c.o
 .text.nrf_sdh_ble_evts_poll
                0x00000000000034a4       0x50 _build/nrf52810_xxaa/nrf_sdh_ble.c.o
 .text.nrf_sdh_ble_default_cfg_set
                0x00000000000034f4      0x14c _build/nrf52810_xxaa/nrf_sdh_ble.c.o
                0x00000000000034f4                nrf_sdh_ble_default_cfg_set
 .text.nrf_sdh_ble_enable
                0x0000000000003640       0x94 _build/nrf52810_xxaa/nrf_sdh_ble.c.o
                0x0000000000003640                nrf_sdh_ble_enable
 .text.sd_evt_get
                0x00000000000036d4        0x4 _build/nrf52810_xxaa/nrf_sdh_soc.c.o
 .text.nrf_sdh_soc_evts_poll
                0x00000000000036d8       0x3c _build/nrf52810_xxaa/nrf_sdh_soc.c.o
 .text.exit     0x0000000000003714       0x28 /home/eduards/gnuarmemb/bin/../lib/gcc/arm-none-eabi/9.2.1/../../../../arm-none-eabi/lib/thumb/v7e-m/nofp/libc_nano.a(lib_a-exit.o)
                0x0000000000003714                exit
 .text.__libc_init_array
                0x000000000000373c       0x48 /home/eduards/gnuarmemb/bin/../lib/gcc/arm-none-eabi/9.2.1/../../../../arm-none-eabi/lib/thumb/v7e-m/nofp/libc_nano.a(lib_a-init.o)
                0x000000000000373c                __libc_init_array
 .text.memcpy   0x0000000000003784       0x1c /home/eduards/gnuarmemb/bin/../lib/gcc/arm-none-eabi/9.2.1/../../../../arm-none-eabi/lib/thumb/v7e-m/nofp/libc_nano.a(lib_a-memcpy-stub.o)
                0x0000000000003784                memcpy
 .text.memset   0x00000000000037a0       0x10 /home/eduards/gnuarmemb/bin/../lib/gcc/arm-none-eabi/9.2.1/../../../../arm-none-eabi/lib/thumb/v7e-m/nofp/libc_nano.a(lib_a-memset.o)
                0x00000000000037a0                memset
 .text          0x00000000000037b0       0x10 /home/eduards/gnuarmemb/bin/../lib/gcc/arm-none-eabi/9.2.1/../../../../arm-none-eabi/lib/thumb/v7e-m/nofp/libc_nano.a(lib_a-strlen.o)
                0x00000000000037b0                strlen
 .text._exit    0x00000000000037c0        0x4 /home/eduards/gnuarmemb/bin/../lib/gcc/arm-none-eabi/9.2.1/../../../../arm-none-eabi/lib/thumb/v7e-m/nofp/libnosys.a(_exit.o)
                0x00000000000037c0                _exit
 .text          0x00000000000037c4       0x30 /home/eduards/gnuarmemb/bin/../lib/gcc/arm-none-eabi/9.2.1/thumb/v7e-m/nofp/libgcc.a(_aeabi_uldivmod.o)
                0x00000000000037c4                __aeabi_uldivmod
 .text          0x00000000000037f4      0x2c0 /home/eduards/gnuarmemb/bin/../lib/gcc/arm-none-eabi/9.2.1/thumb/v7e-m/nofp/libgcc.a(_udivmoddi4.o)
                0x00000000000037f4                __udivmoddi4
 .text          0x0000000000003ab4        0x4 /home/eduards/gnuarmemb/bin/../lib/gcc/arm-none-eabi/9.2.1/thumb/v7e-m/nofp/libgcc.a(_dvmd_tls.o)
                0x0000000000003ab4                __aeabi_ldiv0
                0x0000000000003ab4                __aeabi_idiv0
 *(.init)
 .init          0x0000000000003ab8        0x4 /home/eduards/gnuarmemb/bin/../lib/gcc/arm-none-eabi/9.2.1/thumb/v7e-m/nofp/crti.o
                0x0000000000003ab8                _init
 .init          0x0000000000003abc        0x8 /home/eduards/gnuarmemb/bin/../lib/gcc/arm-none-eabi/9.2.1/thumb/v7e-m/nofp/crtn.o
 *(.fini)
 .fini          0x0000000000003ac4        0x4 /home/eduards/gnuarmemb/bin/../lib/gcc/arm-none-eabi/9.2.1/thumb/v7e-m/nofp/crti.o
                0x0000000000003ac4                _fini
 .fini          0x0000000000003ac8        0x8 /home/eduards/gnuarmemb/bin/../lib/gcc/arm-none-eabi/9.2.1/thumb/v7e-m/nofp/crtn.o
 *crtbegin.o(.ctors)
 *crtbegin?.o(.ctors)
 *(EXCLUDE_FILE(*crtend.o *crtend?.o) .ctors)
 *(SORT_BY_NAME(.ctors.*))
 *(.ctors)
 *crtbegin.o(.dtors)
 *crtbegin?.o(.dtors)
 *(EXCLUDE_FILE(*crtend.o *crtend?.o) .dtors)
 *(SORT_BY_NAME(.dtors.*))
 *(.dtors)
 *(.rodata*)
 .rodata        0x0000000000003ad0       0x20 _build/nrf52810_xxaa/nrf_log_backend_uart.c.o
 .rodata.nrf_log_backend_uart_api
                0x0000000000003af0        0xc _build/nrf52810_xxaa/nrf_log_backend_uart.c.o
                0x0000000000003af0                nrf_log_backend_uart_api
 .rodata.nrf_log_frontend_dequeue.str1.1
                0x0000000000003afc       0x11 _build/nrf52810_xxaa/nrf_log_frontend.c.o
 .rodata.str1.1
                0x0000000000003b0d       0x17 _build/nrf52810_xxaa/nrf_log_frontend.c.o
 .rodata.postfix_process.str1.1
                0x0000000000003b24        0x8 _build/nrf52810_xxaa/nrf_log_str_formatter.c.o
                                          0xb (size before relaxing)
 .rodata.prefix_process.str1.1
                0x0000000000003b2c       0x2a _build/nrf52810_xxaa/nrf_log_str_formatter.c.o
 .rodata.nrf_log_hexdump_entry_process.str1.1
                0x0000000000003b56        0xf _build/nrf52810_xxaa/nrf_log_str_formatter.c.o
                                         0x11 (size before relaxing)
 .rodata.str1.1
                0x0000000000003b65       0x4b _build/nrf52810_xxaa/nrf_log_str_formatter.c.o
                                         0x51 (size before relaxing)
 .rodata.m_colors
                0x0000000000003bb0       0x24 _build/nrf52810_xxaa/nrf_log_str_formatter.c.o
 .rodata.severity_names
                0x0000000000003bd4       0x14 _build/nrf52810_xxaa/nrf_log_str_formatter.c.o
 .rodata.m_detection_delay_timer_id
                0x0000000000003be8        0x4 _build/nrf52810_xxaa/app_button.c.o
 .rodata.app_error_fault_handler.str1.1
                0x0000000000003bec       0x19 _build/nrf52810_xxaa/app_error_weak.c.o
 *fill*         0x0000000000003c05        0x1 
 .rodata.delay_bytecode.7106
                0x0000000000003c06        0x6 _build/nrf52810_xxaa/app_timer.c.o
 .rodata._aV2C.5808
                0x0000000000003c0c       0x10 _build/nrf52810_xxaa/nrf_fprintf_format.c.o
 .rodata.str1.1
                0x0000000000003c1c        0x9 _build/nrf52810_xxaa/nrf_pwr_mgmt.c.o
 *fill*         0x0000000000003c25        0x3 
 .rodata.pwr_mgmt_data
                0x0000000000003c28        0xc _build/nrf52810_xxaa/nrf_pwr_mgmt.c.o
 .rodata.str1.1
                0x0000000000003c34      0x3ba _build/nrf52810_xxaa/nrf_strerror.c.o
 .rodata.m_unknown_str
                0x0000000000003fee       0x13 _build/nrf52810_xxaa/nrf_strerror.c.o
 *fill*         0x0000000000004001        0x3 
 .rodata.nrf_strerror_array
                0x0000000000004004      0x128 _build/nrf52810_xxaa/nrf_strerror.c.o
 .rodata.m_board_led_list
                0x000000000000412c        0x4 _build/nrf52810_xxaa/boards.c.o
 .rodata.str1.1
                0x0000000000004130        0x6 _build/nrf52810_xxaa/nrf_drv_clock.c.o
 .rodata.str1.1
                0x0000000000004136        0x6 _build/nrf52810_xxaa/nrfx_clock.c.o
 .rodata.str1.1
                0x000000000000413c        0x7 _build/nrf52810_xxaa/nrfx_gpiote.c.o
 .rodata.str1.1
                0x0000000000004143        0x4 _build/nrf52810_xxaa/nrfx_prs.c.o
 .rodata.str1.1
                0x0000000000004147        0x6 _build/nrf52810_xxaa/nrfx_uarte.c.o
 *fill*         0x000000000000414d        0x3 
 .rodata.app_buttons
                0x0000000000004150       0x20 _build/nrf52810_xxaa/bsp.c.o
 .rodata.m_bsp_alert_tmr
                0x0000000000004170        0x4 _build/nrf52810_xxaa/bsp.c.o
 .rodata.m_bsp_button_tmr
                0x0000000000004174        0x4 _build/nrf52810_xxaa/bsp.c.o
 .rodata.m_bsp_leds_tmr
                0x0000000000004178        0x4 _build/nrf52810_xxaa/bsp.c.o
 .rodata.main.str1.1
                0x000000000000417c       0x18 _build/nrf52810_xxaa/main.c.o
 .rodata.str1.1
                0x0000000000004194        0x8 _build/nrf52810_xxaa/nrf_sdh.c.o
 .rodata        0x000000000000419c        0x4 _build/nrf52810_xxaa/nrf_sdh.c.o
 .rodata.sdh_req_observers
                0x00000000000041a0        0xc _build/nrf52810_xxaa/nrf_sdh.c.o
 .rodata.sdh_stack_observers
                0x00000000000041ac        0xc _build/nrf52810_xxaa/nrf_sdh.c.o
 .rodata.sdh_state_observers
                0x00000000000041b8        0xc _build/nrf52810_xxaa/nrf_sdh.c.o
 .rodata.nrf_sdh_ble_default_cfg_set.str1.1
                0x00000000000041c4      0x182 _build/nrf52810_xxaa/nrf_sdh_ble.c.o
 .rodata.nrf_sdh_ble_enable.str1.1
                0x0000000000004346       0xa7 _build/nrf52810_xxaa/nrf_sdh_ble.c.o
 .rodata.str1.1
                0x00000000000043ed        0xc _build/nrf52810_xxaa/nrf_sdh_ble.c.o
 *fill*         0x00000000000043f9        0x3 
 .rodata.sdh_ble_observers
                0x00000000000043fc        0xc _build/nrf52810_xxaa/nrf_sdh_ble.c.o
 .rodata.str1.1
                0x0000000000004408        0xc _build/nrf52810_xxaa/nrf_sdh_soc.c.o
 .rodata.sdh_soc_observers
                0x0000000000004414        0xc _build/nrf52810_xxaa/nrf_sdh_soc.c.o
 .rodata._ctype_
                0x0000000000004420      0x101 /home/eduards/gnuarmemb/bin/../lib/gcc/arm-none-eabi/9.2.1/../../../../arm-none-eabi/lib/thumb/v7e-m/nofp/libc_nano.a(lib_a-ctype_.o)
                0x0000000000004420                _ctype_
 *fill*         0x0000000000004521        0x3 
 .rodata._global_impure_ptr
                0x0000000000004524        0x4 /home/eduards/gnuarmemb/bin/../lib/gcc/arm-none-eabi/9.2.1/../../../../arm-none-eabi/lib/thumb/v7e-m/nofp/libc_nano.a(lib_a-impure.o)
                0x0000000000004524                _global_impure_ptr
 *(.eh_frame*)
 .eh_frame      0x0000000000004528        0x0 /home/eduards/gnuarmemb/bin/../lib/gcc/arm-none-eabi/9.2.1/thumb/v7e-m/nofp/crtbegin.o
 .eh_frame      0x0000000000004528        0x4 /home/eduards/gnuarmemb/bin/../lib/gcc/arm-none-eabi/9.2.1/thumb/v7e-m/nofp/crtend.o

.glue_7         0x000000000000452c        0x0
 .glue_7        0x000000000000452c        0x0 linker stubs

.glue_7t        0x000000000000452c        0x0
 .glue_7t       0x000000000000452c        0x0 linker stubs

.vfp11_veneer   0x000000000000452c        0x0
 .vfp11_veneer  0x000000000000452c        0x0 linker stubs

.v4_bx          0x000000000000452c        0x0
 .v4_bx         0x000000000000452c        0x0 linker stubs

.iplt           0x000000000000452c        0x0
 .iplt          0x000000000000452c        0x0 /home/eduards/gnuarmemb/bin/../lib/gcc/arm-none-eabi/9.2.1/thumb/v7e-m/nofp/crtbegin.o

.mem_section_dummy_rom

.sdh_soc_observers
                0x000000000000452c        0x8
                0x000000000000452c                PROVIDE (__start_sdh_soc_observers = .)
 *(SORT_BY_NAME(.sdh_soc_observers*))
 .sdh_soc_observers0
                0x000000000000452c        0x8 _build/nrf52810_xxaa/nrf_drv_clock.c.o
                0x0000000000004534                PROVIDE (__stop_sdh_soc_observers = .)

.sdh_ble_observers
                0x0000000000004534        0x0
                0x0000000000004534                PROVIDE (__start_sdh_ble_observers = .)
 *(SORT_BY_NAME(.sdh_ble_observers*))
                0x0000000000004534                PROVIDE (__stop_sdh_ble_observers = .)

.pwr_mgmt_data  0x0000000000004534        0x0
                0x0000000000004534                PROVIDE (__start_pwr_mgmt_data = .)
 *(SORT_BY_NAME(.pwr_mgmt_data*))
                0x0000000000004534                PROVIDE (__stop_pwr_mgmt_data = .)

.log_const_data
                0x0000000000004534       0x58
                0x0000000000004534                PROVIDE (__start_log_const_data = .)
 *(SORT_BY_NAME(.log_const_data*))
 .log_const_data_CLOCK
                0x0000000000004534        0x8 _build/nrf52810_xxaa/nrfx_clock.c.o
                0x0000000000004534                m_nrf_log_CLOCK_logs_data_const
 .log_const_data_GPIOTE
                0x000000000000453c        0x8 _build/nrf52810_xxaa/nrfx_gpiote.c.o
                0x000000000000453c                m_nrf_log_GPIOTE_logs_data_const
 .log_const_data_PRS
                0x0000000000004544        0x8 _build/nrf52810_xxaa/nrfx_prs.c.o
                0x0000000000004544                m_nrf_log_PRS_logs_data_const
 .log_const_data_UARTE
                0x000000000000454c        0x8 _build/nrf52810_xxaa/nrfx_uarte.c.o
                0x000000000000454c                m_nrf_log_UARTE_logs_data_const
 .log_const_data_app
                0x0000000000004554        0x8 _build/nrf52810_xxaa/nrf_log_frontend.c.o
                0x0000000000004554                m_nrf_log_app_logs_data_const
 .log_const_data_balloc_log_mempool
                0x000000000000455c        0x8 _build/nrf52810_xxaa/nrf_log_frontend.c.o
                0x000000000000455c                m_nrf_log_balloc_log_mempool_logs_data_const
 .log_const_data_clock
                0x0000000000004564        0x8 _build/nrf52810_xxaa/nrf_drv_clock.c.o
                0x0000000000004564                m_nrf_log_clock_logs_data_const
 .log_const_data_nrf_sdh
                0x000000000000456c        0x8 _build/nrf52810_xxaa/nrf_sdh.c.o
                0x000000000000456c                m_nrf_log_nrf_sdh_logs_data_const
 .log_const_data_nrf_sdh_ble
                0x0000000000004574        0x8 _build/nrf52810_xxaa/nrf_sdh_ble.c.o
                0x0000000000004574                m_nrf_log_nrf_sdh_ble_logs_data_const
 .log_const_data_nrf_sdh_soc
                0x000000000000457c        0x8 _build/nrf52810_xxaa/nrf_sdh_soc.c.o
                0x000000000000457c                m_nrf_log_nrf_sdh_soc_logs_data_const
 .log_const_data_pwr_mgmt
                0x0000000000004584        0x8 _build/nrf52810_xxaa/nrf_pwr_mgmt.c.o
                0x0000000000004584                m_nrf_log_pwr_mgmt_logs_data_const
                0x000000000000458c                PROVIDE (__stop_log_const_data = .)

.nrf_balloc     0x000000000000458c       0x18
                [!provide]                        PROVIDE (__start_nrf_balloc = .)
 *(.nrf_balloc)
 .nrf_balloc    0x000000000000458c       0x18 _build/nrf52810_xxaa/nrf_log_frontend.c.o
                0x000000000000458c                log_mempool
                [!provide]                        PROVIDE (__stop_nrf_balloc = .)

.sdh_state_observers
                0x00000000000045a4        0x8
                0x00000000000045a4                PROVIDE (__start_sdh_state_observers = .)
 *(SORT_BY_NAME(.sdh_state_observers*))
 .sdh_state_observers0
                0x00000000000045a4        0x8 _build/nrf52810_xxaa/nrf_drv_clock.c.o
                0x00000000000045ac                PROVIDE (__stop_sdh_state_observers = .)

.sdh_stack_observers
                0x00000000000045ac       0x10
                0x00000000000045ac                PROVIDE (__start_sdh_stack_observers = .)
 *(SORT_BY_NAME(.sdh_stack_observers*))
 .sdh_stack_observers0
                0x00000000000045ac        0x8 _build/nrf52810_xxaa/nrf_sdh_ble.c.o
 .sdh_stack_observers0
                0x00000000000045b4        0x8 _build/nrf52810_xxaa/nrf_sdh_soc.c.o
                0x00000000000045bc                PROVIDE (__stop_sdh_stack_observers = .)

.sdh_req_observers
                0x00000000000045bc        0x0
                0x00000000000045bc                PROVIDE (__start_sdh_req_observers = .)
 *(SORT_BY_NAME(.sdh_req_observers*))
                0x00000000000045bc                PROVIDE (__stop_sdh_req_observers = .)

.nrf_queue      0x00000000000045bc        0x0
                [!provide]                        PROVIDE (__start_nrf_queue = .)
 *(.nrf_queue)
                [!provide]                        PROVIDE (__stop_nrf_queue = .)

.cli_command    0x00000000000045bc        0x0
                [!provide]                        PROVIDE (__start_cli_command = .)
 *(.cli_command)
                [!provide]                        PROVIDE (__stop_cli_command = .)

.crypto_data    0x00000000000045bc        0x0
                [!provide]                        PROVIDE (__start_crypto_data = .)
 *(SORT_BY_NAME(.crypto_data*))
                [!provide]                        PROVIDE (__stop_crypto_data = .)

.ARM.extab
 *(.ARM.extab* .gnu.linkonce.armextab.*)
                0x00000000000045bc                __exidx_start = .

.ARM.exidx      0x00000000000045bc        0x8
 *(.ARM.exidx* .gnu.linkonce.armexidx.*)
 .ARM.exidx     0x00000000000045bc        0x8 /home/eduards/gnuarmemb/bin/../lib/gcc/arm-none-eabi/9.2.1/../../../../arm-none-eabi/lib/thumb/v7e-m/nofp/crt0.o
 .ARM.exidx     0x00000000000045c4        0x0 /home/eduards/gnuarmemb/bin/../lib/gcc/arm-none-eabi/9.2.1/thumb/v7e-m/nofp/libgcc.a(_udivmoddi4.o)
                                          0x8 (size before relaxing)
                0x00000000000045c4                __exidx_end = .
                0x00000000000045c4                __etext = .

.rel.dyn        0x00000000000045c4        0x0
 .rel.iplt      0x00000000000045c4        0x0 /home/eduards/gnuarmemb/bin/../lib/gcc/arm-none-eabi/9.2.1/thumb/v7e-m/nofp/crtbegin.o

.data           0x0000000020001210       0xac load address 0x00000000000045c4
                0x0000000020001210                __data_start__ = .
 *(vtable)
 *(.data*)
 .data.m_uart   0x0000000020001210        0xc _build/nrf52810_xxaa/nrf_log_backend_uart.c.o
                0x0000000020001210                m_uart
 .data.uart_log_backend
                0x000000002000121c        0xc _build/nrf52810_xxaa/nrf_log_default_backends.c.o
 .data.SystemCoreClock
                0x0000000020001228        0x4 _build/nrf52810_xxaa/system_nrf52810.c.o
                0x0000000020001228                SystemCoreClock
 .data.m_adv_data
                0x000000002000122c       0x10 _build/nrf52810_xxaa/main.c.o
 .data.m_adv_handle
                0x000000002000123c        0x1 _build/nrf52810_xxaa/main.c.o
 .data.m_beacon_info
                0x000000002000123d       0x17 _build/nrf52810_xxaa/main.c.o
 .data.impure_data
                0x0000000020001254       0x60 /home/eduards/gnuarmemb/bin/../lib/gcc/arm-none-eabi/9.2.1/../../../../arm-none-eabi/lib/thumb/v7e-m/nofp/libc_nano.a(lib_a-impure.o)
                0x00000000200012b4                . = ALIGN (0x4)
                0x00000000200012b4                PROVIDE (__preinit_array_start = .)
 *(.preinit_array)
                0x00000000200012b4                PROVIDE (__preinit_array_end = .)
                0x00000000200012b4                . = ALIGN (0x4)
                0x00000000200012b4                PROVIDE (__init_array_start = .)
 *(SORT_BY_NAME(.init_array.*))
 *(.init_array)
 .init_array    0x00000000200012b4        0x4 /home/eduards/gnuarmemb/bin/../lib/gcc/arm-none-eabi/9.2.1/thumb/v7e-m/nofp/crtbegin.o
                0x00000000200012b8                PROVIDE (__init_array_end = .)
                0x00000000200012b8                . = ALIGN (0x4)
                [!provide]                        PROVIDE (__fini_array_start = .)
 *(SORT_BY_NAME(.fini_array.*))
 *(.fini_array)
 .fini_array    0x00000000200012b8        0x4 /home/eduards/gnuarmemb/bin/../lib/gcc/arm-none-eabi/9.2.1/thumb/v7e-m/nofp/crtbegin.o
                [!provide]                        PROVIDE (__fini_array_end = .)
 *(.jcr*)
                0x00000000200012bc                . = ALIGN (0x4)
                0x00000000200012bc                __data_end__ = .
LOAD /home/eduards/gnuarmemb/bin/../lib/gcc/arm-none-eabi/9.2.1/thumb/v7e-m/nofp/crti.o
LOAD /home/eduards/gnuarmemb/bin/../lib/gcc/arm-none-eabi/9.2.1/thumb/v7e-m/nofp/crtbegin.o
LOAD /home/eduards/gnuarmemb/bin/../lib/gcc/arm-none-eabi/9.2.1/../../../../arm-none-eabi/lib/thumb/v7e-m/nofp/crt0.o
LOAD _build/nrf52810_xxaa/gcc_startup_nrf52810.S.o
LOAD _build/nrf52810_xxaa/nrf_log_backend_rtt.c.o
LOAD _build/nrf52810_xxaa/nrf_log_backend_serial.c.o
LOAD _build/nrf52810_xxaa/nrf_log_backend_uart.c.o
LOAD _build/nrf52810_xxaa/nrf_log_default_backends.c.o
LOAD _build/nrf52810_xxaa/nrf_log_frontend.c.o
LOAD _build/nrf52810_xxaa/nrf_log_str_formatter.c.o
LOAD _build/nrf52810_xxaa/app_button.c.o
LOAD _build/nrf52810_xxaa/app_error.c.o
LOAD _build/nrf52810_xxaa/app_error_handler_gcc.c.o
LOAD _build/nrf52810_xxaa/app_error_weak.c.o
LOAD _build/nrf52810_xxaa/app_scheduler.c.o
LOAD _build/nrf52810_xxaa/app_timer.c.o
LOAD _build/nrf52810_xxaa/app_util_platform.c.o
LOAD _build/nrf52810_xxaa/hardfault_implementation.c.o
LOAD _build/nrf52810_xxaa/nrf_assert.c.o
LOAD _build/nrf52810_xxaa/nrf_atfifo.c.o
LOAD _build/nrf52810_xxaa/nrf_atomic.c.o
LOAD _build/nrf52810_xxaa/nrf_balloc.c.o
LOAD _build/nrf52810_xxaa/nrf_fprintf.c.o
LOAD _build/nrf52810_xxaa/nrf_fprintf_format.c.o
LOAD _build/nrf52810_xxaa/nrf_memobj.c.o
LOAD _build/nrf52810_xxaa/nrf_pwr_mgmt.c.o
LOAD _build/nrf52810_xxaa/nrf_section_iter.c.o
LOAD _build/nrf52810_xxaa/nrf_strerror.c.o
LOAD _build/nrf52810_xxaa/system_nrf52810.c.o
LOAD _build/nrf52810_xxaa/boards.c.o
LOAD _build/nrf52810_xxaa/nrf_drv_clock.c.o
LOAD _build/nrf52810_xxaa/nrf_drv_uart.c.o
LOAD _build/nrf52810_xxaa/nrfx_clock.c.o
LOAD _build/nrf52810_xxaa/nrfx_gpiote.c.o
LOAD _build/nrf52810_xxaa/nrfx_power_clock.c.o
LOAD _build/nrf52810_xxaa/nrfx_prs.c.o
LOAD _build/nrf52810_xxaa/nrfx_uarte.c.o
LOAD _build/nrf52810_xxaa/bsp.c.o
LOAD _build/nrf52810_xxaa/main.c.o
LOAD _build/nrf52810_xxaa/SEGGER_RTT.c.o
LOAD _build/nrf52810_xxaa/SEGGER_RTT_Syscalls_GCC.c.o
LOAD _build/nrf52810_xxaa/SEGGER_RTT_printf.c.o
LOAD _build/nrf52810_xxaa/ble_advdata.c.o
LOAD _build/nrf52810_xxaa/ble_srv_common.c.o
LOAD _build/nrf52810_xxaa/nrf_sdh.c.o
LOAD _build/nrf52810_xxaa/nrf_sdh_ble.c.o
LOAD _build/nrf52810_xxaa/nrf_sdh_soc.c.o
LOAD /home/eduards/gnuarmemb/bin/../lib/gcc/arm-none-eabi/9.2.1/../../../../arm-none-eabi/lib/thumb/v7e-m/nofp/libc_nano.a
LOAD /home/eduards/gnuarmemb/bin/../lib/gcc/arm-none-eabi/9.2.1/../../../../arm-none-eabi/lib/thumb/v7e-m/nofp/libnosys.a
LOAD /home/eduards/gnuarmemb/bin/../lib/gcc/arm-none-eabi/9.2.1/../../../../arm-none-eabi/lib/thumb/v7e-m/nofp/libm.a
START GROUP
LOAD /home/eduards/gnuarmemb/bin/../lib/gcc/arm-none-eabi/9.2.1/thumb/v7e-m/nofp/libgcc.a
LOAD /home/eduards/gnuarmemb/bin/../lib/gcc/arm-none-eabi/9.2.1/../../../../arm-none-eabi/lib/thumb/v7e-m/nofp/libg_nano.a
LOAD /home/eduards/gnuarmemb/bin/../lib/gcc/arm-none-eabi/9.2.1/../../../../arm-none-eabi/lib/thumb/v7e-m/nofp/libc_nano.a
END GROUP
START GROUP
LOAD /home/eduards/gnuarmemb/bin/../lib/gcc/arm-none-eabi/9.2.1/thumb/v7e-m/nofp/libgcc.a
LOAD /home/eduards/gnuarmemb/bin/../lib/gcc/arm-none-eabi/9.2.1/../../../../arm-none-eabi/lib/thumb/v7e-m/nofp/libc_nano.a
END GROUP
LOAD /home/eduards/gnuarmemb/bin/../lib/gcc/arm-none-eabi/9.2.1/thumb/v7e-m/nofp/crtend.o
LOAD /home/eduards/gnuarmemb/bin/../lib/gcc/arm-none-eabi/9.2.1/thumb/v7e-m/nofp/crtn.o
START GROUP
LOAD /home/eduards/gnuarmemb/bin/../lib/gcc/arm-none-eabi/9.2.1/thumb/v7e-m/nofp/libgcc.a
LOAD /home/eduards/gnuarmemb/bin/../lib/gcc/arm-none-eabi/9.2.1/../../../../arm-none-eabi/lib/thumb/v7e-m/nofp/libc.a
LOAD /home/eduards/gnuarmemb/bin/../lib/gcc/arm-none-eabi/9.2.1/../../../../arm-none-eabi/lib/thumb/v7e-m/nofp/libnosys.a
END GROUP

.igot.plt       0x00000000200012bc        0x0 load address 0x0000000000004670
 .igot.plt      0x00000000200012bc        0x0 /home/eduards/gnuarmemb/bin/../lib/gcc/arm-none-eabi/9.2.1/thumb/v7e-m/nofp/crtbegin.o
                0x00000000200012bc                . = ALIGN (0x4)

.mem_section_dummy_ram

.log_dynamic_data
                0x00000000200012bc       0x2c load address 0x0000000000004670
                0x00000000200012bc                PROVIDE (__start_log_dynamic_data = .)
 *(SORT_BY_NAME(.log_dynamic_data*))
 .log_dynamic_data_CLOCK
                0x00000000200012bc        0x4 _build/nrf52810_xxaa/nrfx_clock.c.o
                0x00000000200012bc                m_nrf_log_CLOCK_logs_data_dynamic
 .log_dynamic_data_GPIOTE
                0x00000000200012c0        0x4 _build/nrf52810_xxaa/nrfx_gpiote.c.o
                0x00000000200012c0                m_nrf_log_GPIOTE_logs_data_dynamic
 .log_dynamic_data_PRS
                0x00000000200012c4        0x4 _build/nrf52810_xxaa/nrfx_prs.c.o
                0x00000000200012c4                m_nrf_log_PRS_logs_data_dynamic
 .log_dynamic_data_UARTE
                0x00000000200012c8        0x4 _build/nrf52810_xxaa/nrfx_uarte.c.o
                0x00000000200012c8                m_nrf_log_UARTE_logs_data_dynamic
 .log_dynamic_data_app
                0x00000000200012cc        0x4 _build/nrf52810_xxaa/nrf_log_frontend.c.o
                0x00000000200012cc                m_nrf_log_app_logs_data_dynamic
 .log_dynamic_data_balloc_log_mempool
                0x00000000200012d0        0x4 _build/nrf52810_xxaa/nrf_log_frontend.c.o
                0x00000000200012d0                m_nrf_log_balloc_log_mempool_logs_data_dynamic
 .log_dynamic_data_clock
                0x00000000200012d4        0x4 _build/nrf52810_xxaa/nrf_drv_clock.c.o
                0x00000000200012d4                m_nrf_log_clock_logs_data_dynamic
 .log_dynamic_data_nrf_sdh
                0x00000000200012d8        0x4 _build/nrf52810_xxaa/nrf_sdh.c.o
                0x00000000200012d8                m_nrf_log_nrf_sdh_logs_data_dynamic
 .log_dynamic_data_nrf_sdh_ble
                0x00000000200012dc        0x4 _build/nrf52810_xxaa/nrf_sdh_ble.c.o
                0x00000000200012dc                m_nrf_log_nrf_sdh_ble_logs_data_dynamic
 .log_dynamic_data_nrf_sdh_soc
                0x00000000200012e0        0x4 _build/nrf52810_xxaa/nrf_sdh_soc.c.o
                0x00000000200012e0                m_nrf_log_nrf_sdh_soc_logs_data_dynamic
 .log_dynamic_data_pwr_mgmt
                0x00000000200012e4        0x4 _build/nrf52810_xxaa/nrf_pwr_mgmt.c.o
                0x00000000200012e4                m_nrf_log_pwr_mgmt_logs_data_dynamic
                [!provide]                        PROVIDE (__stop_log_dynamic_data = .)

.cli_sorted_cmd_ptrs
                0x00000000200012e8        0x0
                [!provide]                        PROVIDE (__start_cli_sorted_cmd_ptrs = .)
 *(.cli_sorted_cmd_ptrs)
                [!provide]                        PROVIDE (__stop_cli_sorted_cmd_ptrs = .)

.fs_data        0x00000000200012e8        0x0
                [!provide]                        PROVIDE (__start_fs_data = .)
 *(.fs_data)
                [!provide]                        PROVIDE (__stop_fs_data = .)

.bss            0x00000000200012e8      0x838 load address 0x00000000000046a0
                0x00000000200012e8                . = ALIGN (0x4)
                0x00000000200012e8                __bss_start__ = .
 *(.bss*)
 .bss           0x00000000200012e8       0x1c /home/eduards/gnuarmemb/bin/../lib/gcc/arm-none-eabi/9.2.1/thumb/v7e-m/nofp/crtbegin.o
 .bss.m_async_mode
                0x0000000020001304        0x1 _build/nrf52810_xxaa/nrf_log_backend_uart.c.o
 .bss.m_string_buff
                0x0000000020001305       0x40 _build/nrf52810_xxaa/nrf_log_backend_uart.c.o
 .bss.m_xfer_done
                0x0000000020001345        0x1 _build/nrf52810_xxaa/nrf_log_backend_uart.c.o
 *fill*         0x0000000020001346        0x2 
 .bss.log_mempool_nrf_balloc_cb
                0x0000000020001348        0x8 _build/nrf52810_xxaa/nrf_log_frontend.c.o
 .bss.log_mempool_nrf_balloc_pool_mem
                0x0000000020001350       0xc0 _build/nrf52810_xxaa/nrf_log_frontend.c.o
 .bss.log_mempool_nrf_balloc_pool_stack
                0x0000000020001410        0x8 _build/nrf52810_xxaa/nrf_log_frontend.c.o
 .bss.m_log_data
                0x0000000020001418      0x424 _build/nrf52810_xxaa/nrf_log_frontend.c.o
 .bss.m_button_count
                0x000000002000183c        0x1 _build/nrf52810_xxaa/app_button.c.o
 *fill*         0x000000002000183d        0x3 
 .bss.m_detection_delay
                0x0000000020001840        0x4 _build/nrf52810_xxaa/app_button.c.o
 .bss.m_detection_delay_timer_id_data
                0x0000000020001844       0x20 _build/nrf52810_xxaa/app_button.c.o
 *fill*         0x0000000020001864        0x4 
 .bss.m_pin_state
                0x0000000020001868        0x8 _build/nrf52810_xxaa/app_button.c.o
 .bss.m_pin_transition
                0x0000000020001870        0x8 _build/nrf52810_xxaa/app_button.c.o
 .bss.mp_buttons
                0x0000000020001878        0x4 _build/nrf52810_xxaa/app_button.c.o
 .bss.m_op_queue
                0x000000002000187c      0x10c _build/nrf52810_xxaa/app_timer.c.o
 .bss.m_rtc1_reset
                0x0000000020001988        0x1 _build/nrf52810_xxaa/app_timer.c.o
 .bss.m_rtc1_running
                0x0000000020001989        0x1 _build/nrf52810_xxaa/app_timer.c.o
 *fill*         0x000000002000198a        0x2 
 .bss.m_ticks_elapsed
                0x000000002000198c        0x8 _build/nrf52810_xxaa/app_timer.c.o
 .bss.m_ticks_elapsed_q_read_ind
                0x0000000020001994        0x1 _build/nrf52810_xxaa/app_timer.c.o
 .bss.m_ticks_elapsed_q_write_ind
                0x0000000020001995        0x1 _build/nrf52810_xxaa/app_timer.c.o
 *fill*         0x0000000020001996        0x2 
 .bss.m_ticks_latest
                0x0000000020001998        0x4 _build/nrf52810_xxaa/app_timer.c.o
 .bss.mp_timer_id_head
                0x000000002000199c        0x4 _build/nrf52810_xxaa/app_timer.c.o
 .bss.m_handlers_iter
                0x00000000200019a0        0x8 _build/nrf52810_xxaa/nrf_pwr_mgmt.c.o
 .bss.m_shutdown_started
                0x00000000200019a8        0x1 _build/nrf52810_xxaa/nrf_pwr_mgmt.c.o
 *fill*         0x00000000200019a9        0x3 
 .bss.m_sysoff_mtx
                0x00000000200019ac        0x4 _build/nrf52810_xxaa/nrf_pwr_mgmt.c.o
 .bss.m_clock_cb
                0x00000000200019b0       0x14 _build/nrf52810_xxaa/nrf_drv_clock.c.o
 .bss.m_contexts
                0x00000000200019c4        0x4 _build/nrf52810_xxaa/nrf_drv_uart.c.o
 .bss.m_handlers
                0x00000000200019c8        0x4 _build/nrf52810_xxaa/nrf_drv_uart.c.o
 .bss.m_clock_cb
                0x00000000200019cc        0x8 _build/nrf52810_xxaa/nrfx_clock.c.o
 .bss.m_cb      0x00000000200019d4       0x5c _build/nrf52810_xxaa/nrfx_gpiote.c.o
 .bss.m_cb      0x0000000020001a30       0x24 _build/nrf52810_xxaa/nrfx_uarte.c.o
 .bss.current_long_push_pin_no.7166
                0x0000000020001a54        0x1 _build/nrf52810_xxaa/bsp.c.o
 .bss.m_alert_on
                0x0000000020001a55        0x1 _build/nrf52810_xxaa/bsp.c.o
 *fill*         0x0000000020001a56        0x2 
 .bss.m_bsp_alert_tmr_data
                0x0000000020001a58       0x20 _build/nrf52810_xxaa/bsp.c.o
 .bss.m_bsp_button_tmr_data
                0x0000000020001a78       0x20 _build/nrf52810_xxaa/bsp.c.o
 .bss.m_bsp_leds_tmr_data
                0x0000000020001a98       0x20 _build/nrf52810_xxaa/bsp.c.o
 .bss.m_events_list
                0x0000000020001ab8        0xc _build/nrf52810_xxaa/bsp.c.o
 .bss.m_indication_type
                0x0000000020001ac4        0x4 _build/nrf52810_xxaa/bsp.c.o
 .bss.m_leds_clear
                0x0000000020001ac8        0x1 _build/nrf52810_xxaa/bsp.c.o
 *fill*         0x0000000020001ac9        0x3 
 .bss.m_registered_callback
                0x0000000020001acc        0x4 _build/nrf52810_xxaa/bsp.c.o
 .bss.m_stable_state
                0x0000000020001ad0        0x1 _build/nrf52810_xxaa/bsp.c.o
 .bss.release_event_at_push.7167
                0x0000000020001ad1        0x4 _build/nrf52810_xxaa/bsp.c.o
 *fill*         0x0000000020001ad5        0x3 
 .bss.m_adv_params
                0x0000000020001ad8       0x18 _build/nrf52810_xxaa/main.c.o
 .bss.m_enc_advdata
                0x0000000020001af0       0x1f _build/nrf52810_xxaa/main.c.o
 .bss.m_nrf_sdh_continue
                0x0000000020001b0f        0x1 _build/nrf52810_xxaa/nrf_sdh.c.o
 .bss.m_nrf_sdh_enabled
                0x0000000020001b10        0x1 _build/nrf52810_xxaa/nrf_sdh.c.o
 .bss.m_nrf_sdh_suspended
                0x0000000020001b11        0x1 _build/nrf52810_xxaa/nrf_sdh.c.o
 .bss.m_stack_is_enabled
                0x0000000020001b12        0x1 _build/nrf52810_xxaa/nrf_sdh_ble.c.o
 *(COMMON)
 *fill*         0x0000000020001b13        0x1 
 COMMON         0x0000000020001b14        0xc _build/nrf52810_xxaa/app_util_platform.c.o
                0x0000000020001b14                nrf_nvic_state
                0x0000000020001b20                . = ALIGN (0x4)
                0x0000000020001b20                __bss_end__ = .

.heap           0x0000000020001b20      0x800
                0x0000000020001b20                __HeapBase = .
                0x0000000020001b20                __end__ = .
                [!provide]                        PROVIDE (end = .)
 *(.heap*)
 .heap          0x0000000020001b20      0x800 _build/nrf52810_xxaa/gcc_startup_nrf52810.S.o
                0x0000000020002320                __HeapLimit = .

.stack_dummy    0x0000000020001b20      0x800
 *(.stack*)
 .stack         0x0000000020001b20      0x800 _build/nrf52810_xxaa/gcc_startup_nrf52810.S.o
                0x0000000020006000                __StackTop = (ORIGIN (RAM) + LENGTH (RAM))
                0x0000000020005800                __StackLimit = (__StackTop - SIZEOF (.stack_dummy))
                0x0000000020006000                PROVIDE (__stack = __StackTop)
                0x0000000000000001                ASSERT ((__StackLimit >= __HeapLimit), region RAM overflowed with stack)
                0x00000000000000d8                DataInitFlashUsed = (__bss_start__ - __data_start__)
                0x00000000000045c4                CodeFlashUsed = (__etext - ORIGIN (FLASH))
                0x000000000000469c                TotalFlashUsed = (CodeFlashUsed + DataInitFlashUsed)
                0x0000000000000001                ASSERT ((TotalFlashUsed <= LENGTH (FLASH)), region FLASH overflowed with .data and user data)
OUTPUT(_build/nrf52810_xxaa.out elf32-littlearm)

.ARM.attributes
                0x0000000000000000       0x2a
 .ARM.attributes
                0x0000000000000000       0x1e /home/eduards/gnuarmemb/bin/../lib/gcc/arm-none-eabi/9.2.1/thumb/v7e-m/nofp/crti.o
 .ARM.attributes
                0x000000000000001e       0x2e /home/eduards/gnuarmemb/bin/../lib/gcc/arm-none-eabi/9.2.1/thumb/v7e-m/nofp/crtbegin.o
 .ARM.attributes
                0x000000000000004c       0x1c /home/eduards/gnuarmemb/bin/../lib/gcc/arm-none-eabi/9.2.1/../../../../arm-none-eabi/lib/thumb/v7e-m/nofp/crt0.o
 .ARM.attributes
                0x0000000000000068       0x1c _build/nrf52810_xxaa/gcc_startup_nrf52810.S.o
 .ARM.attributes
                0x0000000000000084       0x2e _build/nrf52810_xxaa/nrf_log_backend_serial.c.o
 .ARM.attributes
                0x00000000000000b2       0x2e _build/nrf52810_xxaa/nrf_log_backend_uart.c.o
 .ARM.attributes
                0x00000000000000e0       0x2e _build/nrf52810_xxaa/nrf_log_default_backends.c.o
 .ARM.attributes
                0x000000000000010e       0x2e _build/nrf52810_xxaa/nrf_log_frontend.c.o
 .ARM.attributes
                0x000000000000013c       0x2e _build/nrf52810_xxaa/nrf_log_str_formatter.c.o
 .ARM.attributes
                0x000000000000016a       0x2e _build/nrf52810_xxaa/app_button.c.o
 .ARM.attributes
                0x0000000000000198       0x2e _build/nrf52810_xxaa/app_error.c.o
 .ARM.attributes
                0x00000000000001c6       0x2e _build/nrf52810_xxaa/app_error_weak.c.o
 .ARM.attributes
                0x00000000000001f4       0x2e _build/nrf52810_xxaa/app_timer.c.o
 .ARM.attributes
                0x0000000000000222       0x2e _build/nrf52810_xxaa/app_util_platform.c.o
 .ARM.attributes
                0x0000000000000250       0x2e _build/nrf52810_xxaa/nrf_atomic.c.o
 .ARM.attributes
                0x000000000000027e       0x2e _build/nrf52810_xxaa/nrf_balloc.c.o
 .ARM.attributes
                0x00000000000002ac       0x2e _build/nrf52810_xxaa/nrf_fprintf.c.o
 .ARM.attributes
                0x00000000000002da       0x2e _build/nrf52810_xxaa/nrf_fprintf_format.c.o
 .ARM.attributes
                0x0000000000000308       0x2e _build/nrf52810_xxaa/nrf_memobj.c.o
 .ARM.attributes
                0x0000000000000336       0x2e _build/nrf52810_xxaa/nrf_pwr_mgmt.c.o
 .ARM.attributes
                0x0000000000000364       0x2e _build/nrf52810_xxaa/nrf_section_iter.c.o
 .ARM.attributes
                0x0000000000000392       0x2e _build/nrf52810_xxaa/nrf_strerror.c.o
 .ARM.attributes
                0x00000000000003c0       0x2e _build/nrf52810_xxaa/system_nrf52810.c.o
 .ARM.attributes
                0x00000000000003ee       0x2e _build/nrf52810_xxaa/boards.c.o
 .ARM.attributes
                0x000000000000041c       0x2e _build/nrf52810_xxaa/nrf_drv_clock.c.o
 .ARM.attributes
                0x000000000000044a       0x2e _build/nrf52810_xxaa/nrf_drv_uart.c.o
 .ARM.attributes
                0x0000000000000478       0x2e _build/nrf52810_xxaa/nrfx_clock.c.o
 .ARM.attributes
                0x00000000000004a6       0x2e _build/nrf52810_xxaa/nrfx_gpiote.c.o
 .ARM.attributes
                0x00000000000004d4       0x2e _build/nrf52810_xxaa/nrfx_prs.c.o
 .ARM.attributes
                0x0000000000000502       0x2e _build/nrf52810_xxaa/nrfx_uarte.c.o
 .ARM.attributes
                0x0000000000000530       0x2e _build/nrf52810_xxaa/bsp.c.o
 .ARM.attributes
                0x000000000000055e       0x2e _build/nrf52810_xxaa/main.c.o
 .ARM.attributes
                0x000000000000058c       0x2e _build/nrf52810_xxaa/ble_advdata.c.o
 .ARM.attributes
                0x00000000000005ba       0x2e _build/nrf52810_xxaa/nrf_sdh.c.o
 .ARM.attributes
                0x00000000000005e8       0x2e _build/nrf52810_xxaa/nrf_sdh_ble.c.o
 .ARM.attributes
                0x0000000000000616       0x2e _build/nrf52810_xxaa/nrf_sdh_soc.c.o
 .ARM.attributes
                0x0000000000000644       0x2e /home/eduards/gnuarmemb/bin/../lib/gcc/arm-none-eabi/9.2.1/../../../../arm-none-eabi/lib/thumb/v7e-m/nofp/libc_nano.a(lib_a-ctype_.o)
 .ARM.attributes
                0x0000000000000672       0x2e /home/eduards/gnuarmemb/bin/../lib/gcc/arm-none-eabi/9.2.1/../../../../arm-none-eabi/lib/thumb/v7e-m/nofp/libc_nano.a(lib_a-exit.o)
 .ARM.attributes
                0x00000000000006a0       0x2e /home/eduards/gnuarmemb/bin/../lib/gcc/arm-none-eabi/9.2.1/../../../../arm-none-eabi/lib/thumb/v7e-m/nofp/libc_nano.a(lib_a-impure.o)
 .ARM.attributes
                0x00000000000006ce       0x2e /home/eduards/gnuarmemb/bin/../lib/gcc/arm-none-eabi/9.2.1/../../../../arm-none-eabi/lib/thumb/v7e-m/nofp/libc_nano.a(lib_a-init.o)
 .ARM.attributes
                0x00000000000006fc       0x2e /home/eduards/gnuarmemb/bin/../lib/gcc/arm-none-eabi/9.2.1/../../../../arm-none-eabi/lib/thumb/v7e-m/nofp/libc_nano.a(lib_a-memcpy-stub.o)
 .ARM.attributes
                0x000000000000072a       0x2e /home/eduards/gnuarmemb/bin/../lib/gcc/arm-none-eabi/9.2.1/../../../../arm-none-eabi/lib/thumb/v7e-m/nofp/libc_nano.a(lib_a-memset.o)
 .ARM.attributes
                0x0000000000000758       0x17 /home/eduards/gnuarmemb/bin/../lib/gcc/arm-none-eabi/9.2.1/../../../../arm-none-eabi/lib/thumb/v7e-m/nofp/libc_nano.a(lib_a-strlen.o)
 .ARM.attributes
                0x000000000000076f       0x2e /home/eduards/gnuarmemb/bin/../lib/gcc/arm-none-eabi/9.2.1/../../../../arm-none-eabi/lib/thumb/v7e-m/nofp/libnosys.a(_exit.o)
 .ARM.attributes
                0x000000000000079d       0x1e /home/eduards/gnuarmemb/bin/../lib/gcc/arm-none-eabi/9.2.1/thumb/v7e-m/nofp/libgcc.a(_aeabi_uldivmod.o)
 .ARM.attributes
                0x00000000000007bb       0x2e /home/eduards/gnuarmemb/bin/../lib/gcc/arm-none-eabi/9.2.1/thumb/v7e-m/nofp/libgcc.a(_udivmoddi4.o)
 .ARM.attributes
                0x00000000000007e9       0x1e /home/eduards/gnuarmemb/bin/../lib/gcc/arm-none-eabi/9.2.1/thumb/v7e-m/nofp/libgcc.a(_dvmd_tls.o)
 .ARM.attributes
                0x0000000000000807       0x2e /home/eduards/gnuarmemb/bin/../lib/gcc/arm-none-eabi/9.2.1/thumb/v7e-m/nofp/crtend.o
 .ARM.attributes
                0x0000000000000835       0x1e /home/eduards/gnuarmemb/bin/../lib/gcc/arm-none-eabi/9.2.1/thumb/v7e-m/nofp/crtn.o

.comment        0x0000000000000000       0x79
 .comment       0x0000000000000000       0x79 _build/nrf52810_xxaa/nrf_log_backend_serial.c.o
                                         0x7a (size before relaxing)
 .comment       0x0000000000000079       0x7a _build/nrf52810_xxaa/nrf_log_backend_uart.c.o
 .comment       0x0000000000000079       0x7a _build/nrf52810_xxaa/nrf_log_default_backends.c.o
 .comment       0x0000000000000079       0x7a _build/nrf52810_xxaa/nrf_log_frontend.c.o
 .comment       0x0000000000000079       0x7a _build/nrf52810_xxaa/nrf_log_str_formatter.c.o
 .comment       0x0000000000000079       0x7a _build/nrf52810_xxaa/app_button.c.o
 .comment       0x0000000000000079       0x7a _build/nrf52810_xxaa/app_error.c.o
 .comment       0x0000000000000079       0x7a _build/nrf52810_xxaa/app_error_weak.c.o
 .comment       0x0000000000000079       0x7a _build/nrf52810_xxaa/app_timer.c.o
 .comment       0x0000000000000079       0x7a _build/nrf52810_xxaa/app_util_platform.c.o
 .comment       0x0000000000000079       0x7a _build/nrf52810_xxaa/nrf_atomic.c.o
 .comment       0x0000000000000079       0x7a _build/nrf52810_xxaa/nrf_balloc.c.o
 .comment       0x0000000000000079       0x7a _build/nrf52810_xxaa/nrf_fprintf.c.o
 .comment       0x0000000000000079       0x7a _build/nrf52810_xxaa/nrf_fprintf_format.c.o
 .comment       0x0000000000000079       0x7a _build/nrf52810_xxaa/nrf_memobj.c.o
 .comment       0x0000000000000079       0x7a _build/nrf52810_xxaa/nrf_pwr_mgmt.c.o
 .comment       0x0000000000000079       0x7a _build/nrf52810_xxaa/nrf_section_iter.c.o
 .comment       0x0000000000000079       0x7a _build/nrf52810_xxaa/nrf_strerror.c.o
 .comment       0x0000000000000079       0x7a _build/nrf52810_xxaa/system_nrf52810.c.o
 .comment       0x0000000000000079       0x7a _build/nrf52810_xxaa/boards.c.o
 .comment       0x0000000000000079       0x7a _build/nrf52810_xxaa/nrf_drv_clock.c.o
 .comment       0x0000000000000079       0x7a _build/nrf52810_xxaa/nrf_drv_uart.c.o
 .comment       0x0000000000000079       0x7a _build/nrf52810_xxaa/nrfx_clock.c.o
 .comment       0x0000000000000079       0x7a _build/nrf52810_xxaa/nrfx_gpiote.c.o
 .comment       0x0000000000000079       0x7a _build/nrf52810_xxaa/nrfx_prs.c.o
 .comment       0x0000000000000079       0x7a _build/nrf52810_xxaa/nrfx_uarte.c.o
 .comment       0x0000000000000079       0x7a _build/nrf52810_xxaa/bsp.c.o
 .comment       0x0000000000000079       0x7a _build/nrf52810_xxaa/main.c.o
 .comment       0x0000000000000079       0x7a _build/nrf52810_xxaa/ble_advdata.c.o
 .comment       0x0000000000000079       0x7a _build/nrf52810_xxaa/nrf_sdh.c.o
 .comment       0x0000000000000079       0x7a _build/nrf52810_xxaa/nrf_sdh_ble.c.o
 .comment       0x0000000000000079       0x7a _build/nrf52810_xxaa/nrf_sdh_soc.c.o

.debug_line     0x0000000000000000    0x16d6e
 .debug_line    0x0000000000000000       0x89 _build/nrf52810_xxaa/gcc_startup_nrf52810.S.o
 .debug_line    0x0000000000000089      0x877 _build/nrf52810_xxaa/nrf_log_backend_serial.c.o
 .debug_line    0x0000000000000900      0xb1a _build/nrf52810_xxaa/nrf_log_backend_uart.c.o
 .debug_line    0x000000000000141a      0x771 _build/nrf52810_xxaa/nrf_log_default_backends.c.o
 .debug_line    0x0000000000001b8b     0x1502 _build/nrf52810_xxaa/nrf_log_frontend.c.o
 .debug_line    0x000000000000308d      0x971 _build/nrf52810_xxaa/nrf_log_str_formatter.c.o
 .debug_line    0x00000000000039fe      0xb05 _build/nrf52810_xxaa/app_button.c.o
 .debug_line    0x0000000000004503      0x52a _build/nrf52810_xxaa/app_error.c.o
 .debug_line    0x0000000000004a2d      0x877 _build/nrf52810_xxaa/app_error_weak.c.o
 .debug_line    0x00000000000052a4     0x1355 _build/nrf52810_xxaa/app_timer.c.o
 .debug_line    0x00000000000065f9      0x766 _build/nrf52810_xxaa/app_util_platform.c.o
 .debug_line    0x0000000000006d5f      0x7d0 _build/nrf52810_xxaa/nrf_atomic.c.o
 .debug_line    0x000000000000752f      0x878 _build/nrf52810_xxaa/nrf_balloc.c.o
 .debug_line    0x0000000000007da7      0x50e _build/nrf52810_xxaa/nrf_fprintf.c.o
 .debug_line    0x00000000000082b5      0x93f _build/nrf52810_xxaa/nrf_fprintf_format.c.o
 .debug_line    0x0000000000008bf4      0x9d7 _build/nrf52810_xxaa/nrf_memobj.c.o
 .debug_line    0x00000000000095cb      0xdb8 _build/nrf52810_xxaa/nrf_pwr_mgmt.c.o
 .debug_line    0x000000000000a383      0x528 _build/nrf52810_xxaa/nrf_section_iter.c.o
 .debug_line    0x000000000000a8ab      0x502 _build/nrf52810_xxaa/nrf_strerror.c.o
 .debug_line    0x000000000000adad      0x6b7 _build/nrf52810_xxaa/system_nrf52810.c.o
 .debug_line    0x000000000000b464      0xc7c _build/nrf52810_xxaa/boards.c.o
 .debug_line    0x000000000000c0e0      0xf33 _build/nrf52810_xxaa/nrf_drv_clock.c.o
 .debug_line    0x000000000000d013      0x784 _build/nrf52810_xxaa/nrf_drv_uart.c.o
 .debug_line    0x000000000000d797      0xdb7 _build/nrf52810_xxaa/nrfx_clock.c.o
 .debug_line    0x000000000000e54e     0x1d3e _build/nrf52810_xxaa/nrfx_gpiote.c.o
 .debug_line    0x000000000001028c      0x88a _build/nrf52810_xxaa/nrfx_prs.c.o
 .debug_line    0x0000000000010b16     0x171c _build/nrf52810_xxaa/nrfx_uarte.c.o
 .debug_line    0x0000000000012232      0xead _build/nrf52810_xxaa/bsp.c.o
 .debug_line    0x00000000000130df      0xd9a _build/nrf52810_xxaa/main.c.o
 .debug_line    0x0000000000013e79     0x103d _build/nrf52810_xxaa/ble_advdata.c.o
 .debug_line    0x0000000000014eb6      0xc98 _build/nrf52810_xxaa/nrf_sdh.c.o
 .debug_line    0x0000000000015b4e      0xabe _build/nrf52810_xxaa/nrf_sdh_ble.c.o
 .debug_line    0x000000000001660c      0x762 _build/nrf52810_xxaa/nrf_sdh_soc.c.o

.debug_info     0x0000000000000000    0x2fadb
 .debug_info    0x0000000000000000       0x26 _build/nrf52810_xxaa/gcc_startup_nrf52810.S.o
 .debug_info    0x0000000000000026     0x115d _build/nrf52810_xxaa/nrf_log_backend_serial.c.o
 .debug_info    0x0000000000001183     0x1721 _build/nrf52810_xxaa/nrf_log_backend_uart.c.o
 .debug_info    0x00000000000028a4      0xc5a _build/nrf52810_xxaa/nrf_log_default_backends.c.o
 .debug_info    0x00000000000034fe     0x2db4 _build/nrf52810_xxaa/nrf_log_frontend.c.o
 .debug_info    0x00000000000062b2     0x1188 _build/nrf52810_xxaa/nrf_log_str_formatter.c.o
 .debug_info    0x000000000000743a     0x1060 _build/nrf52810_xxaa/app_button.c.o
 .debug_info    0x000000000000849a      0xbac _build/nrf52810_xxaa/app_error.c.o
 .debug_info    0x0000000000009046      0xdde _build/nrf52810_xxaa/app_error_weak.c.o
 .debug_info    0x0000000000009e24     0x2583 _build/nrf52810_xxaa/app_timer.c.o
 .debug_info    0x000000000000c3a7     0x12b7 _build/nrf52810_xxaa/app_util_platform.c.o
 .debug_info    0x000000000000d65e     0x1240 _build/nrf52810_xxaa/nrf_atomic.c.o
 .debug_info    0x000000000000e89e      0xdaf _build/nrf52810_xxaa/nrf_balloc.c.o
 .debug_info    0x000000000000f64d      0xb51 _build/nrf52810_xxaa/nrf_fprintf.c.o
 .debug_info    0x000000000001019e     0x1010 _build/nrf52810_xxaa/nrf_fprintf_format.c.o
 .debug_info    0x00000000000111ae     0x12cf _build/nrf52810_xxaa/nrf_memobj.c.o
 .debug_info    0x000000000001247d     0x1826 _build/nrf52810_xxaa/nrf_pwr_mgmt.c.o
 .debug_info    0x0000000000013ca3      0xac1 _build/nrf52810_xxaa/nrf_section_iter.c.o
 .debug_info    0x0000000000014764      0xafa _build/nrf52810_xxaa/nrf_strerror.c.o
 .debug_info    0x000000000001525e     0x11bf _build/nrf52810_xxaa/system_nrf52810.c.o
 .debug_info    0x000000000001641d     0x1588 _build/nrf52810_xxaa/boards.c.o
 .debug_info    0x00000000000179a5     0x1da1 _build/nrf52810_xxaa/nrf_drv_clock.c.o
 .debug_info    0x0000000000019746     0x1477 _build/nrf52810_xxaa/nrf_drv_uart.c.o
 .debug_info    0x000000000001abbd     0x1b48 _build/nrf52810_xxaa/nrfx_clock.c.o
 .debug_info    0x000000000001c705     0x3bee _build/nrf52810_xxaa/nrfx_gpiote.c.o
 .debug_info    0x00000000000202f3      0xc53 _build/nrf52810_xxaa/nrfx_prs.c.o
 .debug_info    0x0000000000020f46     0x39ca _build/nrf52810_xxaa/nrfx_uarte.c.o
 .debug_info    0x0000000000024910     0x1acb _build/nrf52810_xxaa/bsp.c.o
 .debug_info    0x00000000000263db     0x19d3 _build/nrf52810_xxaa/main.c.o
 .debug_info    0x0000000000027dae     0x23cd _build/nrf52810_xxaa/ble_advdata.c.o
 .debug_info    0x000000000002a17b     0x1c7a _build/nrf52810_xxaa/nrf_sdh.c.o
 .debug_info    0x000000000002bdf5     0x2e0a _build/nrf52810_xxaa/nrf_sdh_ble.c.o
 .debug_info    0x000000000002ebff      0xedc _build/nrf52810_xxaa/nrf_sdh_soc.c.o

.debug_abbrev   0x0000000000000000     0x7c0b
 .debug_abbrev  0x0000000000000000       0x14 _build/nrf52810_xxaa/gcc_startup_nrf52810.S.o
 .debug_abbrev  0x0000000000000014      0x2cc _build/nrf52810_xxaa/nrf_log_backend_serial.c.o
 .debug_abbrev  0x00000000000002e0      0x3c0 _build/nrf52810_xxaa/nrf_log_backend_uart.c.o
 .debug_abbrev  0x00000000000006a0      0x294 _build/nrf52810_xxaa/nrf_log_default_backends.c.o
 .debug_abbrev  0x0000000000000934      0x664 _build/nrf52810_xxaa/nrf_log_frontend.c.o
 .debug_abbrev  0x0000000000000f98      0x33a _build/nrf52810_xxaa/nrf_log_str_formatter.c.o
 .debug_abbrev  0x00000000000012d2      0x32b _build/nrf52810_xxaa/app_button.c.o
 .debug_abbrev  0x00000000000015fd      0x276 _build/nrf52810_xxaa/app_error.c.o
 .debug_abbrev  0x0000000000001873      0x2e9 _build/nrf52810_xxaa/app_error_weak.c.o
 .debug_abbrev  0x0000000000001b5c      0x5c4 _build/nrf52810_xxaa/app_timer.c.o
 .debug_abbrev  0x0000000000002120      0x3f9 _build/nrf52810_xxaa/app_util_platform.c.o
 .debug_abbrev  0x0000000000002519      0x309 _build/nrf52810_xxaa/nrf_atomic.c.o
 .debug_abbrev  0x0000000000002822      0x34f _build/nrf52810_xxaa/nrf_balloc.c.o
 .debug_abbrev  0x0000000000002b71      0x27d _build/nrf52810_xxaa/nrf_fprintf.c.o
 .debug_abbrev  0x0000000000002dee      0x3c3 _build/nrf52810_xxaa/nrf_fprintf_format.c.o
 .debug_abbrev  0x00000000000031b1      0x324 _build/nrf52810_xxaa/nrf_memobj.c.o
 .debug_abbrev  0x00000000000034d5      0x4b5 _build/nrf52810_xxaa/nrf_pwr_mgmt.c.o
 .debug_abbrev  0x000000000000398a      0x206 _build/nrf52810_xxaa/nrf_section_iter.c.o
 .debug_abbrev  0x0000000000003b90      0x250 _build/nrf52810_xxaa/nrf_strerror.c.o
 .debug_abbrev  0x0000000000003de0      0x24a _build/nrf52810_xxaa/system_nrf52810.c.o
 .debug_abbrev  0x000000000000402a      0x3fc _build/nrf52810_xxaa/boards.c.o
 .debug_abbrev  0x0000000000004426      0x5f9 _build/nrf52810_xxaa/nrf_drv_clock.c.o
 .debug_abbrev  0x0000000000004a1f      0x2a8 _build/nrf52810_xxaa/nrf_drv_uart.c.o
 .debug_abbrev  0x0000000000004cc7      0x532 _build/nrf52810_xxaa/nrfx_clock.c.o
 .debug_abbrev  0x00000000000051f9      0x68c _build/nrf52810_xxaa/nrfx_gpiote.c.o
 .debug_abbrev  0x0000000000005885      0x2b3 _build/nrf52810_xxaa/nrfx_prs.c.o
 .debug_abbrev  0x0000000000005b38      0x5be _build/nrf52810_xxaa/nrfx_uarte.c.o
 .debug_abbrev  0x00000000000060f6      0x4e0 _build/nrf52810_xxaa/bsp.c.o
 .debug_abbrev  0x00000000000065d6      0x3e5 _build/nrf52810_xxaa/main.c.o
 .debug_abbrev  0x00000000000069bb      0x4dd _build/nrf52810_xxaa/ble_advdata.c.o
 .debug_abbrev  0x0000000000006e98      0x5d8 _build/nrf52810_xxaa/nrf_sdh.c.o
 .debug_abbrev  0x0000000000007470      0x497 _build/nrf52810_xxaa/nrf_sdh_ble.c.o
 .debug_abbrev  0x0000000000007907      0x304 _build/nrf52810_xxaa/nrf_sdh_soc.c.o

.debug_aranges  0x0000000000000000      0xb30
 .debug_aranges
                0x0000000000000000       0x20 _build/nrf52810_xxaa/gcc_startup_nrf52810.S.o
 .debug_aranges
                0x0000000000000020       0x20 _build/nrf52810_xxaa/nrf_log_backend_serial.c.o
 .debug_aranges
                0x0000000000000040       0x50 _build/nrf52810_xxaa/nrf_log_backend_uart.c.o
 .debug_aranges
                0x0000000000000090       0x20 _build/nrf52810_xxaa/nrf_log_default_backends.c.o
 .debug_aranges
                0x00000000000000b0       0xd0 _build/nrf52810_xxaa/nrf_log_frontend.c.o
 .debug_aranges
                0x0000000000000180       0x40 _build/nrf52810_xxaa/nrf_log_str_formatter.c.o
 .debug_aranges
                0x00000000000001c0       0x48 _build/nrf52810_xxaa/app_button.c.o
 .debug_aranges
                0x0000000000000208       0x28 _build/nrf52810_xxaa/app_error.c.o
 .debug_aranges
                0x0000000000000230       0x20 _build/nrf52810_xxaa/app_error_weak.c.o
 .debug_aranges
                0x0000000000000250       0x90 _build/nrf52810_xxaa/app_timer.c.o
 .debug_aranges
                0x00000000000002e0       0x48 _build/nrf52810_xxaa/app_util_platform.c.o
 .debug_aranges
                0x0000000000000328       0xb0 _build/nrf52810_xxaa/nrf_atomic.c.o
 .debug_aranges
                0x00000000000003d8       0x30 _build/nrf52810_xxaa/nrf_balloc.c.o
 .debug_aranges
                0x0000000000000408       0x28 _build/nrf52810_xxaa/nrf_fprintf.c.o
 .debug_aranges
                0x0000000000000430       0x30 _build/nrf52810_xxaa/nrf_fprintf_format.c.o
 .debug_aranges
                0x0000000000000460       0x50 _build/nrf52810_xxaa/nrf_memobj.c.o
 .debug_aranges
                0x00000000000004b0       0x48 _build/nrf52810_xxaa/nrf_pwr_mgmt.c.o
 .debug_aranges
                0x00000000000004f8       0x28 _build/nrf52810_xxaa/nrf_section_iter.c.o
 .debug_aranges
                0x0000000000000520       0x28 _build/nrf52810_xxaa/nrf_strerror.c.o
 .debug_aranges
                0x0000000000000548       0x38 _build/nrf52810_xxaa/system_nrf52810.c.o
 .debug_aranges
                0x0000000000000580       0x78 _build/nrf52810_xxaa/boards.c.o
 .debug_aranges
                0x00000000000005f8       0xb0 _build/nrf52810_xxaa/nrf_drv_clock.c.o
 .debug_aranges
                0x00000000000006a8       0x28 _build/nrf52810_xxaa/nrf_drv_uart.c.o
 .debug_aranges
                0x00000000000006d0       0x80 _build/nrf52810_xxaa/nrfx_clock.c.o
 .debug_aranges
                0x0000000000000750       0xf8 _build/nrf52810_xxaa/nrfx_gpiote.c.o
 .debug_aranges
                0x0000000000000848       0x28 _build/nrf52810_xxaa/nrfx_prs.c.o
 .debug_aranges
                0x0000000000000870       0x78 _build/nrf52810_xxaa/nrfx_uarte.c.o
 .debug_aranges
                0x00000000000008e8       0x88 _build/nrf52810_xxaa/bsp.c.o
 .debug_aranges
                0x0000000000000970       0x38 _build/nrf52810_xxaa/main.c.o
 .debug_aranges
                0x00000000000009a8       0x80 _build/nrf52810_xxaa/ble_advdata.c.o
 .debug_aranges
                0x0000000000000a28       0x90 _build/nrf52810_xxaa/nrf_sdh.c.o
 .debug_aranges
                0x0000000000000ab8       0x50 _build/nrf52810_xxaa/nrf_sdh_ble.c.o
 .debug_aranges
                0x0000000000000b08       0x28 _build/nrf52810_xxaa/nrf_sdh_soc.c.o

.debug_str      0x0000000000000000    0x73464
 .debug_str     0x0000000000000000       0xab _build/nrf52810_xxaa/gcc_startup_nrf52810.S.o
 .debug_str     0x00000000000000ab    0x56f00 _build/nrf52810_xxaa/nrf_log_backend_serial.c.o
                                      0x58213 (size before relaxing)
 .debug_str     0x0000000000056fab     0x764b _build/nrf52810_xxaa/nrf_log_backend_uart.c.o
                                      0x5f4f1 (size before relaxing)
 .debug_str     0x000000000005e5f6      0x131 _build/nrf52810_xxaa/nrf_log_default_backends.c.o
                                      0x57fab (size before relaxing)
 .debug_str     0x000000000005e727     0x1377 _build/nrf52810_xxaa/nrf_log_frontend.c.o
                                      0x59467 (size before relaxing)
 .debug_str     0x000000000005fa9e      0x69e _build/nrf52810_xxaa/nrf_log_str_formatter.c.o
                                      0x58671 (size before relaxing)
 .debug_str     0x000000000006013c     0x1638 _build/nrf52810_xxaa/app_button.c.o
                                      0x5c6db (size before relaxing)
 .debug_str     0x0000000000061774       0xf4 _build/nrf52810_xxaa/app_error.c.o
                                      0x48c0d (size before relaxing)
 .debug_str     0x0000000000061868      0xa20 _build/nrf52810_xxaa/app_error_weak.c.o
                                      0x58f1f (size before relaxing)
 .debug_str     0x0000000000062288      0xaf3 _build/nrf52810_xxaa/app_timer.c.o
                                      0x5bfd8 (size before relaxing)
 .debug_str     0x0000000000062d7b      0x24e _build/nrf52810_xxaa/app_util_platform.c.o
                                      0x49ce8 (size before relaxing)
 .debug_str     0x0000000000062fc9      0x6b9 _build/nrf52810_xxaa/nrf_atomic.c.o
                                      0x53c49 (size before relaxing)
 .debug_str     0x0000000000063682      0x164 _build/nrf52810_xxaa/nrf_balloc.c.o
                                      0x582db (size before relaxing)
 .debug_str     0x00000000000637e6      0x144 _build/nrf52810_xxaa/nrf_fprintf.c.o
                                      0x538a2 (size before relaxing)
 .debug_str     0x000000000006392a      0x11d _build/nrf52810_xxaa/nrf_fprintf_format.c.o
                                      0x53997 (size before relaxing)
 .debug_str     0x0000000000063a47      0x1a3 _build/nrf52810_xxaa/nrf_memobj.c.o
                                      0x566cf (size before relaxing)
 .debug_str     0x0000000000063bea     0x1660 _build/nrf52810_xxaa/nrf_pwr_mgmt.c.o
                                      0x6003f (size before relaxing)
 .debug_str     0x000000000006524a       0x54 _build/nrf52810_xxaa/nrf_section_iter.c.o
                                      0x53a71 (size before relaxing)
 .debug_str     0x000000000006529e       0xed _build/nrf52810_xxaa/nrf_strerror.c.o
                                      0x5360e (size before relaxing)
 .debug_str     0x000000000006538b      0x3a2 _build/nrf52810_xxaa/system_nrf52810.c.o
                                      0x44701 (size before relaxing)
 .debug_str     0x000000000006572d     0x148e _build/nrf52810_xxaa/boards.c.o
                                      0x5c094 (size before relaxing)
 .debug_str     0x0000000000066bbb      0xe49 _build/nrf52810_xxaa/nrf_drv_clock.c.o
                                      0x5f381 (size before relaxing)
 .debug_str     0x0000000000067a04      0x15b _build/nrf52810_xxaa/nrf_drv_uart.c.o
                                      0x5bed4 (size before relaxing)
 .debug_str     0x0000000000067b5f      0x74a _build/nrf52810_xxaa/nrfx_clock.c.o
                                      0x5e7ac (size before relaxing)
 .debug_str     0x00000000000682a9      0xd3d _build/nrf52810_xxaa/nrfx_gpiote.c.o
                                      0x5fad0 (size before relaxing)
 .debug_str     0x0000000000068fe6      0x2d7 _build/nrf52810_xxaa/nrfx_prs.c.o
                                      0x5dda2 (size before relaxing)
 .debug_str     0x00000000000692bd      0x9c3 _build/nrf52810_xxaa/nrfx_uarte.c.o
                                      0x5f4dc (size before relaxing)
 .debug_str     0x0000000000069c80      0xfe6 _build/nrf52810_xxaa/bsp.c.o
                                      0x5d150 (size before relaxing)
 .debug_str     0x000000000006ac66     0x574d _build/nrf52810_xxaa/main.c.o
                                      0x6616a (size before relaxing)
 .debug_str     0x00000000000703b3     0x1829 _build/nrf52810_xxaa/ble_advdata.c.o
                                      0x59f0a (size before relaxing)
 .debug_str     0x0000000000071bdc      0x52a _build/nrf52810_xxaa/nrf_sdh.c.o
                                      0x58d7a (size before relaxing)
 .debug_str     0x0000000000072106     0x11da _build/nrf52810_xxaa/nrf_sdh_ble.c.o
                                      0x5ce98 (size before relaxing)
 .debug_str     0x00000000000732e0      0x184 _build/nrf52810_xxaa/nrf_sdh_soc.c.o
                                      0x57dd6 (size before relaxing)

.debug_loc      0x0000000000000000     0xbde4
 .debug_loc     0x0000000000000000      0x186 _build/nrf52810_xxaa/nrf_log_backend_serial.c.o
 .debug_loc     0x0000000000000186      0x21d _build/nrf52810_xxaa/nrf_log_backend_uart.c.o
 .debug_loc     0x00000000000003a3       0x17 _build/nrf52810_xxaa/nrf_log_default_backends.c.o
 .debug_loc     0x00000000000003ba     0x1a09 _build/nrf52810_xxaa/nrf_log_frontend.c.o
 .debug_loc     0x0000000000001dc3      0x3bd _build/nrf52810_xxaa/nrf_log_str_formatter.c.o
 .debug_loc     0x0000000000002180      0x406 _build/nrf52810_xxaa/app_button.c.o
 .debug_loc     0x0000000000002586       0xcd _build/nrf52810_xxaa/app_error.c.o
 .debug_loc     0x0000000000002653       0x6f _build/nrf52810_xxaa/app_error_weak.c.o
 .debug_loc     0x00000000000026c2      0xcf3 _build/nrf52810_xxaa/app_timer.c.o
 .debug_loc     0x00000000000033b5      0x18f _build/nrf52810_xxaa/app_util_platform.c.o
 .debug_loc     0x0000000000003544      0x45f _build/nrf52810_xxaa/nrf_atomic.c.o
 .debug_loc     0x00000000000039a3      0x1a6 _build/nrf52810_xxaa/nrf_balloc.c.o
 .debug_loc     0x0000000000003b49       0x47 _build/nrf52810_xxaa/nrf_fprintf.c.o
 .debug_loc     0x0000000000003b90      0xa3d _build/nrf52810_xxaa/nrf_fprintf_format.c.o
 .debug_loc     0x00000000000045cd      0xb44 _build/nrf52810_xxaa/nrf_memobj.c.o
 .debug_loc     0x0000000000005111       0xc5 _build/nrf52810_xxaa/nrf_pwr_mgmt.c.o
 .debug_loc     0x00000000000051d6      0x11b _build/nrf52810_xxaa/nrf_strerror.c.o
 .debug_loc     0x00000000000052f1      0x83d _build/nrf52810_xxaa/boards.c.o
 .debug_loc     0x0000000000005b2e      0x541 _build/nrf52810_xxaa/nrf_drv_clock.c.o
 .debug_loc     0x000000000000606f      0x141 _build/nrf52810_xxaa/nrf_drv_uart.c.o
 .debug_loc     0x00000000000061b0      0x31a _build/nrf52810_xxaa/nrfx_clock.c.o
 .debug_loc     0x00000000000064ca     0x1d8f _build/nrf52810_xxaa/nrfx_gpiote.c.o
 .debug_loc     0x0000000000008259       0x25 _build/nrf52810_xxaa/nrfx_prs.c.o
 .debug_loc     0x000000000000827e     0x14e0 _build/nrf52810_xxaa/nrfx_uarte.c.o
 .debug_loc     0x000000000000975e      0xb28 _build/nrf52810_xxaa/bsp.c.o
 .debug_loc     0x000000000000a286      0x24f _build/nrf52810_xxaa/main.c.o
 .debug_loc     0x000000000000a4d5     0x11f6 _build/nrf52810_xxaa/ble_advdata.c.o
 .debug_loc     0x000000000000b6cb      0x3a1 _build/nrf52810_xxaa/nrf_sdh.c.o
 .debug_loc     0x000000000000ba6c      0x2e1 _build/nrf52810_xxaa/nrf_sdh_ble.c.o
 .debug_loc     0x000000000000bd4d       0x97 _build/nrf52810_xxaa/nrf_sdh_soc.c.o

.debug_ranges   0x0000000000000000     0x2af8
 .debug_ranges  0x0000000000000000       0x28 _build/nrf52810_xxaa/nrf_log_backend_serial.c.o
 .debug_ranges  0x0000000000000028       0x78 _build/nrf52810_xxaa/nrf_log_backend_uart.c.o
 .debug_ranges  0x00000000000000a0       0x10 _build/nrf52810_xxaa/nrf_log_default_backends.c.o
 .debug_ranges  0x00000000000000b0      0x3e8 _build/nrf52810_xxaa/nrf_log_frontend.c.o
 .debug_ranges  0x0000000000000498       0x68 _build/nrf52810_xxaa/nrf_log_str_formatter.c.o
 .debug_ranges  0x0000000000000500       0x70 _build/nrf52810_xxaa/app_button.c.o
 .debug_ranges  0x0000000000000570       0x18 _build/nrf52810_xxaa/app_error.c.o
 .debug_ranges  0x0000000000000588       0x28 _build/nrf52810_xxaa/app_error_weak.c.o
 .debug_ranges  0x00000000000005b0      0x410 _build/nrf52810_xxaa/app_timer.c.o
 .debug_ranges  0x00000000000009c0       0xa0 _build/nrf52810_xxaa/app_util_platform.c.o
 .debug_ranges  0x0000000000000a60      0x208 _build/nrf52810_xxaa/nrf_atomic.c.o
 .debug_ranges  0x0000000000000c68       0x50 _build/nrf52810_xxaa/nrf_balloc.c.o
 .debug_ranges  0x0000000000000cb8       0x18 _build/nrf52810_xxaa/nrf_fprintf.c.o
 .debug_ranges  0x0000000000000cd0       0x50 _build/nrf52810_xxaa/nrf_fprintf_format.c.o
 .debug_ranges  0x0000000000000d20       0x90 _build/nrf52810_xxaa/nrf_memobj.c.o
 .debug_ranges  0x0000000000000db0       0xb8 _build/nrf52810_xxaa/nrf_pwr_mgmt.c.o
 .debug_ranges  0x0000000000000e68       0x18 _build/nrf52810_xxaa/nrf_section_iter.c.o
 .debug_ranges  0x0000000000000e80       0x30 _build/nrf52810_xxaa/nrf_strerror.c.o
 .debug_ranges  0x0000000000000eb0       0x28 _build/nrf52810_xxaa/system_nrf52810.c.o
 .debug_ranges  0x0000000000000ed8      0x380 _build/nrf52810_xxaa/boards.c.o
 .debug_ranges  0x0000000000001258      0x1b0 _build/nrf52810_xxaa/nrf_drv_clock.c.o
 .debug_ranges  0x0000000000001408       0x18 _build/nrf52810_xxaa/nrf_drv_uart.c.o
 .debug_ranges  0x0000000000001420      0x148 _build/nrf52810_xxaa/nrfx_clock.c.o
 .debug_ranges  0x0000000000001568      0x850 _build/nrf52810_xxaa/nrfx_gpiote.c.o
 .debug_ranges  0x0000000000001db8       0x18 _build/nrf52810_xxaa/nrfx_prs.c.o
 .debug_ranges  0x0000000000001dd0      0x5e8 _build/nrf52810_xxaa/nrfx_uarte.c.o
 .debug_ranges  0x00000000000023b8      0x198 _build/nrf52810_xxaa/bsp.c.o
 .debug_ranges  0x0000000000002550       0x48 _build/nrf52810_xxaa/main.c.o
 .debug_ranges  0x0000000000002598      0x1d0 _build/nrf52810_xxaa/ble_advdata.c.o
 .debug_ranges  0x0000000000002768      0x258 _build/nrf52810_xxaa/nrf_sdh.c.o
 .debug_ranges  0x00000000000029c0       0xe0 _build/nrf52810_xxaa/nrf_sdh_ble.c.o
 .debug_ranges  0x0000000000002aa0       0x58 _build/nrf52810_xxaa/nrf_sdh_soc.c.o

.debug_macro    0x0000000000000000     0xab93
 .debug_macro   0x0000000000000000      0x396 _build/nrf52810_xxaa/nrf_log_backend_serial.c.o
 .debug_macro   0x0000000000000396       0x16 _build/nrf52810_xxaa/nrf_log_backend_serial.c.o
 .debug_macro   0x00000000000003ac       0x22 _build/nrf52810_xxaa/nrf_log_backend_serial.c.o
 .debug_macro   0x00000000000003ce       0x16 _build/nrf52810_xxaa/nrf_log_backend_serial.c.o
 .debug_macro   0x00000000000003e4       0x46 _build/nrf52810_xxaa/nrf_log_backend_serial.c.o
 .debug_macro   0x000000000000042a       0x70 _build/nrf52810_xxaa/nrf_log_backend_serial.c.o
 .debug_macro   0x000000000000049a       0x2e _build/nrf52810_xxaa/nrf_log_backend_serial.c.o
 .debug_macro   0x00000000000004c8       0x1c _build/nrf52810_xxaa/nrf_log_backend_serial.c.o
 .debug_macro   0x00000000000004e4       0x10 _build/nrf52810_xxaa/nrf_log_backend_serial.c.o
 .debug_macro   0x00000000000004f4       0x10 _build/nrf52810_xxaa/nrf_log_backend_serial.c.o
 .debug_macro   0x0000000000000504       0xb6 _build/nrf52810_xxaa/nrf_log_backend_serial.c.o
 .debug_macro   0x00000000000005ba       0x16 _build/nrf52810_xxaa/nrf_log_backend_serial.c.o
 .debug_macro   0x00000000000005d0      0x129 _build/nrf52810_xxaa/nrf_log_backend_serial.c.o
 .debug_macro   0x00000000000006f9       0x49 _build/nrf52810_xxaa/nrf_log_backend_serial.c.o
 .debug_macro   0x0000000000000742       0x8c _build/nrf52810_xxaa/nrf_log_backend_serial.c.o
 .debug_macro   0x00000000000007ce       0x31 _build/nrf52810_xxaa/nrf_log_backend_serial.c.o
 .debug_macro   0x00000000000007ff       0x46 _build/nrf52810_xxaa/nrf_log_backend_serial.c.o
 .debug_macro   0x0000000000000845       0x98 _build/nrf52810_xxaa/nrf_log_backend_serial.c.o
 .debug_macro   0x00000000000008dd       0x10 _build/nrf52810_xxaa/nrf_log_backend_serial.c.o
 .debug_macro   0x00000000000008ed       0x22 _build/nrf52810_xxaa/nrf_log_backend_serial.c.o
 .debug_macro   0x000000000000090f       0x1c _build/nrf52810_xxaa/nrf_log_backend_serial.c.o
 .debug_macro   0x000000000000092b      0x181 _build/nrf52810_xxaa/nrf_log_backend_serial.c.o
 .debug_macro   0x0000000000000aac      0x455 _build/nrf52810_xxaa/nrf_log_backend_uart.c.o
 .debug_macro   0x0000000000000f01      0x259 _build/nrf52810_xxaa/nrf_log_backend_uart.c.o
 .debug_macro   0x000000000000115a       0x36 _build/nrf52810_xxaa/nrf_log_backend_uart.c.o
 .debug_macro   0x0000000000001190      0xe27 _build/nrf52810_xxaa/nrf_log_backend_uart.c.o
 .debug_macro   0x0000000000001fb7       0xa3 _build/nrf52810_xxaa/nrf_log_backend_uart.c.o
 .debug_macro   0x000000000000205a       0x5a _build/nrf52810_xxaa/nrf_log_backend_uart.c.o
 .debug_macro   0x00000000000020b4       0x16 _build/nrf52810_xxaa/nrf_log_backend_uart.c.o
 .debug_macro   0x00000000000020ca       0x82 _build/nrf52810_xxaa/nrf_log_backend_uart.c.o
 .debug_macro   0x000000000000214c       0x22 _build/nrf52810_xxaa/nrf_log_backend_uart.c.o
 .debug_macro   0x000000000000216e       0x40 _build/nrf52810_xxaa/nrf_log_backend_uart.c.o
 .debug_macro   0x00000000000021ae       0x20 _build/nrf52810_xxaa/nrf_log_backend_uart.c.o
 .debug_macro   0x00000000000021ce       0x10 _build/nrf52810_xxaa/nrf_log_backend_uart.c.o
 .debug_macro   0x00000000000021de       0x10 _build/nrf52810_xxaa/nrf_log_backend_uart.c.o
 .debug_macro   0x00000000000021ee      0x11f _build/nrf52810_xxaa/nrf_log_backend_uart.c.o
 .debug_macro   0x000000000000230d      0x387 _build/nrf52810_xxaa/nrf_log_default_backends.c.o
 .debug_macro   0x0000000000002694       0x10 _build/nrf52810_xxaa/nrf_log_default_backends.c.o
 .debug_macro   0x00000000000026a4      0x3e8 _build/nrf52810_xxaa/nrf_log_frontend.c.o
 .debug_macro   0x0000000000002a8c       0x16 _build/nrf52810_xxaa/nrf_log_frontend.c.o
 .debug_macro   0x0000000000002aa2       0x9a _build/nrf52810_xxaa/nrf_log_frontend.c.o
 .debug_macro   0x0000000000002b3c       0x9e _build/nrf52810_xxaa/nrf_log_frontend.c.o
 .debug_macro   0x0000000000002bda      0x3d2 _build/nrf52810_xxaa/nrf_log_str_formatter.c.o
 .debug_macro   0x0000000000002fac       0xa2 _build/nrf52810_xxaa/nrf_log_str_formatter.c.o
 .debug_macro   0x000000000000304e      0x3cf _build/nrf52810_xxaa/app_button.c.o
 .debug_macro   0x000000000000341d       0x3f _build/nrf52810_xxaa/app_button.c.o
 .debug_macro   0x000000000000345c       0x19 _build/nrf52810_xxaa/app_button.c.o
 .debug_macro   0x0000000000003475       0x7b _build/nrf52810_xxaa/app_button.c.o
 .debug_macro   0x00000000000034f0       0x16 _build/nrf52810_xxaa/app_button.c.o
 .debug_macro   0x0000000000003506       0x1c _build/nrf52810_xxaa/app_button.c.o
 .debug_macro   0x0000000000003522       0x42 _build/nrf52810_xxaa/app_button.c.o