Archive member included to satisfy reference by file (symbol)

/home/eduards/gnuarmemb/bin/../lib/gcc/arm-none-eabi/9.2.1/../../../../arm-none-eabi/lib/thumb/v7e-m/nofp/libc_nano.a(lib_a-ctype_.o)
                              _build/nrf52810_xxaa/nrf_log_str_formatter.c.o (_ctype_)
/home/eduards/gnuarmemb/bin/../lib/gcc/arm-none-eabi/9.2.1/../../../../arm-none-eabi/lib/thumb/v7e-m/nofp/libc_nano.a(lib_a-exit.o)
                              /home/eduards/gnuarmemb/bin/../lib/gcc/arm-none-eabi/9.2.1/../../../../arm-none-eabi/lib/thumb/v7e-m/nofp/crt0.o (exit)
/home/eduards/gnuarmemb/bin/../lib/gcc/arm-none-eabi/9.2.1/../../../../arm-none-eabi/lib/thumb/v7e-m/nofp/libc_nano.a(lib_a-impure.o)
                              /home/eduards/gnuarmemb/bin/../lib/gcc/arm-none-eabi/9.2.1/../../../../arm-none-eabi/lib/thumb/v7e-m/nofp/libc_nano.a(lib_a-exit.o) (_global_impure_ptr)
/home/eduards/gnuarmemb/bin/../lib/gcc/arm-none-eabi/9.2.1/../../../../arm-none-eabi/lib/thumb/v7e-m/nofp/libc_nano.a(lib_a-init.o)
                              /home/eduards/gnuarmemb/bin/../lib/gcc/arm-none-eabi/9.2.1/../../../../arm-none-eabi/lib/thumb/v7e-m/nofp/crt0.o (__libc_init_array)
/home/eduards/gnuarmemb/bin/../lib/gcc/arm-none-eabi/9.2.1/../../../../arm-none-eabi/lib/thumb/v7e-m/nofp/libc_nano.a(lib_a-memcmp.o)
                              _build/nrf52810_xxaa/ble_advdata.c.o (memcmp)
/home/eduards/gnuarmemb/bin/../lib/gcc/arm-none-eabi/9.2.1/../../../../arm-none-eabi/lib/thumb/v7e-m/nofp/libc_nano.a(lib_a-memcpy-stub.o)
                              _build/nrf52810_xxaa/nrf_log_frontend.c.o (memcpy)
/home/eduards/gnuarmemb/bin/../lib/gcc/arm-none-eabi/9.2.1/../../../../arm-none-eabi/lib/thumb/v7e-m/nofp/libc_nano.a(lib_a-memset.o)
                              /home/eduards/gnuarmemb/bin/../lib/gcc/arm-none-eabi/9.2.1/../../../../arm-none-eabi/lib/thumb/v7e-m/nofp/crt0.o (memset)
/home/eduards/gnuarmemb/bin/../lib/gcc/arm-none-eabi/9.2.1/../../../../arm-none-eabi/lib/thumb/v7e-m/nofp/libc_nano.a(lib_a-strcpy.o)
                              _build/nrf52810_xxaa/SEGGER_RTT.c.o (strcpy)
/home/eduards/gnuarmemb/bin/../lib/gcc/arm-none-eabi/9.2.1/../../../../arm-none-eabi/lib/thumb/v7e-m/nofp/libc_nano.a(lib_a-strlen.o)
                              _build/nrf52810_xxaa/nrf_log_frontend.c.o (strlen)
/home/eduards/gnuarmemb/bin/../lib/gcc/arm-none-eabi/9.2.1/../../../../arm-none-eabi/lib/thumb/v7e-m/nofp/libnosys.a(_exit.o)
                              /home/eduards/gnuarmemb/bin/../lib/gcc/arm-none-eabi/9.2.1/../../../../arm-none-eabi/lib/thumb/v7e-m/nofp/libc_nano.a(lib_a-exit.o) (_exit)

Allocating common symbols
Common symbol       size              file

nrf_nvic_state      0xc               _build/nrf52810_xxaa/app_util_platform.c.o
_SEGGER_RTT         0x78              _build/nrf52810_xxaa/SEGGER_RTT.c.o

Discarded input sections

 .text          0x0000000000000000        0x0 /home/eduards/gnuarmemb/bin/../lib/gcc/arm-none-eabi/9.2.1/thumb/v7e-m/nofp/crti.o
 .data          0x0000000000000000        0x0 /home/eduards/gnuarmemb/bin/../lib/gcc/arm-none-eabi/9.2.1/thumb/v7e-m/nofp/crti.o
 .bss           0x0000000000000000        0x0 /home/eduards/gnuarmemb/bin/../lib/gcc/arm-none-eabi/9.2.1/thumb/v7e-m/nofp/crti.o
 .data          0x0000000000000000        0x4 /home/eduards/gnuarmemb/bin/../lib/gcc/arm-none-eabi/9.2.1/thumb/v7e-m/nofp/crtbegin.o
 .data          0x0000000000000000        0x0 /home/eduards/gnuarmemb/bin/../lib/gcc/arm-none-eabi/9.2.1/../../../../arm-none-eabi/lib/thumb/v7e-m/nofp/crt0.o
 .bss           0x0000000000000000        0x0 /home/eduards/gnuarmemb/bin/../lib/gcc/arm-none-eabi/9.2.1/../../../../arm-none-eabi/lib/thumb/v7e-m/nofp/crt0.o
 .ARM.extab     0x0000000000000000        0x0 /home/eduards/gnuarmemb/bin/../lib/gcc/arm-none-eabi/9.2.1/../../../../arm-none-eabi/lib/thumb/v7e-m/nofp/crt0.o
 .data          0x0000000000000000        0x0 _build/nrf52810_xxaa/gcc_startup_nrf52810.S.o
 .bss           0x0000000000000000        0x0 _build/nrf52810_xxaa/gcc_startup_nrf52810.S.o
 .group         0x0000000000000000        0xc _build/nrf52810_xxaa/nrf_log_backend_rtt.c.o
 .group         0x0000000000000000        0xc _build/nrf52810_xxaa/nrf_log_backend_rtt.c.o
 .group         0x0000000000000000        0xc _build/nrf52810_xxaa/nrf_log_backend_rtt.c.o
 .group         0x0000000000000000        0xc _build/nrf52810_xxaa/nrf_log_backend_rtt.c.o
 .group         0x0000000000000000        0xc _build/nrf52810_xxaa/nrf_log_backend_rtt.c.o
 .group         0x0000000000000000        0xc _build/nrf52810_xxaa/nrf_log_backend_rtt.c.o
 .group         0x0000000000000000        0xc _build/nrf52810_xxaa/nrf_log_backend_rtt.c.o
 .group         0x0000000000000000        0xc _build/nrf52810_xxaa/nrf_log_backend_rtt.c.o
 .group         0x0000000000000000        0xc _build/nrf52810_xxaa/nrf_log_backend_rtt.c.o
 .group         0x0000000000000000        0xc _build/nrf52810_xxaa/nrf_log_backend_rtt.c.o
[...]
Memory Configuration

Name             Origin             Length             Attributes
FLASH            0x0000000000019000 0x0000000000017000 xr
RAM              0x0000000020001c18 0x00000000000043e8 xrw
*default*        0x0000000000000000 0xffffffffffffffff

Linker script and memory map


.text           0x0000000000019000     0x49d4
 *(.isr_vector)
 .isr_vector    0x0000000000019000      0x200 _build/nrf52810_xxaa/gcc_startup_nrf52810.S.o
                0x0000000000019000                __isr_vector
 *(.text*)
 .text          0x0000000000019200       0x40 /home/eduards/gnuarmemb/bin/../lib/gcc/arm-none-eabi/9.2.1/thumb/v7e-m/nofp/crtbegin.o
 .text          0x0000000000019240       0x74 /home/eduards/gnuarmemb/bin/../lib/gcc/arm-none-eabi/9.2.1/../../../../arm-none-eabi/lib/thumb/v7e-m/nofp/crt0.o
                0x0000000000019240                _mainCRTStartup
                0x0000000000019240                _start
 .text          0x00000000000192b4       0x3c _build/nrf52810_xxaa/gcc_startup_nrf52810.S.o
                0x00000000000192b4                Reset_Handler
                0x00000000000192dc                NMI_Handler
                0x00000000000192de                HardFault_Handler
                0x00000000000192e0                MemoryManagement_Handler
                0x00000000000192e2                BusFault_Handler
                0x00000000000192e4                UsageFault_Handler
                0x00000000000192e6                SVC_Handler
                0x00000000000192e8                DebugMon_Handler
                0x00000000000192ea                PendSV_Handler
                0x00000000000192ec                SysTick_Handler
                0x00000000000192ee                TIMER2_IRQHandler
                0x00000000000192ee                RTC0_IRQHandler
                0x00000000000192ee                RADIO_IRQHandler
                0x00000000000192ee                PDM_IRQHandler
                0x00000000000192ee                SWI4_IRQHandler
                0x00000000000192ee                TEMP_IRQHandler
                0x00000000000192ee                QDEC_IRQHandler
                0x00000000000192ee                SWI5_IRQHandler
                0x00000000000192ee                TIMER0_IRQHandler
                0x00000000000192ee                TIMER1_IRQHandler
                0x00000000000192ee                ECB_IRQHandler
                0x00000000000192ee                Default_Handler
                0x00000000000192ee                SWI3_IRQHandler
                0x00000000000192ee                SAADC_IRQHandler
                0x00000000000192ee                CCM_AAR_IRQHandler
                0x00000000000192ee                WDT_IRQHandler
                0x00000000000192ee                TWIM0_TWIS0_IRQHandler
                0x00000000000192ee                RNG_IRQHandler
                0x00000000000192ee                COMP_IRQHandler
                0x00000000000192ee                PWM0_IRQHandler
                0x00000000000192ee                SWI1_EGU1_IRQHandler
                0x00000000000192ee                SPIM0_SPIS0_IRQHandler
 .text.nrf_log_backend_serial_put
                0x00000000000192f0       0xc2 _build/nrf52810_xxaa/nrf_log_backend_serial.c.o
                0x00000000000192f0                nrf_log_backend_serial_put
 *fill*         0x00000000000193b2        0x2 
 .text.uart_evt_handler
                0x00000000000193b4        0xc _build/nrf52810_xxaa/nrf_log_backend_uart.c.o
 .text.nrf_log_backend_uart_flush
                0x00000000000193c0        0x2 _build/nrf52810_xxaa/nrf_log_backend_uart.c.o
 *fill*         0x00000000000193c2        0x2 
 .text.uart_init
                0x00000000000193c4       0x5c _build/nrf52810_xxaa/nrf_log_backend_uart.c.o
 .text.nrf_log_backend_uart_panic_set
                0x0000000000019420       0x18 _build/nrf52810_xxaa/nrf_log_backend_uart.c.o
 .text.nrf_log_backend_uart_put
                0x0000000000019438       0x1c _build/nrf52810_xxaa/nrf_log_backend_uart.c.o
 .text.serial_tx
                0x0000000000019454       0x30 _build/nrf52810_xxaa/nrf_log_backend_uart.c.o
 .text.nrf_log_backend_uart_init
                0x0000000000019484        0x6 _build/nrf52810_xxaa/nrf_log_backend_uart.c.o
                0x0000000000019484                nrf_log_backend_uart_init
 *fill*         0x000000000001948a        0x2 
 .text.nrf_log_default_backends_init
                0x000000000001948c       0x1c _build/nrf52810_xxaa/nrf_log_default_backends.c.o
                0x000000000001948c                nrf_log_default_backends_init
 .text.invalid_packets_pushed_str_omit
                0x00000000000194a8       0x50 _build/nrf52810_xxaa/nrf_log_frontend.c.o
 .text.buf_prealloc
                0x00000000000194f8      0x138 _build/nrf52810_xxaa/nrf_log_frontend.c.o
 .text.nrf_log_init
                0x0000000000019630       0x50 _build/nrf52810_xxaa/nrf_log_frontend.c.o
                0x0000000000019630                nrf_log_init
 .text.nrf_log_module_name_get
                0x0000000000019680       0x38 _build/nrf52810_xxaa/nrf_log_frontend.c.o
                0x0000000000019680                nrf_log_module_name_get
 .text.nrf_log_color_id_get
                0x00000000000196b8       0x2c _build/nrf52810_xxaa/nrf_log_frontend.c.o
                0x00000000000196b8                nrf_log_color_id_get
 .text.buffer_is_empty
                0x00000000000196e4       0x14 _build/nrf52810_xxaa/nrf_log_frontend.c.o
                0x00000000000196e4                buffer_is_empty
 .text.nrf_log_frontend_dequeue
                0x00000000000196f8      0x210 _build/nrf52810_xxaa/nrf_log_frontend.c.o
                0x00000000000196f8                nrf_log_frontend_dequeue
 .text.std_n    0x0000000000019908       0x98 _build/nrf52810_xxaa/nrf_log_frontend.c.o
 .text.nrf_log_frontend_std_0
                0x00000000000199a0        0x8 _build/nrf52810_xxaa/nrf_log_frontend.c.o
                0x00000000000199a0                nrf_log_frontend_std_0
 .text.nrf_log_frontend_std_1
                0x00000000000199a8       0x12 _build/nrf52810_xxaa/nrf_log_frontend.c.o
                0x00000000000199a8                nrf_log_frontend_std_1
 .text.nrf_log_frontend_std_2
                0x00000000000199ba       0x14 _build/nrf52810_xxaa/nrf_log_frontend.c.o
                0x00000000000199ba                nrf_log_frontend_std_2
 *fill*         0x00000000000199ce        0x2 
 .text.nrf_log_backend_add
                0x00000000000199d0       0x48 _build/nrf52810_xxaa/nrf_log_frontend.c.o
                0x00000000000199d0                nrf_log_backend_add
 .text.nrf_log_panic
                0x0000000000019a18       0x28 _build/nrf52810_xxaa/nrf_log_frontend.c.o
                0x0000000000019a18                nrf_log_panic
 .text.postfix_process
                0x0000000000019a40       0x3c _build/nrf52810_xxaa/nrf_log_str_formatter.c.o
 .text.prefix_process
                0x0000000000019a7c       0x78 _build/nrf52810_xxaa/nrf_log_str_formatter.c.o
 .text.nrf_log_std_entry_process
                0x0000000000019af4       0xc8 _build/nrf52810_xxaa/nrf_log_str_formatter.c.o
                0x0000000000019af4                nrf_log_std_entry_process
 .text.nrf_log_hexdump_entry_process
                0x0000000000019bbc       0xb4 _build/nrf52810_xxaa/nrf_log_str_formatter.c.o
                0x0000000000019bbc                nrf_log_hexdump_entry_process
 .text.detection_delay_timeout_handler
                0x0000000000019c70       0xf0 _build/nrf52810_xxaa/app_button.c.o
 .text.gpiote_event_handler
                0x0000000000019d60       0x90 _build/nrf52810_xxaa/app_button.c.o
 .text.app_button_init
                0x0000000000019df0       0xa8 _build/nrf52810_xxaa/app_button.c.o
                0x0000000000019df0                app_button_init
 .text.app_button_enable
                0x0000000000019e98       0x2c _build/nrf52810_xxaa/app_button.c.o
                0x0000000000019e98                app_button_enable
 .text.app_button_disable
                0x0000000000019ec4       0x34 _build/nrf52810_xxaa/app_button.c.o
                0x0000000000019ec4                app_button_disable
 .text.app_error_handler_bare
                0x0000000000019ef8       0x1a _build/nrf52810_xxaa/app_error.c.o
                0x0000000000019ef8                app_error_handler_bare
 *fill*         0x0000000000019f12        0x2 
 .text.app_error_fault_handler
                0x0000000000019f14       0x6c _build/nrf52810_xxaa/app_error_weak.c.o
                0x0000000000019f14                app_error_fault_handler
 .text.user_op_alloc
                0x0000000000019f80       0x2c _build/nrf52810_xxaa/app_timer.c.o
 .text.timer_stop_op_schedule
                0x0000000000019fac       0x50 _build/nrf52810_xxaa/app_timer.c.o
 .text.nrfx_coredep_delay_us.part.0.constprop.0
                0x0000000000019ffc       0x10 _build/nrf52810_xxaa/app_timer.c.o
 .text.rtc1_stop
                0x000000000001a00c       0x44 _build/nrf52810_xxaa/app_timer.c.o
 .text.RTC1_IRQHandler
                0x000000000001a050       0x9c _build/nrf52810_xxaa/app_timer.c.o
                0x000000000001a050                RTC1_IRQHandler
 .text.SWI0_EGU0_IRQHandler
                0x000000000001a0ec      0x2bc _build/nrf52810_xxaa/app_timer.c.o
                0x000000000001a0ec                SWI0_EGU0_IRQHandler
 .text.app_timer_init
                0x000000000001a3a8       0x60 _build/nrf52810_xxaa/app_timer.c.o
                0x000000000001a3a8                app_timer_init
 .text.app_timer_create
                0x000000000001a408       0x24 _build/nrf52810_xxaa/app_timer.c.o
                0x000000000001a408                app_timer_create
 .text.app_timer_start
                0x000000000001a42c       0x90 _build/nrf52810_xxaa/app_timer.c.o
                0x000000000001a42c                app_timer_start
 .text.app_timer_stop
                0x000000000001a4bc       0x20 _build/nrf52810_xxaa/app_timer.c.o
                0x000000000001a4bc                app_timer_stop
 .text.app_util_critical_region_enter
                0x000000000001a4dc       0x48 _build/nrf52810_xxaa/app_util_platform.c.o
                0x000000000001a4dc                app_util_critical_region_enter
 .text.app_util_critical_region_exit
                0x000000000001a524       0x2c _build/nrf52810_xxaa/app_util_platform.c.o
                0x000000000001a524                app_util_critical_region_exit
 .text.nrf_atflags_set
                0x000000000001a550       0x12 _build/nrf52810_xxaa/nrf_atflags.c.o
                0x000000000001a550                nrf_atflags_set
 .text.nrf_atflags_clear
                0x000000000001a562       0x14 _build/nrf52810_xxaa/nrf_atflags.c.o
                0x000000000001a562                nrf_atflags_clear
 .text.nrf_atflags_get
                0x000000000001a576       0x12 _build/nrf52810_xxaa/nrf_atflags.c.o
                0x000000000001a576                nrf_atflags_get
 .text.nrf_atomic_u32_fetch_store
                0x000000000001a588       0x16 _build/nrf52810_xxaa/nrf_atomic.c.o
                0x000000000001a588                nrf_atomic_u32_fetch_store
 .text.nrf_atomic_u32_or
                0x000000000001a59e       0x18 _build/nrf52810_xxaa/nrf_atomic.c.o
                0x000000000001a59e                nrf_atomic_u32_or
 .text.nrf_atomic_u32_fetch_and
                0x000000000001a5b6       0x18 _build/nrf52810_xxaa/nrf_atomic.c.o
                0x000000000001a5b6                nrf_atomic_u32_fetch_and
 .text.nrf_atomic_u32_and
                0x000000000001a5ce       0x18 _build/nrf52810_xxaa/nrf_atomic.c.o
                0x000000000001a5ce                nrf_atomic_u32_and
 .text.nrf_atomic_u32_add
                0x000000000001a5e6       0x18 _build/nrf52810_xxaa/nrf_atomic.c.o
                0x000000000001a5e6                nrf_atomic_u32_add
 .text.nrf_atomic_u32_sub
                0x000000000001a5fe       0x18 _build/nrf52810_xxaa/nrf_atomic.c.o
                0x000000000001a5fe                nrf_atomic_u32_sub
 .text.nrf_atomic_flag_set
                0x000000000001a616        0x6 _build/nrf52810_xxaa/nrf_atomic.c.o
                0x000000000001a616                nrf_atomic_flag_set
 .text.nrf_atomic_flag_clear_fetch
                0x000000000001a61c        0x6 _build/nrf52810_xxaa/nrf_atomic.c.o
                0x000000000001a61c                nrf_atomic_flag_clear_fetch
 .text.nrf_balloc_init
                0x000000000001a622       0x2e _build/nrf52810_xxaa/nrf_balloc.c.o
                0x000000000001a622                nrf_balloc_init
 .text.nrf_balloc_alloc
                0x000000000001a650       0x4c _build/nrf52810_xxaa/nrf_balloc.c.o
                0x000000000001a650                nrf_balloc_alloc
 .text.nrf_balloc_free
                0x000000000001a69c       0x34 _build/nrf52810_xxaa/nrf_balloc.c.o
                0x000000000001a69c                nrf_balloc_free
 .text.nrf_fprintf_buffer_flush
                0x000000000001a6d0       0x16 _build/nrf52810_xxaa/nrf_fprintf.c.o
                0x000000000001a6d0                nrf_fprintf_buffer_flush
 .text.nrf_fprintf
                0x000000000001a6e6       0x1c _build/nrf52810_xxaa/nrf_fprintf.c.o
                0x000000000001a6e6                nrf_fprintf
 .text.buffer_add
                0x000000000001a702       0x1e _build/nrf52810_xxaa/nrf_fprintf_format.c.o
 .text.unsigned_print
                0x000000000001a720       0xb4 _build/nrf52810_xxaa/nrf_fprintf_format.c.o
 .text.nrf_fprintf_fmt
                0x000000000001a7d4      0x29c _build/nrf52810_xxaa/nrf_fprintf_format.c.o
                0x000000000001a7d4                nrf_fprintf_fmt
 .text.nrf_memobj_pool_init
                0x000000000001aa70        0x4 _build/nrf52810_xxaa/nrf_memobj.c.o
                0x000000000001aa70                nrf_memobj_pool_init
 .text.nrf_memobj_free
                0x000000000001aa74       0x2c _build/nrf52810_xxaa/nrf_memobj.c.o
                0x000000000001aa74                nrf_memobj_free
 .text.nrf_memobj_alloc
                0x000000000001aaa0       0x5e _build/nrf52810_xxaa/nrf_memobj.c.o
                0x000000000001aaa0                nrf_memobj_alloc
 .text.nrf_memobj_get
                0x000000000001aafe        0x8 _build/nrf52810_xxaa/nrf_memobj.c.o
                0x000000000001aafe                nrf_memobj_get
 .text.nrf_memobj_put
                0x000000000001ab06       0x1e _build/nrf52810_xxaa/nrf_memobj.c.o
                0x000000000001ab06                nrf_memobj_put
 .text.nrf_memobj_write
                0x000000000001ab24       0x52 _build/nrf52810_xxaa/nrf_memobj.c.o
                0x000000000001ab24                nrf_memobj_write
 .text.nrf_memobj_read
                0x000000000001ab76       0x52 _build/nrf52810_xxaa/nrf_memobj.c.o
                0x000000000001ab76                nrf_memobj_read
 .text.sd_app_evt_wait
                0x000000000001abc8        0x4 _build/nrf52810_xxaa/nrf_pwr_mgmt.c.o
 .text.nrf_pwr_mgmt_init
                0x000000000001abcc       0x2c _build/nrf52810_xxaa/nrf_pwr_mgmt.c.o
                0x000000000001abcc                nrf_pwr_mgmt_init
 .text.nrf_pwr_mgmt_run
                0x000000000001abf8       0x18 _build/nrf52810_xxaa/nrf_pwr_mgmt.c.o
                0x000000000001abf8                nrf_pwr_mgmt_run
 .text.nrf_section_iter_init
                0x000000000001ac10       0x12 _build/nrf52810_xxaa/nrf_section_iter.c.o
                0x000000000001ac10                nrf_section_iter_init
 .text.nrf_section_iter_next
                0x000000000001ac22       0x18 _build/nrf52810_xxaa/nrf_section_iter.c.o
                0x000000000001ac22                nrf_section_iter_next
 *fill*         0x000000000001ac3a        0x2 
 .text.nrf_strerror_find
                0x000000000001ac3c       0x3c _build/nrf52810_xxaa/nrf_strerror.c.o
                0x000000000001ac3c                nrf_strerror_find
 .text.nrf_strerror_get
                0x000000000001ac78       0x14 _build/nrf52810_xxaa/nrf_strerror.c.o
                0x000000000001ac78                nrf_strerror_get
 .text.errata_12
                0x000000000001ac8c       0x40 _build/nrf52810_xxaa/system_nrf52810.c.o
 .text.errata_16
                0x000000000001accc       0x34 _build/nrf52810_xxaa/system_nrf52810.c.o
 .text.SystemInit
                0x000000000001ad00      0x218 _build/nrf52810_xxaa/system_nrf52810.c.o
                0x000000000001ad00                SystemInit
 .text.bsp_board_led_on
                0x000000000001af18        0xe _build/nrf52810_xxaa/boards.c.o
                0x000000000001af18                bsp_board_led_on
 .text.bsp_board_led_off
                0x000000000001af26        0xe _build/nrf52810_xxaa/boards.c.o
                0x000000000001af26                bsp_board_led_off
 .text.bsp_board_leds_off
                0x000000000001af34        0xe _build/nrf52810_xxaa/boards.c.o
                0x000000000001af34                bsp_board_leds_off
 .text.bsp_board_init
                0x000000000001af42       0x24 _build/nrf52810_xxaa/boards.c.o
                0x000000000001af42                bsp_board_init
 *fill*         0x000000000001af66        0x2 
 .text.clock_clk_started_notify
                0x000000000001af68       0x24 _build/nrf52810_xxaa/nrf_drv_clock.c.o
 .text.clock_irq_handler
                0x000000000001af8c       0x1c _build/nrf52810_xxaa/nrf_drv_clock.c.o
 .text.soc_evt_handler
                0x000000000001afa8       0x14 _build/nrf52810_xxaa/nrf_drv_clock.c.o
 .text.nrf_drv_clock_init
                0x000000000001afbc       0x38 _build/nrf52810_xxaa/nrf_drv_clock.c.o
                0x000000000001afbc                nrf_drv_clock_init
 .text.nrf_drv_clock_lfclk_release
                0x000000000001aff4       0x34 _build/nrf52810_xxaa/nrf_drv_clock.c.o
                0x000000000001aff4                nrf_drv_clock_lfclk_release
 .text.sd_state_evt_handler
                0x000000000001b028       0x58 _build/nrf52810_xxaa/nrf_drv_clock.c.o
 .text.uarte_evt_handler
                0x000000000001b080       0x34 _build/nrf52810_xxaa/nrf_drv_uart.c.o
 .text.nrf_drv_uart_init
                0x000000000001b0b4       0x50 _build/nrf52810_xxaa/nrf_drv_uart.c.o
                0x000000000001b0b4                nrf_drv_uart_init
 .text.nrf_clock_event_clear
                0x000000000001b104       0x14 _build/nrf52810_xxaa/nrfx_clock.c.o
 .text.nrfx_clock_init
                0x000000000001b118       0x18 _build/nrf52810_xxaa/nrfx_clock.c.o
                0x000000000001b118                nrfx_clock_init
 .text.nrfx_clock_enable
                0x000000000001b130       0x28 _build/nrf52810_xxaa/nrfx_clock.c.o
                0x000000000001b130                nrfx_clock_enable
 .text.nrfx_clock_lfclk_stop
                0x000000000001b158       0x18 _build/nrf52810_xxaa/nrfx_clock.c.o
                0x000000000001b158                nrfx_clock_lfclk_stop
 .text.POWER_CLOCK_IRQHandler
                0x000000000001b170       0x58 _build/nrf52810_xxaa/nrfx_clock.c.o
                0x000000000001b170                POWER_CLOCK_IRQHandler
 .text.nrf_gpiote_event_clear
                0x000000000001b1c8       0x18 _build/nrf52810_xxaa/nrfx_gpiote.c.o
 .text.nrf_gpio_cfg_sense_set
                0x000000000001b1e0       0x20 _build/nrf52810_xxaa/nrfx_gpiote.c.o
 .text.channel_free
                0x000000000001b200       0x1c _build/nrf52810_xxaa/nrfx_gpiote.c.o
 .text.nrfx_gpiote_init
                0x000000000001b21c       0x74 _build/nrf52810_xxaa/nrfx_gpiote.c.o
                0x000000000001b21c                nrfx_gpiote_init
 .text.nrfx_gpiote_is_init
                0x000000000001b290       0x14 _build/nrf52810_xxaa/nrfx_gpiote.c.o
                0x000000000001b290                nrfx_gpiote_is_init
 .text.nrfx_gpiote_in_init
                0x000000000001b2a4       0xe8 _build/nrf52810_xxaa/nrfx_gpiote.c.o
                0x000000000001b2a4                nrfx_gpiote_in_init
 .text.nrfx_gpiote_in_event_enable
                0x000000000001b38c       0x88 _build/nrf52810_xxaa/nrfx_gpiote.c.o
                0x000000000001b38c                nrfx_gpiote_in_event_enable
 .text.nrfx_gpiote_in_event_disable
                0x000000000001b414       0x44 _build/nrf52810_xxaa/nrfx_gpiote.c.o
                0x000000000001b414                nrfx_gpiote_in_event_disable
 .text.nrfx_gpiote_in_is_set
                0x000000000001b458       0x12 _build/nrf52810_xxaa/nrfx_gpiote.c.o
                0x000000000001b458                nrfx_gpiote_in_is_set
 *fill*         0x000000000001b46a        0x2 
 .text.GPIOTE_IRQHandler
                0x000000000001b46c      0x184 _build/nrf52810_xxaa/nrfx_gpiote.c.o
                0x000000000001b46c                GPIOTE_IRQHandler
 .text.nrfx_prs_acquire
                0x000000000001b5f0        0x4 _build/nrf52810_xxaa/nrfx_prs.c.o
                0x000000000001b5f0                nrfx_prs_acquire
 .text.nrfx_prs_release
                0x000000000001b5f4        0x2 _build/nrf52810_xxaa/nrfx_prs.c.o
                0x000000000001b5f4                nrfx_prs_release
 .text.nrf_uarte_event_clear
                0x000000000001b5f6       0x10 _build/nrf52810_xxaa/nrfx_uarte.c.o
 *fill*         0x000000000001b606        0x2 
 .text.rx_done_event.constprop.0
                0x000000000001b608       0x24 _build/nrf52810_xxaa/nrfx_uarte.c.o
 .text.UARTE0_IRQHandler
                0x000000000001b62c       0xe8 _build/nrf52810_xxaa/nrfx_uarte.c.o
                0x000000000001b62c                UARTE0_IRQHandler
 .text.nrfx_uarte_init
                0x000000000001b714      0x19c _build/nrf52810_xxaa/nrfx_uarte.c.o
                0x000000000001b714                nrfx_uarte_init
 .text.nrfx_uarte_uninit
                0x000000000001b8b0       0xd0 _build/nrf52810_xxaa/nrfx_uarte.c.o
                0x000000000001b8b0                nrfx_uarte_uninit
 .text.nrfx_uarte_tx
                0x000000000001b980       0x88 _build/nrf52810_xxaa/nrfx_uarte.c.o
                0x000000000001b980                nrfx_uarte_tx
 .text.sd_ble_gap_adv_set_configure
                0x000000000001ba08        0x4 _build/nrf52810_xxaa/main.c.o
 .text.sd_ble_gap_adv_start
                0x000000000001ba0c        0x4 _build/nrf52810_xxaa/main.c.o
 .text.sd_ble_gap_disconnect
                0x000000000001ba10        0x4 _build/nrf52810_xxaa/main.c.o
 .text.sd_ble_gap_ppcp_set
                0x000000000001ba14        0x4 _build/nrf52810_xxaa/main.c.o
 .text.sd_ble_gap_device_name_set
                0x000000000001ba18        0x4 _build/nrf52810_xxaa/main.c.o
 .text.sd_ble_gap_sec_params_reply
                0x000000000001ba1c        0x4 _build/nrf52810_xxaa/main.c.o
 .text.sd_ble_gap_phy_update
                0x000000000001ba20        0x4 _build/nrf52810_xxaa/main.c.o
 .text.sd_ble_gatts_sys_attr_set
                0x000000000001ba24        0x4 _build/nrf52810_xxaa/main.c.o
 .text.nrf_qwr_error_handler
                0x000000000001ba28        0x4 _build/nrf52810_xxaa/main.c.o
 .text.advertising_start
                0x000000000001ba2c       0x20 _build/nrf52810_xxaa/main.c.o
 .text.ble_evt_handler
                0x000000000001ba4c       0xe0 _build/nrf52810_xxaa/main.c.o
 .text.on_conn_params_evt
                0x000000000001bb2c       0x20 _build/nrf52810_xxaa/main.c.o
 .text.button_event_handler
                0x000000000001bb4c       0x54 _build/nrf52810_xxaa/main.c.o
 .text.led_write_handler
                0x000000000001bba0       0x38 _build/nrf52810_xxaa/main.c.o
 .text.conn_params_error_handler
                0x000000000001bbd8        0x4 _build/nrf52810_xxaa/main.c.o
 .text.startup.main
                0x000000000001bbdc      0x20c _build/nrf52810_xxaa/main.c.o
                0x000000000001bbdc                main
 .text.sd_ble_gap_addr_get
                0x000000000001bde8        0x4 _build/nrf52810_xxaa/ble_advdata.c.o
 .text.sd_ble_gap_appearance_get
                0x000000000001bdec        0x4 _build/nrf52810_xxaa/ble_advdata.c.o
 .text.sd_ble_gap_device_name_get
                0x000000000001bdf0        0x4 _build/nrf52810_xxaa/ble_advdata.c.o
 .text.sd_ble_uuid_encode
                0x000000000001bdf4        0x4 _build/nrf52810_xxaa/ble_advdata.c.o
 .text.uuid_list_sized_encode
                0x000000000001bdf8       0xac _build/nrf52810_xxaa/ble_advdata.c.o
 .text.uuid_list_encode
                0x000000000001bea4       0x38 _build/nrf52810_xxaa/ble_advdata.c.o
 .text.ble_advdata_encode
                0x000000000001bedc      0x380 _build/nrf52810_xxaa/ble_advdata.c.o
                0x000000000001bedc                ble_advdata_encode
 .text.sd_ble_gap_conn_param_update
                0x000000000001c25c        0x4 _build/nrf52810_xxaa/ble_conn_params.c.o
 .text.sd_ble_gap_disconnect
                0x000000000001c260        0x4 _build/nrf52810_xxaa/ble_conn_params.c.o
 .text.sd_ble_gap_ppcp_set
                0x000000000001c264        0x4 _build/nrf52810_xxaa/ble_conn_params.c.o
 .text.sd_ble_gap_ppcp_get
                0x000000000001c268        0x4 _build/nrf52810_xxaa/ble_conn_params.c.o
 .text.instance_get
                0x000000000001c26c       0x14 _build/nrf52810_xxaa/ble_conn_params.c.o
 .text.send_error_evt
                0x000000000001c280       0x10 _build/nrf52810_xxaa/ble_conn_params.c.o
 .text.update_timeout_handler
                0x000000000001c290       0x6c _build/nrf52810_xxaa/ble_conn_params.c.o
 .text.conn_params_negotiation
                0x000000000001c2fc       0x48 _build/nrf52810_xxaa/ble_conn_params.c.o
 .text.is_conn_params_ok.constprop.0
                0x000000000001c344       0x34 _build/nrf52810_xxaa/ble_conn_params.c.o
 .text.ble_evt_handler
                0x000000000001c378       0xe0 _build/nrf52810_xxaa/ble_conn_params.c.o
 .text.ble_conn_params_init
                0x000000000001c458       0x74 _build/nrf52810_xxaa/ble_conn_params.c.o
                0x000000000001c458                ble_conn_params_init
 .text.conn_handle_list_get
                0x000000000001c4cc       0x2e _build/nrf52810_xxaa/ble_conn_state.c.o
                0x000000000001c4cc                conn_handle_list_get
 *fill*         0x000000000001c4fa        0x2 
 .text.ble_evt_handler
                0x000000000001c4fc       0xd4 _build/nrf52810_xxaa/ble_conn_state.c.o
 .text.ble_srv_is_notification_enabled
                0x000000000001c5d0        0x8 _build/nrf52810_xxaa/ble_srv_common.c.o
                0x000000000001c5d0                ble_srv_is_notification_enabled
 .text.sd_ble_gattc_exchange_mtu_request
                0x000000000001c5d8        0x4 _build/nrf52810_xxaa/nrf_ble_gatt.c.o
 .text.sd_ble_gatts_exchange_mtu_reply
                0x000000000001c5dc        0x4 _build/nrf52810_xxaa/nrf_ble_gatt.c.o
 .text.nrf_ble_gatt_init
                0x000000000001c5e0       0x1c _build/nrf52810_xxaa/nrf_ble_gatt.c.o
                0x000000000001c5e0                nrf_ble_gatt_init
 .text.nrf_ble_gatt_on_ble_evt
                0x000000000001c5fc      0x130 _build/nrf52810_xxaa/nrf_ble_gatt.c.o
                0x000000000001c5fc                nrf_ble_gatt_on_ble_evt
 .text.sd_ble_gatts_rw_authorize_reply
                0x000000000001c72c        0x4 _build/nrf52810_xxaa/nrf_ble_qwr.c.o
 .text.sd_ble_user_mem_reply
                0x000000000001c730        0x4 _build/nrf52810_xxaa/nrf_ble_qwr.c.o
 .text.user_mem_reply.part.0
                0x000000000001c734       0x24 _build/nrf52810_xxaa/nrf_ble_qwr.c.o
 .text.nrf_ble_qwr_init
                0x000000000001c758       0x24 _build/nrf52810_xxaa/nrf_ble_qwr.c.o
                0x000000000001c758                nrf_ble_qwr_init
 .text.nrf_ble_qwr_conn_handle_assign
                0x000000000001c77c       0x16 _build/nrf52810_xxaa/nrf_ble_qwr.c.o
                0x000000000001c77c                nrf_ble_qwr_conn_handle_assign
 .text.nrf_ble_qwr_on_ble_evt
                0x000000000001c792       0xa0 _build/nrf52810_xxaa/nrf_ble_qwr.c.o
                0x000000000001c792                nrf_ble_qwr_on_ble_evt
 .text.sd_ble_gatts_service_add
                0x000000000001c832        0x4 _build/nrf52810_xxaa/ble_lbs.c.o
 .text.sd_ble_gatts_characteristic_add
                0x000000000001c836        0x4 _build/nrf52810_xxaa/ble_lbs.c.o
 .text.sd_ble_gatts_hvx
                0x000000000001c83a        0x4 _build/nrf52810_xxaa/ble_lbs.c.o
 .text.sd_ble_uuid_vs_add
                0x000000000001c83e        0x4 _build/nrf52810_xxaa/ble_lbs.c.o
 .text.ble_lbs_on_ble_evt
                0x000000000001c842       0x26 _build/nrf52810_xxaa/ble_lbs.c.o
                0x000000000001c842                ble_lbs_on_ble_evt
 .text.ble_lbs_init
                0x000000000001c868      0x180 _build/nrf52810_xxaa/ble_lbs.c.o
                0x000000000001c868                ble_lbs_init
 .text.ble_lbs_on_button_change
                0x000000000001c9e8       0x40 _build/nrf52810_xxaa/ble_lbs.c.o
                0x000000000001c9e8                ble_lbs_on_button_change
 .text.sd_softdevice_enable
                0x000000000001ca28        0x4 _build/nrf52810_xxaa/nrf_sdh.c.o
 .text.sdh_request_observer_notify
                0x000000000001ca2c       0x30 _build/nrf52810_xxaa/nrf_sdh.c.o
 .text.sdh_state_observer_notify
                0x000000000001ca5c       0x28 _build/nrf52810_xxaa/nrf_sdh.c.o
 .text.softdevices_evt_irq_enable
                0x000000000001ca84       0x3c _build/nrf52810_xxaa/nrf_sdh.c.o
 .text.nrf_sdh_enable_request
                0x000000000001cac0       0x8c _build/nrf52810_xxaa/nrf_sdh.c.o
                0x000000000001cac0                nrf_sdh_enable_request
 .text.nrf_sdh_is_enabled
                0x000000000001cb4c        0xc _build/nrf52810_xxaa/nrf_sdh.c.o
                0x000000000001cb4c                nrf_sdh_is_enabled
 .text.nrf_sdh_evts_poll
                0x000000000001cb58       0x28 _build/nrf52810_xxaa/nrf_sdh.c.o
                0x000000000001cb58                nrf_sdh_evts_poll
 .text.SWI2_IRQHandler
                0x000000000001cb80        0x4 _build/nrf52810_xxaa/nrf_sdh.c.o
                0x000000000001cb80                SWI2_IRQHandler
 .text.sd_ble_enable
                0x000000000001cb84        0x4 _build/nrf52810_xxaa/nrf_sdh_ble.c.o
 .text.sd_ble_cfg_set
                0x000000000001cb88        0x4 _build/nrf52810_xxaa/nrf_sdh_ble.c.o
 .text.sd_ble_evt_get
                0x000000000001cb8c        0x4 _build/nrf52810_xxaa/nrf_sdh_ble.c.o
 .text.nrf_sdh_ble_evts_poll
                0x000000000001cb90       0x50 _build/nrf52810_xxaa/nrf_sdh_ble.c.o
 .text.nrf_sdh_ble_default_cfg_set
                0x000000000001cbe0      0x150 _build/nrf52810_xxaa/nrf_sdh_ble.c.o
                0x000000000001cbe0                nrf_sdh_ble_default_cfg_set
 .text.nrf_sdh_ble_enable
                0x000000000001cd30       0x94 _build/nrf52810_xxaa/nrf_sdh_ble.c.o
                0x000000000001cd30                nrf_sdh_ble_enable
 .text.sd_evt_get
                0x000000000001cdc4        0x4 _build/nrf52810_xxaa/nrf_sdh_soc.c.o
 .text.nrf_sdh_soc_evts_poll
                0x000000000001cdc8       0x3c _build/nrf52810_xxaa/nrf_sdh_soc.c.o
 .text.exit     0x000000000001ce04       0x28 /home/eduards/gnuarmemb/bin/../lib/gcc/arm-none-eabi/9.2.1/../../../../arm-none-eabi/lib/thumb/v7e-m/nofp/libc_nano.a(lib_a-exit.o)
                0x000000000001ce04                exit
 .text.__libc_init_array
                0x000000000001ce2c       0x48 /home/eduards/gnuarmemb/bin/../lib/gcc/arm-none-eabi/9.2.1/../../../../arm-none-eabi/lib/thumb/v7e-m/nofp/libc_nano.a(lib_a-init.o)
                0x000000000001ce2c                __libc_init_array
 .text.memcpy   0x000000000001ce74       0x1c /home/eduards/gnuarmemb/bin/../lib/gcc/arm-none-eabi/9.2.1/../../../../arm-none-eabi/lib/thumb/v7e-m/nofp/libc_nano.a(lib_a-memcpy-stub.o)
                0x000000000001ce74                memcpy
 .text.memset   0x000000000001ce90       0x10 /home/eduards/gnuarmemb/bin/../lib/gcc/arm-none-eabi/9.2.1/../../../../arm-none-eabi/lib/thumb/v7e-m/nofp/libc_nano.a(lib_a-memset.o)
                0x000000000001ce90                memset
 .text          0x000000000001cea0       0x10 /home/eduards/gnuarmemb/bin/../lib/gcc/arm-none-eabi/9.2.1/../../../../arm-none-eabi/lib/thumb/v7e-m/nofp/libc_nano.a(lib_a-strlen.o)
                0x000000000001cea0                strlen
 .text._exit    0x000000000001ceb0        0x4 /home/eduards/gnuarmemb/bin/../lib/gcc/arm-none-eabi/9.2.1/../../../../arm-none-eabi/lib/thumb/v7e-m/nofp/libnosys.a(_exit.o)
                0x000000000001ceb0                _exit
 *(.init)
 .init          0x000000000001ceb4        0x4 /home/eduards/gnuarmemb/bin/../lib/gcc/arm-none-eabi/9.2.1/thumb/v7e-m/nofp/crti.o
                0x000000000001ceb4                _init
 .init          0x000000000001ceb8        0x8 /home/eduards/gnuarmemb/bin/../lib/gcc/arm-none-eabi/9.2.1/thumb/v7e-m/nofp/crtn.o
 *(.fini)
 .fini          0x000000000001cec0        0x4 /home/eduards/gnuarmemb/bin/../lib/gcc/arm-none-eabi/9.2.1/thumb/v7e-m/nofp/crti.o
                0x000000000001cec0                _fini
 .fini          0x000000000001cec4        0x8 /home/eduards/gnuarmemb/bin/../lib/gcc/arm-none-eabi/9.2.1/thumb/v7e-m/nofp/crtn.o
 *crtbegin.o(.ctors)
 *crtbegin?.o(.ctors)
 *(EXCLUDE_FILE(*crtend.o *crtend?.o) .ctors)
 *(SORT_BY_NAME(.ctors.*))
 *(.ctors)
 *crtbegin.o(.dtors)
 *crtbegin?.o(.dtors)
 *(EXCLUDE_FILE(*crtend.o *crtend?.o) .dtors)
 *(SORT_BY_NAME(.dtors.*))
 *(.dtors)
 *(.rodata*)
 .rodata        0x000000000001cecc       0x20 _build/nrf52810_xxaa/nrf_log_backend_uart.c.o
 .rodata.nrf_log_backend_uart_api
                0x000000000001ceec        0xc _build/nrf52810_xxaa/nrf_log_backend_uart.c.o
                0x000000000001ceec                nrf_log_backend_uart_api
 .rodata.nrf_log_frontend_dequeue.str1.1
                0x000000000001cef8       0x11 _build/nrf52810_xxaa/nrf_log_frontend.c.o
 .rodata.str1.1
                0x000000000001cf09       0x17 _build/nrf52810_xxaa/nrf_log_frontend.c.o
 .rodata.postfix_process.str1.1
                0x000000000001cf20        0x8 _build/nrf52810_xxaa/nrf_log_str_formatter.c.o
                                          0xb (size before relaxing)
 .rodata.prefix_process.str1.1
                0x000000000001cf28       0x2a _build/nrf52810_xxaa/nrf_log_str_formatter.c.o
 .rodata.nrf_log_hexdump_entry_process.str1.1
                0x000000000001cf52        0xf _build/nrf52810_xxaa/nrf_log_str_formatter.c.o
                                         0x11 (size before relaxing)
 .rodata.str1.1
                0x000000000001cf61       0x4b _build/nrf52810_xxaa/nrf_log_str_formatter.c.o
                                         0x51 (size before relaxing)
 .rodata.m_colors
                0x000000000001cfac       0x24 _build/nrf52810_xxaa/nrf_log_str_formatter.c.o
 .rodata.severity_names
                0x000000000001cfd0       0x14 _build/nrf52810_xxaa/nrf_log_str_formatter.c.o
 .rodata.m_detection_delay_timer_id
                0x000000000001cfe4        0x4 _build/nrf52810_xxaa/app_button.c.o
 .rodata.app_error_fault_handler.str1.1
                0x000000000001cfe8       0x19 _build/nrf52810_xxaa/app_error_weak.c.o
 *fill*         0x000000000001d001        0x1 
 .rodata.delay_bytecode.7106
                0x000000000001d002        0x6 _build/nrf52810_xxaa/app_timer.c.o
 .rodata._aV2C.5808
                0x000000000001d008       0x10 _build/nrf52810_xxaa/nrf_fprintf_format.c.o
 .rodata.str1.1
                0x000000000001d018        0x9 _build/nrf52810_xxaa/nrf_pwr_mgmt.c.o
 *fill*         0x000000000001d021        0x3 
 .rodata.pwr_mgmt_data
                0x000000000001d024        0xc _build/nrf52810_xxaa/nrf_pwr_mgmt.c.o
 .rodata.str1.1
                0x000000000001d030      0x3ba _build/nrf52810_xxaa/nrf_strerror.c.o
 .rodata.m_unknown_str
                0x000000000001d3ea       0x13 _build/nrf52810_xxaa/nrf_strerror.c.o
 *fill*         0x000000000001d3fd        0x3 
 .rodata.nrf_strerror_array
                0x000000000001d400      0x128 _build/nrf52810_xxaa/nrf_strerror.c.o
 .rodata.str1.1
                0x000000000001d528        0x6 _build/nrf52810_xxaa/nrf_drv_clock.c.o
 .rodata.str1.1
                0x000000000001d52e        0x6 _build/nrf52810_xxaa/nrfx_clock.c.o
 .rodata.str1.1
                0x000000000001d534        0x7 _build/nrf52810_xxaa/nrfx_gpiote.c.o
 .rodata.str1.1
                0x000000000001d53b        0x4 _build/nrf52810_xxaa/nrfx_prs.c.o
 .rodata.str1.1
                0x000000000001d53f        0x6 _build/nrf52810_xxaa/nrfx_uarte.c.o
 .rodata.ble_evt_handler.str1.1
                0x000000000001d545       0x17 _build/nrf52810_xxaa/main.c.o
 .rodata.button_event_handler.str1.1
                0x000000000001d55c       0x1a _build/nrf52810_xxaa/main.c.o
 .rodata.led_write_handler.str1.1
                0x000000000001d576       0x23 _build/nrf52810_xxaa/main.c.o
 .rodata.main.str1.1
                0x000000000001d599       0x26 _build/nrf52810_xxaa/main.c.o
 .rodata.nrf_ble_gatt_on_ble_evt.str1.1
                0x000000000001d5bf       0x60 _build/nrf52810_xxaa/nrf_ble_gatt.c.o
 .rodata.str1.1
                0x000000000001d61f        0xd _build/nrf52810_xxaa/nrf_ble_gatt.c.o
 .rodata        0x000000000001d62c       0x10 _build/nrf52810_xxaa/ble_lbs.c.o
 .rodata.str1.1
                0x000000000001d63c        0x8 _build/nrf52810_xxaa/nrf_sdh.c.o
 .rodata        0x000000000001d644        0x4 _build/nrf52810_xxaa/nrf_sdh.c.o
 .rodata.sdh_req_observers
                0x000000000001d648        0xc _build/nrf52810_xxaa/nrf_sdh.c.o
 .rodata.sdh_stack_observers
                0x000000000001d654        0xc _build/nrf52810_xxaa/nrf_sdh.c.o
 .rodata.sdh_state_observers
                0x000000000001d660        0xc _build/nrf52810_xxaa/nrf_sdh.c.o
 .rodata.nrf_sdh_ble_default_cfg_set.str1.1
                0x000000000001d66c      0x182 _build/nrf52810_xxaa/nrf_sdh_ble.c.o
 .rodata.nrf_sdh_ble_enable.str1.1
                0x000000000001d7ee       0xa7 _build/nrf52810_xxaa/nrf_sdh_ble.c.o
 .rodata.str1.1
                0x000000000001d895        0xc _build/nrf52810_xxaa/nrf_sdh_ble.c.o
 *fill*         0x000000000001d8a1        0x3 
 .rodata.sdh_ble_observers
                0x000000000001d8a4        0xc _build/nrf52810_xxaa/nrf_sdh_ble.c.o
 .rodata.str1.1
                0x000000000001d8b0        0xc _build/nrf52810_xxaa/nrf_sdh_soc.c.o
 .rodata.sdh_soc_observers
                0x000000000001d8bc        0xc _build/nrf52810_xxaa/nrf_sdh_soc.c.o
 .rodata._ctype_
                0x000000000001d8c8      0x101 /home/eduards/gnuarmemb/bin/../lib/gcc/arm-none-eabi/9.2.1/../../../../arm-none-eabi/lib/thumb/v7e-m/nofp/libc_nano.a(lib_a-ctype_.o)
                0x000000000001d8c8                _ctype_
 *fill*         0x000000000001d9c9        0x3 
 .rodata._global_impure_ptr
                0x000000000001d9cc        0x4 /home/eduards/gnuarmemb/bin/../lib/gcc/arm-none-eabi/9.2.1/../../../../arm-none-eabi/lib/thumb/v7e-m/nofp/libc_nano.a(lib_a-impure.o)
                0x000000000001d9cc                _global_impure_ptr
 *(.eh_frame*)
 .eh_frame      0x000000000001d9d0        0x0 /home/eduards/gnuarmemb/bin/../lib/gcc/arm-none-eabi/9.2.1/thumb/v7e-m/nofp/crtbegin.o
 .eh_frame      0x000000000001d9d0        0x4 /home/eduards/gnuarmemb/bin/../lib/gcc/arm-none-eabi/9.2.1/thumb/v7e-m/nofp/crtend.o

.glue_7         0x000000000001d9d4        0x0
 .glue_7        0x000000000001d9d4        0x0 linker stubs

.glue_7t        0x000000000001d9d4        0x0
 .glue_7t       0x000000000001d9d4        0x0 linker stubs

.vfp11_veneer   0x000000000001d9d4        0x0
 .vfp11_veneer  0x000000000001d9d4        0x0 linker stubs

.v4_bx          0x000000000001d9d4        0x0
 .v4_bx         0x000000000001d9d4        0x0 linker stubs

.iplt           0x000000000001d9d4        0x0
 .iplt          0x000000000001d9d4        0x0 /home/eduards/gnuarmemb/bin/../lib/gcc/arm-none-eabi/9.2.1/thumb/v7e-m/nofp/crtbegin.o

.mem_section_dummy_rom

.sdh_soc_observers
                0x000000000001d9d4        0x8
                0x000000000001d9d4                PROVIDE (__start_sdh_soc_observers = .)
 *(SORT_BY_NAME(.sdh_soc_observers*))
 .sdh_soc_observers0
                0x000000000001d9d4        0x8 _build/nrf52810_xxaa/nrf_drv_clock.c.o
                0x000000000001d9dc                PROVIDE (__stop_sdh_soc_observers = .)

.pwr_mgmt_data  0x000000000001d9dc        0x0
                0x000000000001d9dc                PROVIDE (__start_pwr_mgmt_data = .)
 *(SORT_BY_NAME(.pwr_mgmt_data*))
                0x000000000001d9dc                PROVIDE (__stop_pwr_mgmt_data = .)

.sdh_ble_observers
                0x000000000001d9dc       0x30
                0x000000000001d9dc                PROVIDE (__start_sdh_ble_observers = .)
 *(SORT_BY_NAME(.sdh_ble_observers*))
 .sdh_ble_observers0
                0x000000000001d9dc        0x8 _build/nrf52810_xxaa/ble_conn_state.c.o
 .sdh_ble_observers1
                0x000000000001d9e4        0x8 _build/nrf52810_xxaa/main.c.o
 .sdh_ble_observers1
                0x000000000001d9ec        0x8 _build/nrf52810_xxaa/ble_conn_params.c.o
 .sdh_ble_observers2
                0x000000000001d9f4       0x10 _build/nrf52810_xxaa/main.c.o
 .sdh_ble_observers3
                0x000000000001da04        0x8 _build/nrf52810_xxaa/main.c.o
                0x000000000001da0c                PROVIDE (__stop_sdh_ble_observers = .)

.log_const_data
                0x000000000001da0c       0x60
                0x000000000001da0c                PROVIDE (__start_log_const_data = .)
 *(SORT_BY_NAME(.log_const_data*))
 .log_const_data_CLOCK
                0x000000000001da0c        0x8 _build/nrf52810_xxaa/nrfx_clock.c.o
                0x000000000001da0c                m_nrf_log_CLOCK_logs_data_const
 .log_const_data_GPIOTE
                0x000000000001da14        0x8 _build/nrf52810_xxaa/nrfx_gpiote.c.o
                0x000000000001da14                m_nrf_log_GPIOTE_logs_data_const
 .log_const_data_PRS
                0x000000000001da1c        0x8 _build/nrf52810_xxaa/nrfx_prs.c.o
                0x000000000001da1c                m_nrf_log_PRS_logs_data_const
 .log_const_data_UARTE
                0x000000000001da24        0x8 _build/nrf52810_xxaa/nrfx_uarte.c.o
                0x000000000001da24                m_nrf_log_UARTE_logs_data_const
 .log_const_data_app
                0x000000000001da2c        0x8 _build/nrf52810_xxaa/nrf_log_frontend.c.o
                0x000000000001da2c                m_nrf_log_app_logs_data_const
 .log_const_data_balloc_log_mempool
                0x000000000001da34        0x8 _build/nrf52810_xxaa/nrf_log_frontend.c.o
                0x000000000001da34                m_nrf_log_balloc_log_mempool_logs_data_const
 .log_const_data_clock
                0x000000000001da3c        0x8 _build/nrf52810_xxaa/nrf_drv_clock.c.o
                0x000000000001da3c                m_nrf_log_clock_logs_data_const
 .log_const_data_nrf_ble_gatt
                0x000000000001da44        0x8 _build/nrf52810_xxaa/nrf_ble_gatt.c.o
                0x000000000001da44                m_nrf_log_nrf_ble_gatt_logs_data_const
 .log_const_data_nrf_sdh
                0x000000000001da4c        0x8 _build/nrf52810_xxaa/nrf_sdh.c.o
                0x000000000001da4c                m_nrf_log_nrf_sdh_logs_data_const
 .log_const_data_nrf_sdh_ble
                0x000000000001da54        0x8 _build/nrf52810_xxaa/nrf_sdh_ble.c.o
                0x000000000001da54                m_nrf_log_nrf_sdh_ble_logs_data_const
 .log_const_data_nrf_sdh_soc
                0x000000000001da5c        0x8 _build/nrf52810_xxaa/nrf_sdh_soc.c.o
                0x000000000001da5c                m_nrf_log_nrf_sdh_soc_logs_data_const
 .log_const_data_pwr_mgmt
                0x000000000001da64        0x8 _build/nrf52810_xxaa/nrf_pwr_mgmt.c.o
                0x000000000001da64                m_nrf_log_pwr_mgmt_logs_data_const
                0x000000000001da6c                PROVIDE (__stop_log_const_data = .)

.nrf_balloc     0x000000000001da6c       0x18
                [!provide]                        PROVIDE (__start_nrf_balloc = .)
 *(.nrf_balloc)
 .nrf_balloc    0x000000000001da6c       0x18 _build/nrf52810_xxaa/nrf_log_frontend.c.o
                0x000000000001da6c                log_mempool
                [!provide]                        PROVIDE (__stop_nrf_balloc = .)

.sdh_state_observers
                0x000000000001da84        0x8
                0x000000000001da84                PROVIDE (__start_sdh_state_observers = .)
 *(SORT_BY_NAME(.sdh_state_observers*))
 .sdh_state_observers0
                0x000000000001da84        0x8 _build/nrf52810_xxaa/nrf_drv_clock.c.o
                0x000000000001da8c                PROVIDE (__stop_sdh_state_observers = .)

.sdh_stack_observers
                0x000000000001da8c       0x10
                0x000000000001da8c                PROVIDE (__start_sdh_stack_observers = .)
 *(SORT_BY_NAME(.sdh_stack_observers*))
 .sdh_stack_observers0
                0x000000000001da8c        0x8 _build/nrf52810_xxaa/nrf_sdh_ble.c.o
 .sdh_stack_observers0
                0x000000000001da94        0x8 _build/nrf52810_xxaa/nrf_sdh_soc.c.o
                0x000000000001da9c                PROVIDE (__stop_sdh_stack_observers = .)

.sdh_req_observers
                0x000000000001da9c        0x0
                0x000000000001da9c                PROVIDE (__start_sdh_req_observers = .)
 *(SORT_BY_NAME(.sdh_req_observers*))
                0x000000000001da9c                PROVIDE (__stop_sdh_req_observers = .)

.nrf_queue      0x000000000001da9c        0x0
                [!provide]                        PROVIDE (__start_nrf_queue = .)
 *(.nrf_queue)
                [!provide]                        PROVIDE (__stop_nrf_queue = .)

.cli_command    0x000000000001da9c        0x0
                [!provide]                        PROVIDE (__start_cli_command = .)
 *(.cli_command)
                [!provide]                        PROVIDE (__stop_cli_command = .)

.crypto_data    0x000000000001da9c        0x0
                [!provide]                        PROVIDE (__start_crypto_data = .)
 *(SORT_BY_NAME(.crypto_data*))
                [!provide]                        PROVIDE (__stop_crypto_data = .)

.ARM.extab
 *(.ARM.extab* .gnu.linkonce.armextab.*)
                0x000000000001da9c                __exidx_start = .

.ARM.exidx      0x000000000001da9c        0x8
 *(.ARM.exidx* .gnu.linkonce.armexidx.*)
 .ARM.exidx     0x000000000001da9c        0x8 /home/eduards/gnuarmemb/bin/../lib/gcc/arm-none-eabi/9.2.1/../../../../arm-none-eabi/lib/thumb/v7e-m/nofp/crt0.o
                0x000000000001daa4                __exidx_end = .
                0x000000000001daa4                __etext = .

.rel.dyn        0x000000000001daa4        0x0
 .rel.iplt      0x000000000001daa4        0x0 /home/eduards/gnuarmemb/bin/../lib/gcc/arm-none-eabi/9.2.1/thumb/v7e-m/nofp/crtbegin.o

.data           0x0000000020001c18       0xa0 load address 0x000000000001daa4
                0x0000000020001c18                __data_start__ = .
 *(vtable)
 *(.data*)
 .data.m_uart   0x0000000020001c18        0xc _build/nrf52810_xxaa/nrf_log_backend_uart.c.o
                0x0000000020001c18                m_uart
 .data.uart_log_backend
                0x0000000020001c24        0xc _build/nrf52810_xxaa/nrf_log_default_backends.c.o
 .data.SystemCoreClock
                0x0000000020001c30        0x4 _build/nrf52810_xxaa/system_nrf52810.c.o
                0x0000000020001c30                SystemCoreClock
 .data.buttons.9301
                0x0000000020001c34        0x8 _build/nrf52810_xxaa/main.c.o
 .data.m_adv_data
                0x0000000020001c3c       0x10 _build/nrf52810_xxaa/main.c.o
 .data.m_adv_handle
                0x0000000020001c4c        0x1 _build/nrf52810_xxaa/main.c.o
 *fill*         0x0000000020001c4d        0x1 
 .data.m_conn_handle
                0x0000000020001c4e        0x2 _build/nrf52810_xxaa/main.c.o
 .data.impure_data
                0x0000000020001c50       0x60 /home/eduards/gnuarmemb/bin/../lib/gcc/arm-none-eabi/9.2.1/../../../../arm-none-eabi/lib/thumb/v7e-m/nofp/libc_nano.a(lib_a-impure.o)
                0x0000000020001cb0                . = ALIGN (0x4)
                0x0000000020001cb0                PROVIDE (__preinit_array_start = .)
 *(.preinit_array)
                0x0000000020001cb0                PROVIDE (__preinit_array_end = .)
                0x0000000020001cb0                . = ALIGN (0x4)
                0x0000000020001cb0                PROVIDE (__init_array_start = .)
 *(SORT_BY_NAME(.init_array.*))
 *(.init_array)
 .init_array    0x0000000020001cb0        0x4 /home/eduards/gnuarmemb/bin/../lib/gcc/arm-none-eabi/9.2.1/thumb/v7e-m/nofp/crtbegin.o
                0x0000000020001cb4                PROVIDE (__init_array_end = .)
                0x0000000020001cb4                . = ALIGN (0x4)
                [!provide]                        PROVIDE (__fini_array_start = .)
 *(SORT_BY_NAME(.fini_array.*))
 *(.fini_array)
 .fini_array    0x0000000020001cb4        0x4 /home/eduards/gnuarmemb/bin/../lib/gcc/arm-none-eabi/9.2.1/thumb/v7e-m/nofp/crtbegin.o
                [!provide]                        PROVIDE (__fini_array_end = .)
 *(.jcr*)
                0x0000000020001cb8                . = ALIGN (0x4)
                0x0000000020001cb8                __data_end__ = .
LOAD /home/eduards/gnuarmemb/bin/../lib/gcc/arm-none-eabi/9.2.1/thumb/v7e-m/nofp/crti.o
LOAD /home/eduards/gnuarmemb/bin/../lib/gcc/arm-none-eabi/9.2.1/thumb/v7e-m/nofp/crtbegin.o
LOAD /home/eduards/gnuarmemb/bin/../lib/gcc/arm-none-eabi/9.2.1/../../../../arm-none-eabi/lib/thumb/v7e-m/nofp/crt0.o
LOAD _build/nrf52810_xxaa/gcc_startup_nrf52810.S.o
LOAD _build/nrf52810_xxaa/nrf_log_backend_rtt.c.o
LOAD _build/nrf52810_xxaa/nrf_log_backend_serial.c.o
LOAD _build/nrf52810_xxaa/nrf_log_backend_uart.c.o
LOAD _build/nrf52810_xxaa/nrf_log_default_backends.c.o
LOAD _build/nrf52810_xxaa/nrf_log_frontend.c.o
LOAD _build/nrf52810_xxaa/nrf_log_str_formatter.c.o
LOAD _build/nrf52810_xxaa/app_button.c.o
LOAD _build/nrf52810_xxaa/app_error.c.o
LOAD _build/nrf52810_xxaa/app_error_handler_gcc.c.o
LOAD _build/nrf52810_xxaa/app_error_weak.c.o
LOAD _build/nrf52810_xxaa/app_scheduler.c.o
LOAD _build/nrf52810_xxaa/app_timer.c.o
LOAD _build/nrf52810_xxaa/app_util_platform.c.o
LOAD _build/nrf52810_xxaa/hardfault_implementation.c.o
LOAD _build/nrf52810_xxaa/nrf_assert.c.o
LOAD _build/nrf52810_xxaa/nrf_atfifo.c.o
LOAD _build/nrf52810_xxaa/nrf_atflags.c.o
LOAD _build/nrf52810_xxaa/nrf_atomic.c.o
LOAD _build/nrf52810_xxaa/nrf_balloc.c.o
LOAD _build/nrf52810_xxaa/nrf_fprintf.c.o
LOAD _build/nrf52810_xxaa/nrf_fprintf_format.c.o
LOAD _build/nrf52810_xxaa/nrf_memobj.c.o
LOAD _build/nrf52810_xxaa/nrf_pwr_mgmt.c.o
LOAD _build/nrf52810_xxaa/nrf_section_iter.c.o
LOAD _build/nrf52810_xxaa/nrf_strerror.c.o
LOAD _build/nrf52810_xxaa/system_nrf52810.c.o
LOAD _build/nrf52810_xxaa/boards.c.o
LOAD _build/nrf52810_xxaa/nrf_drv_clock.c.o
LOAD _build/nrf52810_xxaa/nrf_drv_uart.c.o
LOAD _build/nrf52810_xxaa/nrfx_clock.c.o
LOAD _build/nrf52810_xxaa/nrfx_gpiote.c.o
LOAD _build/nrf52810_xxaa/nrfx_power_clock.c.o
LOAD _build/nrf52810_xxaa/nrfx_prs.c.o
LOAD _build/nrf52810_xxaa/nrfx_uarte.c.o
LOAD _build/nrf52810_xxaa/main.c.o
LOAD _build/nrf52810_xxaa/SEGGER_RTT.c.o
LOAD _build/nrf52810_xxaa/SEGGER_RTT_Syscalls_GCC.c.o
LOAD _build/nrf52810_xxaa/SEGGER_RTT_printf.c.o
LOAD _build/nrf52810_xxaa/ble_advdata.c.o
LOAD _build/nrf52810_xxaa/ble_conn_params.c.o
LOAD _build/nrf52810_xxaa/ble_conn_state.c.o
LOAD _build/nrf52810_xxaa/ble_srv_common.c.o
LOAD _build/nrf52810_xxaa/nrf_ble_gatt.c.o
LOAD _build/nrf52810_xxaa/nrf_ble_qwr.c.o
LOAD _build/nrf52810_xxaa/ble_lbs.c.o
LOAD _build/nrf52810_xxaa/nrf_sdh.c.o
LOAD _build/nrf52810_xxaa/nrf_sdh_ble.c.o
LOAD _build/nrf52810_xxaa/nrf_sdh_soc.c.o
LOAD /home/eduards/gnuarmemb/bin/../lib/gcc/arm-none-eabi/9.2.1/../../../../arm-none-eabi/lib/thumb/v7e-m/nofp/libc_nano.a
LOAD /home/eduards/gnuarmemb/bin/../lib/gcc/arm-none-eabi/9.2.1/../../../../arm-none-eabi/lib/thumb/v7e-m/nofp/libnosys.a
LOAD /home/eduards/gnuarmemb/bin/../lib/gcc/arm-none-eabi/9.2.1/../../../../arm-none-eabi/lib/thumb/v7e-m/nofp/libm.a
START GROUP
LOAD /home/eduards/gnuarmemb/bin/../lib/gcc/arm-none-eabi/9.2.1/thumb/v7e-m/nofp/libgcc.a
LOAD /home/eduards/gnuarmemb/bin/../lib/gcc/arm-none-eabi/9.2.1/../../../../arm-none-eabi/lib/thumb/v7e-m/nofp/libg_nano.a
LOAD /home/eduards/gnuarmemb/bin/../lib/gcc/arm-none-eabi/9.2.1/../../../../arm-none-eabi/lib/thumb/v7e-m/nofp/libc_nano.a
END GROUP
START GROUP
LOAD /home/eduards/gnuarmemb/bin/../lib/gcc/arm-none-eabi/9.2.1/thumb/v7e-m/nofp/libgcc.a
LOAD /home/eduards/gnuarmemb/bin/../lib/gcc/arm-none-eabi/9.2.1/../../../../arm-none-eabi/lib/thumb/v7e-m/nofp/libc_nano.a
END GROUP
LOAD /home/eduards/gnuarmemb/bin/../lib/gcc/arm-none-eabi/9.2.1/thumb/v7e-m/nofp/crtend.o
LOAD /home/eduards/gnuarmemb/bin/../lib/gcc/arm-none-eabi/9.2.1/thumb/v7e-m/nofp/crtn.o
START GROUP
LOAD /home/eduards/gnuarmemb/bin/../lib/gcc/arm-none-eabi/9.2.1/thumb/v7e-m/nofp/libgcc.a
LOAD /home/eduards/gnuarmemb/bin/../lib/gcc/arm-none-eabi/9.2.1/../../../../arm-none-eabi/lib/thumb/v7e-m/nofp/libc.a
LOAD /home/eduards/gnuarmemb/bin/../lib/gcc/arm-none-eabi/9.2.1/../../../../arm-none-eabi/lib/thumb/v7e-m/nofp/libnosys.a
END GROUP

.igot.plt       0x0000000020001cb8        0x0 load address 0x000000000001db44
 .igot.plt      0x0000000020001cb8        0x0 /home/eduards/gnuarmemb/bin/../lib/gcc/arm-none-eabi/9.2.1/thumb/v7e-m/nofp/crtbegin.o
                0x0000000020001cb8                . = ALIGN (0x4)

.mem_section_dummy_ram

.log_dynamic_data
                0x0000000020001cb8       0x30 load address 0x000000000001db44
                0x0000000020001cb8                PROVIDE (__start_log_dynamic_data = .)
 *(SORT_BY_NAME(.log_dynamic_data*))
 .log_dynamic_data_CLOCK
                0x0000000020001cb8        0x4 _build/nrf52810_xxaa/nrfx_clock.c.o
                0x0000000020001cb8                m_nrf_log_CLOCK_logs_data_dynamic
 .log_dynamic_data_GPIOTE
                0x0000000020001cbc        0x4 _build/nrf52810_xxaa/nrfx_gpiote.c.o
                0x0000000020001cbc                m_nrf_log_GPIOTE_logs_data_dynamic
 .log_dynamic_data_PRS
                0x0000000020001cc0        0x4 _build/nrf52810_xxaa/nrfx_prs.c.o
                0x0000000020001cc0                m_nrf_log_PRS_logs_data_dynamic
 .log_dynamic_data_UARTE
                0x0000000020001cc4        0x4 _build/nrf52810_xxaa/nrfx_uarte.c.o
                0x0000000020001cc4                m_nrf_log_UARTE_logs_data_dynamic
 .log_dynamic_data_app
                0x0000000020001cc8        0x4 _build/nrf52810_xxaa/nrf_log_frontend.c.o
                0x0000000020001cc8                m_nrf_log_app_logs_data_dynamic
 .log_dynamic_data_balloc_log_mempool
                0x0000000020001ccc        0x4 _build/nrf52810_xxaa/nrf_log_frontend.c.o
                0x0000000020001ccc                m_nrf_log_balloc_log_mempool_logs_data_dynamic
 .log_dynamic_data_clock
                0x0000000020001cd0        0x4 _build/nrf52810_xxaa/nrf_drv_clock.c.o
                0x0000000020001cd0                m_nrf_log_clock_logs_data_dynamic
 .log_dynamic_data_nrf_ble_gatt
                0x0000000020001cd4        0x4 _build/nrf52810_xxaa/nrf_ble_gatt.c.o
                0x0000000020001cd4                m_nrf_log_nrf_ble_gatt_logs_data_dynamic
 .log_dynamic_data_nrf_sdh
                0x0000000020001cd8        0x4 _build/nrf52810_xxaa/nrf_sdh.c.o
                0x0000000020001cd8                m_nrf_log_nrf_sdh_logs_data_dynamic
 .log_dynamic_data_nrf_sdh_ble
                0x0000000020001cdc        0x4 _build/nrf52810_xxaa/nrf_sdh_ble.c.o
                0x0000000020001cdc                m_nrf_log_nrf_sdh_ble_logs_data_dynamic
 .log_dynamic_data_nrf_sdh_soc
                0x0000000020001ce0        0x4 _build/nrf52810_xxaa/nrf_sdh_soc.c.o
                0x0000000020001ce0                m_nrf_log_nrf_sdh_soc_logs_data_dynamic
 .log_dynamic_data_pwr_mgmt
                0x0000000020001ce4        0x4 _build/nrf52810_xxaa/nrf_pwr_mgmt.c.o
                0x0000000020001ce4                m_nrf_log_pwr_mgmt_logs_data_dynamic
                [!provide]                        PROVIDE (__stop_log_dynamic_data = .)

.cli_sorted_cmd_ptrs
                0x0000000020001ce8        0x0
                [!provide]                        PROVIDE (__start_cli_sorted_cmd_ptrs = .)
 *(.cli_sorted_cmd_ptrs)
                [!provide]                        PROVIDE (__stop_cli_sorted_cmd_ptrs = .)

.fs_data        0x0000000020001ce8        0x0
                [!provide]                        PROVIDE (__start_fs_data = .)
 *(.fs_data)
                [!provide]                        PROVIDE (__stop_fs_data = .)

.bss            0x0000000020001ce8      0x8c0 load address 0x000000000001db78
                0x0000000020001ce8                . = ALIGN (0x4)
                0x0000000020001ce8                __bss_start__ = .
 *(.bss*)
 .bss           0x0000000020001ce8       0x1c /home/eduards/gnuarmemb/bin/../lib/gcc/arm-none-eabi/9.2.1/thumb/v7e-m/nofp/crtbegin.o
 .bss.m_async_mode
                0x0000000020001d04        0x1 _build/nrf52810_xxaa/nrf_log_backend_uart.c.o
 .bss.m_string_buff
                0x0000000020001d05       0x40 _build/nrf52810_xxaa/nrf_log_backend_uart.c.o
 .bss.m_xfer_done
                0x0000000020001d45        0x1 _build/nrf52810_xxaa/nrf_log_backend_uart.c.o
 *fill*         0x0000000020001d46        0x2 
 .bss.log_mempool_nrf_balloc_cb
                0x0000000020001d48        0x8 _build/nrf52810_xxaa/nrf_log_frontend.c.o
 .bss.log_mempool_nrf_balloc_pool_mem
                0x0000000020001d50       0xc0 _build/nrf52810_xxaa/nrf_log_frontend.c.o
 .bss.log_mempool_nrf_balloc_pool_stack
                0x0000000020001e10        0x8 _build/nrf52810_xxaa/nrf_log_frontend.c.o
 .bss.m_log_data
                0x0000000020001e18      0x424 _build/nrf52810_xxaa/nrf_log_frontend.c.o
 .bss.m_button_count
                0x000000002000223c        0x1 _build/nrf52810_xxaa/app_button.c.o
 *fill*         0x000000002000223d        0x3 
 .bss.m_detection_delay
                0x0000000020002240        0x4 _build/nrf52810_xxaa/app_button.c.o
 .bss.m_detection_delay_timer_id_data
                0x0000000020002244       0x20 _build/nrf52810_xxaa/app_button.c.o
 *fill*         0x0000000020002264        0x4 
 .bss.m_pin_state
                0x0000000020002268        0x8 _build/nrf52810_xxaa/app_button.c.o
 .bss.m_pin_transition
                0x0000000020002270        0x8 _build/nrf52810_xxaa/app_button.c.o
 .bss.mp_buttons
                0x0000000020002278        0x4 _build/nrf52810_xxaa/app_button.c.o
 .bss.m_op_queue
                0x000000002000227c      0x10c _build/nrf52810_xxaa/app_timer.c.o
 .bss.m_rtc1_reset
                0x0000000020002388        0x1 _build/nrf52810_xxaa/app_timer.c.o
 .bss.m_rtc1_running
                0x0000000020002389        0x1 _build/nrf52810_xxaa/app_timer.c.o
 *fill*         0x000000002000238a        0x2 
 .bss.m_ticks_elapsed
                0x000000002000238c        0x8 _build/nrf52810_xxaa/app_timer.c.o
 .bss.m_ticks_elapsed_q_read_ind
                0x0000000020002394        0x1 _build/nrf52810_xxaa/app_timer.c.o
 .bss.m_ticks_elapsed_q_write_ind
                0x0000000020002395        0x1 _build/nrf52810_xxaa/app_timer.c.o
 *fill*         0x0000000020002396        0x2 
 .bss.m_ticks_latest
                0x0000000020002398        0x4 _build/nrf52810_xxaa/app_timer.c.o
 .bss.mp_timer_id_head
                0x000000002000239c        0x4 _build/nrf52810_xxaa/app_timer.c.o
 .bss.m_handlers_iter
                0x00000000200023a0        0x8 _build/nrf52810_xxaa/nrf_pwr_mgmt.c.o
 .bss.m_shutdown_started
                0x00000000200023a8        0x1 _build/nrf52810_xxaa/nrf_pwr_mgmt.c.o
 *fill*         0x00000000200023a9        0x3 
 .bss.m_sysoff_mtx
                0x00000000200023ac        0x4 _build/nrf52810_xxaa/nrf_pwr_mgmt.c.o
 .bss.m_clock_cb
                0x00000000200023b0       0x14 _build/nrf52810_xxaa/nrf_drv_clock.c.o
 .bss.m_contexts
                0x00000000200023c4        0x4 _build/nrf52810_xxaa/nrf_drv_uart.c.o
 .bss.m_handlers
                0x00000000200023c8        0x4 _build/nrf52810_xxaa/nrf_drv_uart.c.o
 .bss.m_clock_cb
                0x00000000200023cc        0x8 _build/nrf52810_xxaa/nrfx_clock.c.o
 .bss.m_cb      0x00000000200023d4       0x5c _build/nrf52810_xxaa/nrfx_gpiote.c.o
 .bss.m_cb      0x0000000020002430       0x24 _build/nrf52810_xxaa/nrfx_uarte.c.o
 .bss.m_enc_advdata
                0x0000000020002454       0x1f _build/nrf52810_xxaa/main.c.o
 .bss.m_enc_scan_response_data
                0x0000000020002473       0x1f _build/nrf52810_xxaa/main.c.o
 *fill*         0x0000000020002492        0x2 
 .bss.m_gatt    0x0000000020002494       0x10 _build/nrf52810_xxaa/main.c.o
 .bss.m_lbs     0x00000000200024a4       0x18 _build/nrf52810_xxaa/main.c.o
 .bss.m_qwr     0x00000000200024bc        0xc _build/nrf52810_xxaa/main.c.o
 .bss.m_conn_params_config
                0x00000000200024c8       0x1c _build/nrf52810_xxaa/ble_conn_params.c.o
 .bss.m_conn_params_instances
                0x00000000200024e4       0x14 _build/nrf52810_xxaa/ble_conn_params.c.o
 .bss.m_preferred_conn_params
                0x00000000200024f8        0x8 _build/nrf52810_xxaa/ble_conn_params.c.o
 .bss.m_timer_data
                0x0000000020002500       0x20 _build/nrf52810_xxaa/ble_conn_params.c.o
 .bss.m_bcs     0x0000000020002520       0x78 _build/nrf52810_xxaa/ble_conn_state.c.o
 .bss.m_nrf_sdh_continue
                0x0000000020002598        0x1 _build/nrf52810_xxaa/nrf_sdh.c.o
 .bss.m_nrf_sdh_enabled
                0x0000000020002599        0x1 _build/nrf52810_xxaa/nrf_sdh.c.o
 .bss.m_nrf_sdh_suspended
                0x000000002000259a        0x1 _build/nrf52810_xxaa/nrf_sdh.c.o
 .bss.m_stack_is_enabled
                0x000000002000259b        0x1 _build/nrf52810_xxaa/nrf_sdh_ble.c.o
 *(COMMON)
 COMMON         0x000000002000259c        0xc _build/nrf52810_xxaa/app_util_platform.c.o
                0x000000002000259c                nrf_nvic_state
                0x00000000200025a8                . = ALIGN (0x4)
                0x00000000200025a8                __bss_end__ = .

.heap           0x00000000200025a8      0x800
                0x00000000200025a8                __HeapBase = .
                0x00000000200025a8                __end__ = .
                [!provide]                        PROVIDE (end = .)
 *(.heap*)
 .heap          0x00000000200025a8      0x800 _build/nrf52810_xxaa/gcc_startup_nrf52810.S.o
                0x0000000020002da8                __HeapLimit = .

.stack_dummy    0x00000000200025a8      0x800
 *(.stack*)
 .stack         0x00000000200025a8      0x800 _build/nrf52810_xxaa/gcc_startup_nrf52810.S.o
                0x0000000020006000                __StackTop = (ORIGIN (RAM) + LENGTH (RAM))
                0x0000000020005800                __StackLimit = (__StackTop - SIZEOF (.stack_dummy))
                0x0000000020006000                PROVIDE (__stack = __StackTop)
                0x0000000000000001                ASSERT ((__StackLimit >= __HeapLimit), region RAM overflowed with stack)
                0x00000000000000d0                DataInitFlashUsed = (__bss_start__ - __data_start__)
                0x0000000000004aa4                CodeFlashUsed = (__etext - ORIGIN (FLASH))
                0x0000000000004b74                TotalFlashUsed = (CodeFlashUsed + DataInitFlashUsed)
                0x0000000000000001                ASSERT ((TotalFlashUsed <= LENGTH (FLASH)), region FLASH overflowed with .data and user data)
OUTPUT(_build/nrf52810_xxaa.out elf32-littlearm)

.ARM.attributes
                0x0000000000000000       0x2a
 .ARM.attributes
                0x0000000000000000       0x1e /home/eduards/gnuarmemb/bin/../lib/gcc/arm-none-eabi/9.2.1/thumb/v7e-m/nofp/crti.o
 .ARM.attributes
                0x000000000000001e       0x2e /home/eduards/gnuarmemb/bin/../lib/gcc/arm-none-eabi/9.2.1/thumb/v7e-m/nofp/crtbegin.o
 .ARM.attributes
                0x000000000000004c       0x1c /home/eduards/gnuarmemb/bin/../lib/gcc/arm-none-eabi/9.2.1/../../../../arm-none-eabi/lib/thumb/v7e-m/nofp/crt0.o
 .ARM.attributes
                0x0000000000000068       0x1c _build/nrf52810_xxaa/gcc_startup_nrf52810.S.o
 .ARM.attributes
                0x0000000000000084       0x2e _build/nrf52810_xxaa/nrf_log_backend_serial.c.o
 .ARM.attributes
                0x00000000000000b2       0x2e _build/nrf52810_xxaa/nrf_log_backend_uart.c.o
 .ARM.attributes
                0x00000000000000e0       0x2e _build/nrf52810_xxaa/nrf_log_default_backends.c.o
 .ARM.attributes
                0x000000000000010e       0x2e _build/nrf52810_xxaa/nrf_log_frontend.c.o
 .ARM.attributes
                0x000000000000013c       0x2e _build/nrf52810_xxaa/nrf_log_str_formatter.c.o
 .ARM.attributes
                0x000000000000016a       0x2e _build/nrf52810_xxaa/app_button.c.o
 .ARM.attributes
                0x0000000000000198       0x2e _build/nrf52810_xxaa/app_error.c.o
 .ARM.attributes
                0x00000000000001c6       0x2e _build/nrf52810_xxaa/app_error_weak.c.o
 .ARM.attributes
                0x00000000000001f4       0x2e _build/nrf52810_xxaa/app_timer.c.o
 .ARM.attributes
                0x0000000000000222       0x2e _build/nrf52810_xxaa/app_util_platform.c.o
 .ARM.attributes
                0x0000000000000250       0x2e _build/nrf52810_xxaa/nrf_atflags.c.o
 .ARM.attributes
                0x000000000000027e       0x2e _build/nrf52810_xxaa/nrf_atomic.c.o
 .ARM.attributes
                0x00000000000002ac       0x2e _build/nrf52810_xxaa/nrf_balloc.c.o
 .ARM.attributes
                0x00000000000002da       0x2e _build/nrf52810_xxaa/nrf_fprintf.c.o
 .ARM.attributes
                0x0000000000000308       0x2e _build/nrf52810_xxaa/nrf_fprintf_format.c.o
 .ARM.attributes
                0x0000000000000336       0x2e _build/nrf52810_xxaa/nrf_memobj.c.o
 .ARM.attributes
                0x0000000000000364       0x2e _build/nrf52810_xxaa/nrf_pwr_mgmt.c.o
 .ARM.attributes
                0x0000000000000392       0x2e _build/nrf52810_xxaa/nrf_section_iter.c.o
 .ARM.attributes
                0x00000000000003c0       0x2e _build/nrf52810_xxaa/nrf_strerror.c.o
 .ARM.attributes
                0x00000000000003ee       0x2e _build/nrf52810_xxaa/system_nrf52810.c.o
 .ARM.attributes
                0x000000000000041c       0x2e _build/nrf52810_xxaa/boards.c.o
 .ARM.attributes
                0x000000000000044a       0x2e _build/nrf52810_xxaa/nrf_drv_clock.c.o
 .ARM.attributes
                0x0000000000000478       0x2e _build/nrf52810_xxaa/nrf_drv_uart.c.o
 .ARM.attributes
                0x00000000000004a6       0x2e _build/nrf52810_xxaa/nrfx_clock.c.o
 .ARM.attributes
                0x00000000000004d4       0x2e _build/nrf52810_xxaa/nrfx_gpiote.c.o
 .ARM.attributes
                0x0000000000000502       0x2e _build/nrf52810_xxaa/nrfx_prs.c.o
 .ARM.attributes
                0x0000000000000530       0x2e _build/nrf52810_xxaa/nrfx_uarte.c.o
 .ARM.attributes
                0x000000000000055e       0x2e _build/nrf52810_xxaa/main.c.o
 .ARM.attributes
                0x000000000000058c       0x2e _build/nrf52810_xxaa/ble_advdata.c.o
 .ARM.attributes
                0x00000000000005ba       0x2e _build/nrf52810_xxaa/ble_conn_params.c.o
 .ARM.attributes
                0x00000000000005e8       0x2e _build/nrf52810_xxaa/ble_conn_state.c.o
 .ARM.attributes
                0x0000000000000616       0x2e _build/nrf52810_xxaa/ble_srv_common.c.o
 .ARM.attributes
                0x0000000000000644       0x2e _build/nrf52810_xxaa/nrf_ble_gatt.c.o
 .ARM.attributes
                0x0000000000000672       0x2e _build/nrf52810_xxaa/nrf_ble_qwr.c.o
 .ARM.attributes
                0x00000000000006a0       0x2e _build/nrf52810_xxaa/ble_lbs.c.o
 .ARM.attributes
                0x00000000000006ce       0x2e _build/nrf52810_xxaa/nrf_sdh.c.o
 .ARM.attributes
                0x00000000000006fc       0x2e _build/nrf52810_xxaa/nrf_sdh_ble.c.o
 .ARM.attributes
                0x000000000000072a       0x2e _build/nrf52810_xxaa/nrf_sdh_soc.c.o
 .ARM.attributes
                0x0000000000000758       0x2e /home/eduards/gnuarmemb/bin/../lib/gcc/arm-none-eabi/9.2.1/../../../../arm-none-eabi/lib/thumb/v7e-m/nofp/libc_nano.a(lib_a-ctype_.o)
 .ARM.attributes
                0x0000000000000786       0x2e /home/eduards/gnuarmemb/bin/../lib/gcc/arm-none-eabi/9.2.1/../../../../arm-none-eabi/lib/thumb/v7e-m/nofp/libc_nano.a(lib_a-exit.o)
 .ARM.attributes
                0x00000000000007b4       0x2e /home/eduards/gnuarmemb/bin/../lib/gcc/arm-none-eabi/9.2.1/../../../../arm-none-eabi/lib/thumb/v7e-m/nofp/libc_nano.a(lib_a-impure.o)
 .ARM.attributes
                0x00000000000007e2       0x2e /home/eduards/gnuarmemb/bin/../lib/gcc/arm-none-eabi/9.2.1/../../../../arm-none-eabi/lib/thumb/v7e-m/nofp/libc_nano.a(lib_a-init.o)
 .ARM.attributes
                0x0000000000000810       0x2e /home/eduards/gnuarmemb/bin/../lib/gcc/arm-none-eabi/9.2.1/../../../../arm-none-eabi/lib/thumb/v7e-m/nofp/libc_nano.a(lib_a-memcpy-stub.o)
 .ARM.attributes
                0x000000000000083e       0x2e /home/eduards/gnuarmemb/bin/../lib/gcc/arm-none-eabi/9.2.1/../../../../arm-none-eabi/lib/thumb/v7e-m/nofp/libc_nano.a(lib_a-memset.o)
 .ARM.attributes
                0x000000000000086c       0x17 /home/eduards/gnuarmemb/bin/../lib/gcc/arm-none-eabi/9.2.1/../../../../arm-none-eabi/lib/thumb/v7e-m/nofp/libc_nano.a(lib_a-strlen.o)
 .ARM.attributes
                0x0000000000000883       0x2e /home/eduards/gnuarmemb/bin/../lib/gcc/arm-none-eabi/9.2.1/../../../../arm-none-eabi/lib/thumb/v7e-m/nofp/libnosys.a(_exit.o)
 .ARM.attributes
                0x00000000000008b1       0x2e /home/eduards/gnuarmemb/bin/../lib/gcc/arm-none-eabi/9.2.1/thumb/v7e-m/nofp/crtend.o
 .ARM.attributes
                0x00000000000008df       0x1e /home/eduards/gnuarmemb/bin/../lib/gcc/arm-none-eabi/9.2.1/thumb/v7e-m/nofp/crtn.o

.comment        0x0000000000000000       0x79
 .comment       0x0000000000000000       0x79 _build/nrf52810_xxaa/nrf_log_backend_serial.c.o
                                         0x7a (size before relaxing)
 .comment       0x0000000000000079       0x7a _build/nrf52810_xxaa/nrf_log_backend_uart.c.o
 .comment       0x0000000000000079       0x7a _build/nrf52810_xxaa/nrf_log_default_backends.c.o
 .comment       0x0000000000000079       0x7a _build/nrf52810_xxaa/nrf_log_frontend.c.o
 .comment       0x0000000000000079       0x7a _build/nrf52810_xxaa/nrf_log_str_formatter.c.o
 .comment       0x0000000000000079       0x7a _build/nrf52810_xxaa/app_button.c.o
 .comment       0x0000000000000079       0x7a _build/nrf52810_xxaa/app_error.c.o
 .comment       0x0000000000000079       0x7a _build/nrf52810_xxaa/app_error_weak.c.o
 .comment       0x0000000000000079       0x7a _build/nrf52810_xxaa/app_timer.c.o
 .comment       0x0000000000000079       0x7a _build/nrf52810_xxaa/app_util_platform.c.o
 .comment       0x0000000000000079       0x7a _build/nrf52810_xxaa/nrf_atflags.c.o
 .comment       0x0000000000000079       0x7a _build/nrf52810_xxaa/nrf_atomic.c.o
 .comment       0x0000000000000079       0x7a _build/nrf52810_xxaa/nrf_balloc.c.o
 .comment       0x0000000000000079       0x7a _build/nrf52810_xxaa/nrf_fprintf.c.o
 .comment       0x0000000000000079       0x7a _build/nrf52810_xxaa/nrf_fprintf_format.c.o
 .comment       0x0000000000000079       0x7a _build/nrf52810_xxaa/nrf_memobj.c.o
 .comment       0x0000000000000079       0x7a _build/nrf52810_xxaa/nrf_pwr_mgmt.c.o
 .comment       0x0000000000000079       0x7a _build/nrf52810_xxaa/nrf_section_iter.c.o
 .comment       0x0000000000000079       0x7a _build/nrf52810_xxaa/nrf_strerror.c.o
 .comment       0x0000000000000079       0x7a _build/nrf52810_xxaa/system_nrf52810.c.o
 .comment       0x0000000000000079       0x7a _build/nrf52810_xxaa/boards.c.o
 .comment       0x0000000000000079       0x7a _build/nrf52810_xxaa/nrf_drv_clock.c.o
 .comment       0x0000000000000079       0x7a _build/nrf52810_xxaa/nrf_drv_uart.c.o
 .comment       0x0000000000000079       0x7a _build/nrf52810_xxaa/nrfx_clock.c.o
 .comment       0x0000000000000079       0x7a _build/nrf52810_xxaa/nrfx_gpiote.c.o
 .comment       0x0000000000000079       0x7a _build/nrf52810_xxaa/nrfx_prs.c.o
 .comment       0x0000000000000079       0x7a _build/nrf52810_xxaa/nrfx_uarte.c.o
 .comment       0x0000000000000079       0x7a _build/nrf52810_xxaa/main.c.o
 .comment       0x0000000000000079       0x7a _build/nrf52810_xxaa/ble_advdata.c.o
 .comment       0x0000000000000079       0x7a _build/nrf52810_xxaa/ble_conn_params.c.o
 .comment       0x0000000000000079       0x7a _build/nrf52810_xxaa/ble_conn_state.c.o
 .comment       0x0000000000000079       0x7a _build/nrf52810_xxaa/ble_srv_common.c.o
 .comment       0x0000000000000079       0x7a _build/nrf52810_xxaa/nrf_ble_gatt.c.o
 .comment       0x0000000000000079       0x7a _build/nrf52810_xxaa/nrf_ble_qwr.c.o
 .comment       0x0000000000000079       0x7a _build/nrf52810_xxaa/ble_lbs.c.o
 .comment       0x0000000000000079       0x7a _build/nrf52810_xxaa/nrf_sdh.c.o
 .comment       0x0000000000000079       0x7a _build/nrf52810_xxaa/nrf_sdh_ble.c.o
 .comment       0x0000000000000079       0x7a _build/nrf52810_xxaa/nrf_sdh_soc.c.o

.debug_line     0x0000000000000000    0x1a52d
 .debug_line    0x0000000000000000       0x89 _build/nrf52810_xxaa/gcc_startup_nrf52810.S.o
 .debug_line    0x0000000000000089      0x877 _build/nrf52810_xxaa/nrf_log_backend_serial.c.o
 .debug_line    0x0000000000000900      0xb1a _build/nrf52810_xxaa/nrf_log_backend_uart.c.o
 .debug_line    0x000000000000141a      0x771 _build/nrf52810_xxaa/nrf_log_default_backends.c.o
 .debug_line    0x0000000000001b8b     0x1502 _build/nrf52810_xxaa/nrf_log_frontend.c.o
 .debug_line    0x000000000000308d      0x971 _build/nrf52810_xxaa/nrf_log_str_formatter.c.o
 .debug_line    0x00000000000039fe      0xb05 _build/nrf52810_xxaa/app_button.c.o
 .debug_line    0x0000000000004503      0x52a _build/nrf52810_xxaa/app_error.c.o
 .debug_line    0x0000000000004a2d      0x877 _build/nrf52810_xxaa/app_error_weak.c.o
 .debug_line    0x00000000000052a4     0x1355 _build/nrf52810_xxaa/app_timer.c.o
 .debug_line    0x00000000000065f9      0x766 _build/nrf52810_xxaa/app_util_platform.c.o
 .debug_line    0x0000000000006d5f      0x78d _build/nrf52810_xxaa/nrf_atflags.c.o
 .debug_line    0x00000000000074ec      0x7d0 _build/nrf52810_xxaa/nrf_atomic.c.o
 .debug_line    0x0000000000007cbc      0x878 _build/nrf52810_xxaa/nrf_balloc.c.o
 .debug_line    0x0000000000008534      0x50e _build/nrf52810_xxaa/nrf_fprintf.c.o
 .debug_line    0x0000000000008a42      0x93f _build/nrf52810_xxaa/nrf_fprintf_format.c.o
 .debug_line    0x0000000000009381      0x9d7 _build/nrf52810_xxaa/nrf_memobj.c.o
 .debug_line    0x0000000000009d58      0xdb8 _build/nrf52810_xxaa/nrf_pwr_mgmt.c.o
 .debug_line    0x000000000000ab10      0x528 _build/nrf52810_xxaa/nrf_section_iter.c.o
 .debug_line    0x000000000000b038      0x502 _build/nrf52810_xxaa/nrf_strerror.c.o
 .debug_line    0x000000000000b53a      0x6b7 _build/nrf52810_xxaa/system_nrf52810.c.o
 .debug_line    0x000000000000bbf1      0xa7d _build/nrf52810_xxaa/boards.c.o
 .debug_line    0x000000000000c66e      0xf33 _build/nrf52810_xxaa/nrf_drv_clock.c.o
 .debug_line    0x000000000000d5a1      0x784 _build/nrf52810_xxaa/nrf_drv_uart.c.o
 .debug_line    0x000000000000dd25      0xdb7 _build/nrf52810_xxaa/nrfx_clock.c.o
 .debug_line    0x000000000000eadc     0x1d3e _build/nrf52810_xxaa/nrfx_gpiote.c.o
 .debug_line    0x000000000001081a      0x88a _build/nrf52810_xxaa/nrfx_prs.c.o
 .debug_line    0x00000000000110a4     0x171c _build/nrf52810_xxaa/nrfx_uarte.c.o
 .debug_line    0x00000000000127c0     0x12f3 _build/nrf52810_xxaa/main.c.o
 .debug_line    0x0000000000013ab3     0x103d _build/nrf52810_xxaa/ble_advdata.c.o
 .debug_line    0x0000000000014af0      0xbf8 _build/nrf52810_xxaa/ble_conn_params.c.o
 .debug_line    0x00000000000156e8      0xd14 _build/nrf52810_xxaa/ble_conn_state.c.o
 .debug_line    0x00000000000163fc      0x827 _build/nrf52810_xxaa/ble_srv_common.c.o
 .debug_line    0x0000000000016c23      0x9e3 _build/nrf52810_xxaa/nrf_ble_gatt.c.o
 .debug_line    0x0000000000017606      0x7b2 _build/nrf52810_xxaa/nrf_ble_qwr.c.o
 .debug_line    0x0000000000017db8      0x8bd _build/nrf52810_xxaa/ble_lbs.c.o
 .debug_line    0x0000000000018675      0xc98 _build/nrf52810_xxaa/nrf_sdh.c.o
 .debug_line    0x000000000001930d      0xabe _build/nrf52810_xxaa/nrf_sdh_ble.c.o
 .debug_line    0x0000000000019dcb      0x762 _build/nrf52810_xxaa/nrf_sdh_soc.c.o

.debug_info     0x0000000000000000    0x3fbf4
 .debug_info    0x0000000000000000       0x26 _build/nrf52810_xxaa/gcc_startup_nrf52810.S.o
 .debug_info    0x0000000000000026     0x115d _build/nrf52810_xxaa/nrf_log_backend_serial.c.o
 .debug_info    0x0000000000001183     0x1721 _build/nrf52810_xxaa/nrf_log_backend_uart.c.o
 .debug_info    0x00000000000028a4      0xc5a _build/nrf52810_xxaa/nrf_log_default_backends.c.o
 .debug_info    0x00000000000034fe     0x2db4 _build/nrf52810_xxaa/nrf_log_frontend.c.o
 .debug_info    0x00000000000062b2     0x1188 _build/nrf52810_xxaa/nrf_log_str_formatter.c.o
 .debug_info    0x000000000000743a     0x1060 _build/nrf52810_xxaa/app_button.c.o
 .debug_info    0x000000000000849a      0xbac _build/nrf52810_xxaa/app_error.c.o
 .debug_info    0x0000000000009046      0xdde _build/nrf52810_xxaa/app_error_weak.c.o
 .debug_info    0x0000000000009e24     0x2583 _build/nrf52810_xxaa/app_timer.c.o
 .debug_info    0x000000000000c3a7     0x12b7 _build/nrf52810_xxaa/app_util_platform.c.o
 .debug_info    0x000000000000d65e      0xeb8 _build/nrf52810_xxaa/nrf_atflags.c.o
 .debug_info    0x000000000000e516     0x1240 _build/nrf52810_xxaa/nrf_atomic.c.o
 .debug_info    0x000000000000f756      0xdaf _build/nrf52810_xxaa/nrf_balloc.c.o
 .debug_info    0x0000000000010505      0xb51 _build/nrf52810_xxaa/nrf_fprintf.c.o
 .debug_info    0x0000000000011056     0x1010 _build/nrf52810_xxaa/nrf_fprintf_format.c.o
 .debug_info    0x0000000000012066     0x12cf _build/nrf52810_xxaa/nrf_memobj.c.o
 .debug_info    0x0000000000013335     0x1826 _build/nrf52810_xxaa/nrf_pwr_mgmt.c.o
 .debug_info    0x0000000000014b5b      0xac1 _build/nrf52810_xxaa/nrf_section_iter.c.o
 .debug_info    0x000000000001561c      0xafa _build/nrf52810_xxaa/nrf_strerror.c.o
 .debug_info    0x0000000000016116     0x11bf _build/nrf52810_xxaa/system_nrf52810.c.o
 .debug_info    0x00000000000172d5     0x1662 _build/nrf52810_xxaa/boards.c.o
 .debug_info    0x0000000000018937     0x1da1 _build/nrf52810_xxaa/nrf_drv_clock.c.o
 .debug_info    0x000000000001a6d8     0x1477 _build/nrf52810_xxaa/nrf_drv_uart.c.o
 .debug_info    0x000000000001bb4f     0x1b48 _build/nrf52810_xxaa/nrfx_clock.c.o
 .debug_info    0x000000000001d697     0x3bee _build/nrf52810_xxaa/nrfx_gpiote.c.o
 .debug_info    0x0000000000021285      0xc53 _build/nrf52810_xxaa/nrfx_prs.c.o
 .debug_info    0x0000000000021ed8     0x39ca _build/nrf52810_xxaa/nrfx_uarte.c.o
 .debug_info    0x00000000000258a2     0x40bc _build/nrf52810_xxaa/main.c.o
 .debug_info    0x000000000002995e     0x23cd _build/nrf52810_xxaa/ble_advdata.c.o
 .debug_info    0x000000000002bd2b     0x2cd9 _build/nrf52810_xxaa/ble_conn_params.c.o
 .debug_info    0x000000000002ea04     0x2ca1 _build/nrf52810_xxaa/ble_conn_state.c.o
 .debug_info    0x00000000000316a5     0x164d _build/nrf52810_xxaa/ble_srv_common.c.o
 .debug_info    0x0000000000032cf2     0x281a _build/nrf52810_xxaa/nrf_ble_gatt.c.o
 .debug_info    0x000000000003550c     0x248c _build/nrf52810_xxaa/nrf_ble_qwr.c.o
 .debug_info    0x0000000000037998     0x28fc _build/nrf52810_xxaa/ble_lbs.c.o
 .debug_info    0x000000000003a294     0x1c7a _build/nrf52810_xxaa/nrf_sdh.c.o
 .debug_info    0x000000000003bf0e     0x2e0a _build/nrf52810_xxaa/nrf_sdh_ble.c.o
 .debug_info    0x000000000003ed18      0xedc _build/nrf52810_xxaa/nrf_sdh_soc.c.o

.debug_abbrev   0x0000000000000000     0x9721
 .debug_abbrev  0x0000000000000000       0x14 _build/nrf52810_xxaa/gcc_startup_nrf52810.S.o
 .debug_abbrev  0x0000000000000014      0x2cc _build/nrf52810_xxaa/nrf_log_backend_serial.c.o
 .debug_abbrev  0x00000000000002e0      0x3c0 _build/nrf52810_xxaa/nrf_log_backend_uart.c.o
 .debug_abbrev  0x00000000000006a0      0x294 _build/nrf52810_xxaa/nrf_log_default_backends.c.o
 .debug_abbrev  0x0000000000000934      0x664 _build/nrf52810_xxaa/nrf_log_frontend.c.o
 .debug_abbrev  0x0000000000000f98      0x33a _build/nrf52810_xxaa/nrf_log_str_formatter.c.o
 .debug_abbrev  0x00000000000012d2      0x32b _build/nrf52810_xxaa/app_button.c.o
 .debug_abbrev  0x00000000000015fd      0x276 _build/nrf52810_xxaa/app_error.c.o
 .debug_abbrev  0x0000000000001873      0x2e9 _build/nrf52810_xxaa/app_error_weak.c.o
 .debug_abbrev  0x0000000000001b5c      0x5c4 _build/nrf52810_xxaa/app_timer.c.o
 .debug_abbrev  0x0000000000002120      0x3f9 _build/nrf52810_xxaa/app_util_platform.c.o
 .debug_abbrev  0x0000000000002519      0x34b _build/nrf52810_xxaa/nrf_atflags.c.o
 .debug_abbrev  0x0000000000002864      0x309 _build/nrf52810_xxaa/nrf_atomic.c.o
 .debug_abbrev  0x0000000000002b6d      0x34f _build/nrf52810_xxaa/nrf_balloc.c.o
 .debug_abbrev  0x0000000000002ebc      0x27d _build/nrf52810_xxaa/nrf_fprintf.c.o
 .debug_abbrev  0x0000000000003139      0x3c3 _build/nrf52810_xxaa/nrf_fprintf_format.c.o
 .debug_abbrev  0x00000000000034fc      0x324 _build/nrf52810_xxaa/nrf_memobj.c.o
 .debug_abbrev  0x0000000000003820      0x4b5 _build/nrf52810_xxaa/nrf_pwr_mgmt.c.o
 .debug_abbrev  0x0000000000003cd5      0x206 _build/nrf52810_xxaa/nrf_section_iter.c.o
 .debug_abbrev  0x0000000000003edb      0x250 _build/nrf52810_xxaa/nrf_strerror.c.o
 .debug_abbrev  0x000000000000412b      0x24a _build/nrf52810_xxaa/system_nrf52810.c.o
 .debug_abbrev  0x0000000000004375      0x429 _build/nrf52810_xxaa/boards.c.o
 .debug_abbrev  0x000000000000479e      0x5f9 _build/nrf52810_xxaa/nrf_drv_clock.c.o
 .debug_abbrev  0x0000000000004d97      0x2a8 _build/nrf52810_xxaa/nrf_drv_uart.c.o
 .debug_abbrev  0x000000000000503f      0x532 _build/nrf52810_xxaa/nrfx_clock.c.o
 .debug_abbrev  0x0000000000005571      0x68c _build/nrf52810_xxaa/nrfx_gpiote.c.o
 .debug_abbrev  0x0000000000005bfd      0x2b3 _build/nrf52810_xxaa/nrfx_prs.c.o
 .debug_abbrev  0x0000000000005eb0      0x5be _build/nrf52810_xxaa/nrfx_uarte.c.o
 .debug_abbrev  0x000000000000646e      0x4f7 _build/nrf52810_xxaa/main.c.o
 .debug_abbrev  0x0000000000006965      0x4dd _build/nrf52810_xxaa/ble_advdata.c.o
 .debug_abbrev  0x0000000000006e42      0x5db _build/nrf52810_xxaa/ble_conn_params.c.o
 .debug_abbrev  0x000000000000741d      0x57d _build/nrf52810_xxaa/ble_conn_state.c.o
 .debug_abbrev  0x000000000000799a      0x3a0 _build/nrf52810_xxaa/ble_srv_common.c.o
 .debug_abbrev  0x0000000000007d3a      0x476 _build/nrf52810_xxaa/nrf_ble_gatt.c.o
 .debug_abbrev  0x00000000000081b0      0x40f _build/nrf52810_xxaa/nrf_ble_qwr.c.o
 .debug_abbrev  0x00000000000085bf      0x3ef _build/nrf52810_xxaa/ble_lbs.c.o
 .debug_abbrev  0x00000000000089ae      0x5d8 _build/nrf52810_xxaa/nrf_sdh.c.o
 .debug_abbrev  0x0000000000008f86      0x497 _build/nrf52810_xxaa/nrf_sdh_ble.c.o
 .debug_abbrev  0x000000000000941d      0x304 _build/nrf52810_xxaa/nrf_sdh_soc.c.o

.debug_aranges  0x0000000000000000      0xdf8
 .debug_aranges
                0x0000000000000000       0x20 _build/nrf52810_xxaa/gcc_startup_nrf52810.S.o
 .debug_aranges
                0x0000000000000020       0x20 _build/nrf52810_xxaa/nrf_log_backend_serial.c.o
 .debug_aranges
                0x0000000000000040       0x50 _build/nrf52810_xxaa/nrf_log_backend_uart.c.o
 .debug_aranges
                0x0000000000000090       0x20 _build/nrf52810_xxaa/nrf_log_default_backends.c.o
 .debug_aranges
                0x00000000000000b0       0xd0 _build/nrf52810_xxaa/nrf_log_frontend.c.o
 .debug_aranges
                0x0000000000000180       0x40 _build/nrf52810_xxaa/nrf_log_str_formatter.c.o
 .debug_aranges
                0x00000000000001c0       0x48 _build/nrf52810_xxaa/app_button.c.o
 .debug_aranges
                0x0000000000000208       0x28 _build/nrf52810_xxaa/app_error.c.o
 .debug_aranges
                0x0000000000000230       0x20 _build/nrf52810_xxaa/app_error_weak.c.o
 .debug_aranges
                0x0000000000000250       0x90 _build/nrf52810_xxaa/app_timer.c.o
 .debug_aranges
                0x00000000000002e0       0x48 _build/nrf52810_xxaa/app_util_platform.c.o
 .debug_aranges
                0x0000000000000328       0x58 _build/nrf52810_xxaa/nrf_atflags.c.o
 .debug_aranges
                0x0000000000000380       0xb0 _build/nrf52810_xxaa/nrf_atomic.c.o
 .debug_aranges
                0x0000000000000430       0x30 _build/nrf52810_xxaa/nrf_balloc.c.o
 .debug_aranges
                0x0000000000000460       0x28 _build/nrf52810_xxaa/nrf_fprintf.c.o
 .debug_aranges
                0x0000000000000488       0x30 _build/nrf52810_xxaa/nrf_fprintf_format.c.o
 .debug_aranges
                0x00000000000004b8       0x50 _build/nrf52810_xxaa/nrf_memobj.c.o
 .debug_aranges
                0x0000000000000508       0x48 _build/nrf52810_xxaa/nrf_pwr_mgmt.c.o
 .debug_aranges
                0x0000000000000550       0x28 _build/nrf52810_xxaa/nrf_section_iter.c.o
 .debug_aranges
                0x0000000000000578       0x28 _build/nrf52810_xxaa/nrf_strerror.c.o
 .debug_aranges
                0x00000000000005a0       0x38 _build/nrf52810_xxaa/system_nrf52810.c.o
 .debug_aranges
                0x00000000000005d8       0x78 _build/nrf52810_xxaa/boards.c.o
 .debug_aranges
                0x0000000000000650       0xb0 _build/nrf52810_xxaa/nrf_drv_clock.c.o
 .debug_aranges
                0x0000000000000700       0x28 _build/nrf52810_xxaa/nrf_drv_uart.c.o
 .debug_aranges
                0x0000000000000728       0x80 _build/nrf52810_xxaa/nrfx_clock.c.o
 .debug_aranges
                0x00000000000007a8       0xf8 _build/nrf52810_xxaa/nrfx_gpiote.c.o
 .debug_aranges
                0x00000000000008a0       0x28 _build/nrf52810_xxaa/nrfx_prs.c.o
 .debug_aranges
                0x00000000000008c8       0x78 _build/nrf52810_xxaa/nrfx_uarte.c.o
 .debug_aranges
                0x0000000000000940       0x98 _build/nrf52810_xxaa/main.c.o
 .debug_aranges
                0x00000000000009d8       0x80 _build/nrf52810_xxaa/ble_advdata.c.o
 .debug_aranges
                0x0000000000000a58       0x80 _build/nrf52810_xxaa/ble_conn_params.c.o
 .debug_aranges
                0x0000000000000ad8       0xd0 _build/nrf52810_xxaa/ble_conn_state.c.o
 .debug_aranges
                0x0000000000000ba8       0x60 _build/nrf52810_xxaa/ble_srv_common.c.o
 .debug_aranges
                0x0000000000000c08       0x50 _build/nrf52810_xxaa/nrf_ble_gatt.c.o
 .debug_aranges
                0x0000000000000c58       0x48 _build/nrf52810_xxaa/nrf_ble_qwr.c.o
 .debug_aranges
                0x0000000000000ca0       0x50 _build/nrf52810_xxaa/ble_lbs.c.o
 .debug_aranges
                0x0000000000000cf0       0x90 _build/nrf52810_xxaa/nrf_sdh.c.o
 .debug_aranges
                0x0000000000000d80       0x50 _build/nrf52810_xxaa/nrf_sdh_ble.c.o
 .debug_aranges
                0x0000000000000dd0       0x28 _build/nrf52810_xxaa/nrf_sdh_soc.c.o

.debug_str      0x0000000000000000    0x74ea2
 .debug_str     0x0000000000000000       0xab _build/nrf52810_xxaa/gcc_startup_nrf52810.S.o
 .debug_str     0x00000000000000ab    0x56f84 _build/nrf52810_xxaa/nrf_log_backend_serial.c.o
                                      0x58297 (size before relaxing)
 .debug_str     0x000000000005702f     0x7645 _build/nrf52810_xxaa/nrf_log_backend_uart.c.o
                                      0x5f575 (size before relaxing)
 .debug_str     0x000000000005e674      0x131 _build/nrf52810_xxaa/nrf_log_default_backends.c.o
                                      0x5802f (size before relaxing)
 .debug_str     0x000000000005e7a5     0x1377 _build/nrf52810_xxaa/nrf_log_frontend.c.o
                                      0x594eb (size before relaxing)
 .debug_str     0x000000000005fb1c      0x69e _build/nrf52810_xxaa/nrf_log_str_formatter.c.o
                                      0x586f5 (size before relaxing)
 .debug_str     0x00000000000601ba     0x163f _build/nrf52810_xxaa/app_button.c.o
                                      0x5c75f (size before relaxing)
 .debug_str     0x00000000000617f9       0xf4 _build/nrf52810_xxaa/app_error.c.o
                                      0x48bea (size before relaxing)
 .debug_str     0x00000000000618ed      0xa20 _build/nrf52810_xxaa/app_error_weak.c.o
                                      0x58fa3 (size before relaxing)
 .debug_str     0x000000000006230d      0xaf3 _build/nrf52810_xxaa/app_timer.c.o
                                      0x5c05c (size before relaxing)
 .debug_str     0x0000000000062e00      0x24e _build/nrf52810_xxaa/app_util_platform.c.o
                                      0x49cc5 (size before relaxing)
 .debug_str     0x000000000006304e      0x3c4 _build/nrf52810_xxaa/nrf_atflags.c.o
                                      0x53972 (size before relaxing)
 .debug_str     0x0000000000063412      0x65b _build/nrf52810_xxaa/nrf_atomic.c.o
                                      0x53ccd (size before relaxing)
 .debug_str     0x0000000000063a6d      0x164 _build/nrf52810_xxaa/nrf_balloc.c.o
                                      0x5835f (size before relaxing)
 .debug_str     0x0000000000063bd1      0x144 _build/nrf52810_xxaa/nrf_fprintf.c.o
                                      0x53926 (size before relaxing)
 .debug_str     0x0000000000063d15      0x11d _build/nrf52810_xxaa/nrf_fprintf_format.c.o
                                      0x53a1b (size before relaxing)
 .debug_str     0x0000000000063e32      0x1a3 _build/nrf52810_xxaa/nrf_memobj.c.o
                                      0x56753 (size before relaxing)
 .debug_str     0x0000000000063fd5     0x165a _build/nrf52810_xxaa/nrf_pwr_mgmt.c.o
                                      0x600c3 (size before relaxing)
 .debug_str     0x000000000006562f       0x54 _build/nrf52810_xxaa/nrf_section_iter.c.o
                                      0x53af5 (size before relaxing)
 .debug_str     0x0000000000065683       0xed _build/nrf52810_xxaa/nrf_strerror.c.o
                                      0x53692 (size before relaxing)
 .debug_str     0x0000000000065770      0x3a2 _build/nrf52810_xxaa/system_nrf52810.c.o
                                      0x446de (size before relaxing)
 .debug_str     0x0000000000065b12     0x130e _build/nrf52810_xxaa/boards.c.o
                                      0x5bf98 (size before relaxing)
 .debug_str     0x0000000000066e20      0xe49 _build/nrf52810_xxaa/nrf_drv_clock.c.o
                                      0x5f405 (size before relaxing)
 .debug_str     0x0000000000067c69      0x15b _build/nrf52810_xxaa/nrf_drv_uart.c.o
                                      0x5bf58 (size before relaxing)
 .debug_str     0x0000000000067dc4      0x74a _build/nrf52810_xxaa/nrfx_clock.c.o
                                      0x5e830 (size before relaxing)
 .debug_str     0x000000000006850e      0xd36 _build/nrf52810_xxaa/nrfx_gpiote.c.o
                                      0x5fb54 (size before relaxing)
 .debug_str     0x0000000000069244      0x2ce _build/nrf52810_xxaa/nrfx_prs.c.o
                                      0x5de26 (size before relaxing)
 .debug_str     0x0000000000069512      0x9c3 _build/nrf52810_xxaa/nrfx_uarte.c.o
                                      0x5f560 (size before relaxing)
 .debug_str     0x0000000000069ed5     0x8726 _build/nrf52810_xxaa/main.c.o
                                      0x68da7 (size before relaxing)
 .debug_str     0x00000000000725fb      0x556 _build/nrf52810_xxaa/ble_advdata.c.o
                                      0x59f8e (size before relaxing)
 .debug_str     0x0000000000072b51      0x37a _build/nrf52810_xxaa/ble_conn_params.c.o
                                      0x5bec4 (size before relaxing)
 .debug_str     0x0000000000072ecb      0x82f _build/nrf52810_xxaa/ble_conn_state.c.o
                                      0x5b4a9 (size before relaxing)
 .debug_str     0x00000000000736fa      0x47c _build/nrf52810_xxaa/ble_srv_common.c.o
                                      0x5319b (size before relaxing)
 .debug_str     0x0000000000073b76      0x389 _build/nrf52810_xxaa/nrf_ble_gatt.c.o
                                      0x5be4a (size before relaxing)
 .debug_str     0x0000000000073eff      0x21a _build/nrf52810_xxaa/nrf_ble_qwr.c.o
                                      0x5a708 (size before relaxing)
 .debug_str     0x0000000000074119      0x112 _build/nrf52810_xxaa/ble_lbs.c.o
                                      0x5ad70 (size before relaxing)
 .debug_str     0x000000000007422b      0x52a _build/nrf52810_xxaa/nrf_sdh.c.o
                                      0x58dfe (size before relaxing)
 .debug_str     0x0000000000074755      0x5c9 _build/nrf52810_xxaa/nrf_sdh_ble.c.o
                                      0x5cf1c (size before relaxing)
 .debug_str     0x0000000000074d1e      0x184 _build/nrf52810_xxaa/nrf_sdh_soc.c.o
                                      0x57e5a (size before relaxing)

.debug_loc      0x0000000000000000     0xdc43
 .debug_loc     0x0000000000000000      0x186 _build/nrf52810_xxaa/nrf_log_backend_serial.c.o
 .debug_loc     0x0000000000000186      0x21d _build/nrf52810_xxaa/nrf_log_backend_uart.c.o
 .debug_loc     0x00000000000003a3       0x17 _build/nrf52810_xxaa/nrf_log_default_backends.c.o
 .debug_loc     0x00000000000003ba     0x1a09 _build/nrf52810_xxaa/nrf_log_frontend.c.o
 .debug_loc     0x0000000000001dc3      0x3bd _build/nrf52810_xxaa/nrf_log_str_formatter.c.o
 .debug_loc     0x0000000000002180      0x406 _build/nrf52810_xxaa/app_button.c.o
 .debug_loc     0x0000000000002586       0xcd _build/nrf52810_xxaa/app_error.c.o
 .debug_loc     0x0000000000002653       0x6f _build/nrf52810_xxaa/app_error_weak.c.o
 .debug_loc     0x00000000000026c2      0xcf3 _build/nrf52810_xxaa/app_timer.c.o
 .debug_loc     0x00000000000033b5      0x18f _build/nrf52810_xxaa/app_util_platform.c.o
 .debug_loc     0x0000000000003544      0x442 _build/nrf52810_xxaa/nrf_atflags.c.o
 .debug_loc     0x0000000000003986      0x45f _build/nrf52810_xxaa/nrf_atomic.c.o
 .debug_loc     0x0000000000003de5      0x1a6 _build/nrf52810_xxaa/nrf_balloc.c.o